0 SYSTEM
1 RMS
2 DEBUG
3 CLI
4 JBC
5 OPCOM
6 RSX
7 F11B
8 ERF
9 TRACE
10 PRV
11 CHK
12 JNL
13 CERB
14 RFSAMPLE
15 RUF
16 RMSREC
17 CDU
18 SMG
19 LOADER
20 BLISS
21 LIB
22 MTH
23 OTS
24 FOR
25 COB
26 BAS
27 B32
28 SORT
29 C74
30 PLI
31 SNO
32 XPO
33 PAS
34 COR
35 APL
36 STR
37 MAT
38 LBR
39 HIX
40 DBM
41 FDV
42 DBL
43 CDD
44 SCR
45 TSS
46 SSC
47 IND
48 AUDSRV
49 ADA
50 PEA
51 MSS
52 XST
53 C
54 SHUTDOWN
55 PERFTEST
56 CRX
57 PROCDUMP
58 STARTUP
59 ANLRMS
60 AUDIT
61 MCR
62 PPADIAG
63 ATM
64 CMA
65 IP
66 IP
67 PVCS
68 MAKE
69 X25ACC
70 A1MAIL
71 X400MAN
72 GDSS
73 CSMS
74 DS25
75 OPSENV
76 FOM
77 IMGACT
78 FSMIS
79 MGMT
80 MCS
81 ISDN
82 STRIPE
83 TPR
84 PAMS
85 CADU
86 TAG
87 JUIS
89 FLM
90 UIL
91 SMARTAB
92 CDDT
93 GEREB
94 IESD
95 DECCP
96 TALK
97 IVIS
98 MAPCL
99 DTMA
100 LINK
101 CREF
102 DSUP
103 COPY
104 BTRAN
105 SYSMSG
106 FORT
107 COB74
108 DIFF
109 PATCH
110 PAX
111 BLS32
112 BLS16
113 APPEND
114 MOUNT
115 DISM
116 UETP
117 INIT
118 HELP
119 SET
120 SHOW
121 DIRECT
122 AUTHOR
123 INSTALL
124 SYSGEN
125 MACRO
126 MAIL
127 DSM
128 PASCAL
129 CORAL
130 COBOL
131 INSPECT
132 SUM
133 EDT
134 LIBRAR
135 PLIG
136 DECMAIL
137 BASIC
138 DIBOL
139 FED
140 FUT
141 DTR
142 WPS
143 COB74T
144 RENAME
145 CREATE
146 UNLOCK
147 DELETE
148 PURGE
149 TYPE
150 RUNOFF
151 MESSAGE
152 DBO
153 DBQ
154 DDL
155 SIFU
156 CMS
157 TEST
158 DX
159 ACC
160 INDENT
161 DMU
162 CDDV
163 BACKUP
164 SPL
165 VERIFY
166 PHONE
167 DYNET
168 DYMGR
169 DYNCP
170 DYUETP
171 DYT01
172 USIP
173 WSC
174 HIT
175 VIDAO
176 SMU
177 ANALYZE
178 CONV
179 EDF
180 FDL
181 DBR
182 MON
183 RDU
184 DECISION
185 CC
186 SDL
187 CHAS
188 XUT
189 PAD
190 DOC
191 PRINT
192 RUN
193 SUBMIT
194 CKSM
195 TCNTRL
196 PEARL
197 FDML
198 CDDL
199 IM
200 REGR
201 DSRINDEX
202 DSRTOC
203 DECOR
204 MTS
205 DUMP
206 MONITOR
207 SOLOWGS
208 TEX
209 CAS
210 DAL
211 LOGIN
212 GRAPH
213 FORMS
214 RECOVER
215 SEARCH
216 UCS
217 SECPACK
218 SCHED
219 GRA
220 DBLUTL
221 RDMS
222 RDO
223 THD
224 FDU
225 CMU
226 SWL
227 SWLUP
228 DSRPLUS
229 INDEX
230 CONTENTS
231 TABLE
232 DIX
233 DIT
234 DIU
235 DID
236 TCBB
237 DIL
238 MMS
239 MP
240 DBJ
241 ONS
242 FMS
243 TDL
244 SDA
245 VMI
246 DCX
247 DECHEALTH
248 EXCHANGE
249 RPG
250 BAD
251 QUEMAN
252 ACMS
253 ACMS
254 ACMS
255 TEC
256 VSTA
257 RTE
258 COVER
259 IXP
260 ATOZMENU
261 INPSMB
262 PSM
263 CALC
264 OFS
265 NTR
266 NTQ
267 VCG
268 VCG
269 ATOZWP
270 MICRO2
271 KOA
272 SMB
273 LOLA
274 ELF
275 DDA
276 XSITE
277 ACLEDIT
278 TDMS
279 CGMDDIF
280 MEMUSE
281 SPM
282 ENCRYPT
283 GKS
284 GCREF
285 TIME
286 UTIL
287 UA1
288 TCFB
289 NICONFIG
290 SMAIL
291 SAL
292 LIMSSM
293 SLIDE
294 DDAL
295 DPE
296 F77
297 F77DBG
298 ENB
299 PROM
300 LNGSPL
301 LISP
302 LNGSCR
303 WPSPLUS
304 BC
305 SCAN
306 SCN
307 VOICE
308 EDCS
309 MRGATE
310 DMAIL
311 RDBBUTL
312 RDB
313 PLXY
314 VTX
315 RTE
316 BTS
317 CONF
318 CXP
319 PROKIT
320 SHELL
321 PROCOM
322 PROPAS
323 OPSCOMP
324 OPSRT
325 DDS
326 DNC
327 MIOS
328 ADF
329 PROF77
330 FF1
331 OAS
332 SIRIUS
333 NDS
334 BBLIB
335 FFE
336 FFU
337 FEPCM
338 TCFC
339 ELN
340 MCRPWR
341 PRDUCR
342 PRDINT
343 PRDPRE
344 PRDLNK
345 PRDDRW
346 QIOSIM
347 PPACON
348 PPAHPM
349 PPASPM
350 PPALIB
351 PROBP2
352 VAXSIM
353 DICES
354 S2
355 SYSMIC
356 SEER
357 TRIX
358 PCA
359 TCFA
360 FAU
361 RDBA
362 RDBB
363 SNADDXF
364 SNADOC
365 SNADHCF
366 SNAPRE
367 CIMI
368 PSE
369 LSEDIT
370 SCA
371 MWATCH
372 PM
373 GRAPES
374 LAT
375 VLS
376 FAX
377 BSL
378 PDS
379 SFG
380 PDFACC
381 EDEDIS
382 GRAPHER
383 DQS
384 DECSIM
385 METALS
386 NM
387 HIK
388 CEM
390 VAS
391 ELK
392 PSV
393 JSY
394 SNANCP
395 SNAEVL
396 JCOBOL
397 JCO
398 JLP
399 ENET
400 EDEWNG
401 BASEVIEW
402 GEN
403 SVS
404 VPA
405 OSIS
406 OSIP
407 FCS
408 MRX
409 OSIT
410 RDEBUG
411 LIMSCS
412 UIS
413 UISBG
414 VPS
415 DRWLIB
416 SCM
417 SEAS
418 TCFD
419 DTK
420 DRB32
421 VS5XX_DMA
422 ATOZBG
423 RALLY
424 DCF
425 PFM
426 TCBA
427 VAXGKS
428 MEG
429 MCL
430 MVIEW
431 NETTRACE
432 ACB
433 CFM
434 A1RDD
435 DDIS
436 CDA
437 MFS
438 SNADWTE
439 SNADS
440 LSP
441 LIO
442 LGP
443 JBL
444 RSM
445 LCPSW
446 DFM
447 VCP
448 VSC
449 LDM
450 MASKIMG
451 PLOT
452 RSG
453 CSI
454 MAP
455 MCSA
456 FTAM
457 CASE
458 MNMA
459 MAPCP
460 MMFS
461 VAXPOST
462 LIS23
463 UWTOOL
464 UWX25
465 HCUIS
466 MRS
467 KMV
468 IV
469 AMR
470 ATE
471 ATEDS
472 ATETUP
473 ATETCP
474 ATEDRP
475 GEM
476 ANA
477 DFS
478 DNS
479 RPC$
480 MG
481 PPL
482 SSU
483 RDI
484 RSV
485 PDL
486 TFF
487 NUP
488 CBU
489 PCFS
490 DMGR
491 IIF
492 IMG
493 ICU
494 EMACS
495 DTM
496 SP2
497 BOOKREADR
498 LAA
499 ATOZAG
500 REPORT
501 NET
502 DAP
503 FAL
504 NCP
505 NML
506 DLE
507 RJE
508 HLD
509 PSI
510 REM
511 V3271E
512 EVL
513 XK
514 LES
515 SNA
516 SNATRACE
517 SNARJE
518 SNATERM
519 MOM
520 CSV
521 XBM
522 MUX
523 DCTK
524 CXDRVR
525 VSE
526 VSESYS
527 DML
528 SNASYS
529 TSD
530 TST
531 SNALU62
532 BS
533 XP
534 UK
535 YO
536 TSU
537 DASL
538 ADAC
539 ACS
540 TTX
541 ACE
542 NMCC
543 KPL
544 DOCS
545 ROU
546 SQL
547 FSE
548 EVE
549 TPUPLUS
550 DVC
551 MB
552 HP4971
553 PLUS
554 JCA
555 DSW
556 YH
557 YM
558 VAXTEL
559 RDML
560 CHARON
561 NCS
562 OSIA
563 FOCUS
564 MNSS
565 CAF
566 CSL
567 ATH
568 PCLINK
569 LJK
570 SNADTF
571 MERCURY
572 UPT
573 KDC
574 REF
575 IUI
576 GSV
577 IDC
578 IDM
579 ITL
580 LMS
581 PPP
582 IMH
583 SGR
584 PACER
585 SAILS
586 MRA
587 ASTRO
588 RTFILE
589 LTM
590 REFTBL
592 REFDSPS
593 REFZIP
594 REFDISC
595 REFPRICE
596 REFTAX
597 MAI1
598 METNT
599 RETOS
600 VRTA
601 SCP
602 SCU
603 SDM
604 SED
605 SHJ
606 SIO
607 SCB
608 PAGE
609 KMVBSC
610 IEX
611 JNET
612 ROUTE
613 JCP
614 SENDFILE
615 RECEIVE
616 SEND
617 QUE
618 BINS
619 JTRACE
620 JMONITOR
621 JAN
622 JMG
623 JASS
624 MAPQNACP
625 MRP
626 MBG
627 ARCH
628 GMNET
629 IOTK
630 COAST
631 ITS
632 SPWY
633 DMRA
634 MRAB
635 UMRD
636 PHIGS
637 VAXPHIGS
638 IG3
639 UNV
640 U11
641 UW
642 IDU
643 SL
644 JEM
645 PSLOAS
646 UEMACS
647 COMM
648 UIP
649 MSB
650 LATCP
651 PDRV
652 VMSL
653 GMS
654 CONTEL
655 BANKLINK
656 PDSMOD
657 PDSAB
658 BSLTI
659 LMF
660 LICENSE
661 DTSS
662 INX
663 LSL
664 PRISM
665 GO
666 PSCOM
667 DELIVER
668 PMDF
669 SNAPRO
670 SNANJE
671 RFD
672 CPR
673 BCC
674 ILAN
675 BCCGRF
676 MDA
677 CVMS
678 X25
679 AGEN
680 SMI
681 SYSMAN
682 OSAK
683 DECPAGE
684 EVEX
685 FSPS
686 ISL
687 BLIHS
688 DIII
689 XPCA
690 COMDIR
691 DICOS
692 DISCO
693 A1FCB
694 DRS
695 LOCK
696 BMS
697 DDCS
698 DDD
699 SCAS
700 DSS
701 DES
702 AIM
703 DSG
704 RGT
705 RSCP
706 DDSF
707 MULTI
709 PCTRL
710 NIMVC
711 ISM
712 RMU
713 CLYDE
714 CAPS
715 VOX
716 VXTRD
717 CDO
718 AFMALM
719 AFMMSM
720 AFMMLM
721 LAB
722 P2DRIVER
723 PDC
724 EMOS
725 SETJOB
726 CLEAR
727 INFORM
728 GQM
729 VISIT
730 TAPEUTIL
731 DECW
732 P1DRIVER
733 TELADD
734 PROCNAME
735 1SPCS
736 ASIA
737 EPIC
738 OSIF
739 INTACT
740 PRESPICE
741 CURV
742 DEVPROSIM
743 NRM
744 MSASYS
745 IREP
746 GDAC
747 VNM
748 ITM
749 EPM
750 EPC
751 RDBX
752 JCG
753 LTP
754 RSF
755 RSU
756 WRS
757 SEMI
758 UILTP
759 NIMTST
760 CIS
761 KSC
762 DOCUTRON
763 CMMS
764 SNAVP
765 SNAINI
766 SNANM
767 SNAACP
768 ISS
769 INCA
770 ECT
771 VWS
772 DMS
773 MPS
774 IDT
775 PIDGIN
776 JOBSTART
777 HIEX
778 UCX
779 SGML
780 IIS
781 DRSI
782 DRSM
783 GOBE
784 BTL
785 JBCUPGRAD
786 MRT
787 PSIPT
788 DMM
789 ASC
790 SLS
791 MRAI
792 CSV
793 FMSR
794 FDVR
795 EVER
796 CIPR
797 DSI
798 PCSA
799 LAD
800 LAST
801 CTM
802 MRXT
803 CIT
804 SIPE
805 RC
806 MCC
807 EFL
808 IMMSP
809 IMS
810 SNAP
811 GCS
812 PGWY
813 MWS
814 A1BA
815 CDX
816 VVIEF
817 GKAPS
818 AIC
819 DIRS
820 DIMS
821 DDM
822 PECOS
823 RME
824 RUST
825 REMS
826 RT11
827 EBD
828 IOF
829 MRMEMO
830 SLSRMT
831 VAXGFX
832 FSDRCCN
833 CITSR
834 GKS3D
835 DECGKS3D
836 PDD
837 XCS
838 QAMON
839 VSH1
840 SPICE
841 VIDA2
842 LKG
843 WLDS
844 ADP
845 IDS
846 IAD
847 CASH
849 SYSWATCH
850 AMC
851 DSMS
852 CPS
853 TCLUSTR
854 SCIL
855 BLAS1
856 JDECW
857 SIS
858 DVS
859 DVR
860 TWOD
861 QUEST
862 DBVISTA
863 DBREVISE
864 DBQUERY
865 CLEO
866 CADRTL
867 ROMGEN
868 VSVCP
869 CHIEF
870 CHF
871 CITMD
872 COP
873 GIREP
874 XYP
875 EBDCTL
876 EBDCLI
877 KEY
878 DASS
879 VDE
880 VAT
881 SPR
882 DEEX
883 ESTORE
884 SOLAR
885 JCS
886 XTM
887 DCIS
888 OTC
889 MUAS
890 SRF
891 IPU
892 BUILD
893 DICE
894 RIO
895 SMART
896 VAXMT
897 USFSDW_
898 USFSDW_CS
899 USFSDW_CN
900 USFSDW_LA
901 USFSDW_MA
902 PEGASYS
903 PSIPTCONT
904 PSICTP
905 PSIPR
906 TCV
907 BMSDQ
908 CJATK
909 CJFAS
910 CJBDT
911 CJCIS
912 CJCLA
913 CJAGL
914 CJAIM
915 CJAPS
916 CJARS
917 CJNPS
918 CJPAY
919 CJPER
920 CJPOM
921 CJPOS
922 CJPUB
923 CJEFA
924 CJHRM
925 CJLAY
926 VANISH
927 CTF
928 EDGE
929 ECALC
930 WGS
931 ESP
932 SUPER
933 AFS
934 SDC
935 SQLSRV
936 STARS
937 PIN
938 PSS
939 DWT
940 PEX
942 WFM
943 INFO
944 IPC
945 MSDE
947 A1S
948 NCL
949 TIMES
950 JEBCAD
951 MOPS
952 CV7
953 ISA
954 CHANGEBAR
956 TRADE
957 DTWS
958 SMDQB
959 SMDQS
960 ECWP
961 ECPP
962 SCS
963 DECSTD012
964 MARS
965 OA$_SM
966 SENTRY
967 DECFAX
968 PDP
969 SYNCH
970 UPR
971 MMC
972 ANET
973 CGI
974 RDSG
975 EBIS
976 DTL
977 ABNOS
978 VAN
979 RMD
980 SURVEY
981 MMG
982 DRW
983 ATLAS
984 RAP
985 DECEDI
986 USCSDWCN
987 SYBASE
989 THES_REX
990 VBG
991 AASC
992 PRODABAS
993 VTS
994 DXF
995 DXB
996 DLU
997 DDLU
998 ATK
999 ATKGW
1000 SYSTST
1001 RMSTST
1002 LIMSDM
1003 VCE
1004 NTS
1005 VIA
1006 CHAMP
1007 NVR
1008 EVEPLUS
1009 UAF
1010 TPU
1011 KATIE
1012 YN
1013 BUS
1014 KEEP
1015 VCS
1016 PAK
1017 LPS
1018 GEO
1019 NOTES
1020 HSCPAD
1021 XWAY
1022 VPM
1023 SNA3270
1024 SNALU0
1025 FTSV
1026 TRANSFER
1027 PWB
1028 RUSL
1029 ECAD
1030 CTC
1031 NEWS
1032 S1032
1033 CFS
1034 JEVE
1035 UISCNV
1036 SNAPSHOT
1037 MSA
1038 MSAF
1039 MSAP
1040 DSO
1041 AUDPACK
1042 SRS
1044 PSPRINT
1045 ENGN
1046 TIFF
1047 MDS
1048 MAPI
1049 VTG
1050 CCS
1051 CNNCT
1052 GUARD
1053 PS
1054 EDSETS
1055 DSCF
1056 RS1
1057 BBN
1059 REPLITERM
1060 GENREORG
1061 BUCAT
1062 SEVMS
1063 CDM
1064 A1SVC
1065 SFR
1066 OAN
1067 SEDET
1068 PD8
1069 IPSE
1070 SBM
1071 DAF
1072 NSA
1073 UISANN
1074 AVS
1076 ISERL
1077 SOA_SDCEX
1078 AMF
1079 MICA
1080 OMSEDI
1081 CLMS
1082 ETS
1083 APNET
1084 FTSS
1085 IMPRINT
1086 T2_JET
1087 T2_LN03
1088 T2_SCRIPT
1089 T2_VIEW
1090 CHI
1091 NIDL
1092 STRES
1093 DFC
1094 ORE
1095 DPL
1096 LEASEBID
1097 CLF
1098 TM32
1099 XDPS
1100 DPS
1101 XDPSL
1103 GRABBER
1104 DECVIEW3D
1105 INFORMS
1106 CAVE
1107 SYSMAN
1108 FCOMS
1109 OA$_HC_
1110 DBDOC
1113 OFFACC
1114 WUCORP
1115 WUOA
1116 ACCESS
1117 VPR
1119 OTM
1120 HAMS
1121 VICS
1122 CML
1123 TLP
1124 VS5
1126 DPR
1127 DISA
1128 CIN
1129 SKILL
1130 PDQ
1131 ACNT
1132 DARP
1133 TCFE
1134 ARS
1135 ALERT
1136 FILCX
1137 BLD
1138 GETLIT
1139 SES
1140 MP2000
1141 OVERSEER
1142 MDS32
1143 A1TK
1144 XAP
1145 ALFA
1146 SIFU_SI
1147 XMAIL
1148 VFP
1150 CLS
1151 X400ACC
1152 OCC
1153 IEDI
1154 LINKS
1155 NLP
1156 STRIDE
1157 IPA
1158 LCS
1159 RDBSTAR
1160 MRTMS
1161 MCI
1162 EDIUI
1163 ACAS
1164 DAY
1165 MRFAX
1166 CCD
1167 XDS
1168 DOD
1169 SRC
1170 ODS
1171 ODIF
1172 FDB
1173 FINREF
1174 NSCHED
1175 SOFTPC
1176 CMU
1177 PAN
1178 PDSS
1179 WCC
1180 SIPR
1181 MSAC
1182 MSAX
1183 RMTHOST
1184 RMT_PM
1185 RMT_BATCH
1186 CSU
1187 DDTM
1188 ESIG
1189 THAI
1190 SDS
1191 TCBC
1192 TCFF
1193 DELTA
1194 EASI
1195 OAFAX
1196 SCOPE
1197 DFG
1198 LOTUS123
1199 L123_A1
1200 DLD_RDB
1201 OTIS
1202 DPHO
1203 CDP
1204 ROS
1205 DASM
1206 PMAIL
1207 MBXTAP
1210 VGL
1211 VGI
1212 VSQ
1213 VDB
1214 VCAM
1215 VGC
1216 VSYS
1217 VSYSTEM
1218 VGR
1219 VSR
1220 MTSMON
1221 ARCS
1222 OMNI
1223 TRELLIS
1224 SLCS
1225 OA$_SA
1226 I3L
1227 AQP
1228 TO_
1229 XCL
1230 CAL
1231 FTT
1232 CD$
1233 BWS
1234 MES
1235 OSAP
1236 VIU
1237 PRADCH
1238 MENTOR
1239 STK
1240 RFT
1241 EBRP
1242 WAU
1243 RIU
1244 SEU
1245 ICS
1246 HSDL
1248 CSDIF
1251 UUID$
1252 IRS
1253 LOGBOOK
1254 BANKUTY
1255 DCSC
1257 CMGR
1258 PBS
1259 MCCDAP
1260 MCCHFB
1261 MCCPTB
1262 MCCTBD
1263 MCCMSL
1264 VCSI
1265 SWIFT
1266 MAU
1267 MBU
1268 SIU
1269 VDC
1270 WBU
1271 WSF
1272 LFU
1273 WPF
1274 HVN
1278 QMAN
1290 MOP
1292 EMAA
1293 EVD
1294 DTSEND
1295 DTRECEIVE
1414 AMDS
1435 POSIX
1722 IOGEN
1774 SECSRV
1814 REBUILD
1830 NETWRK
1855 PPPD
1862 REG
1866 ACME
1885 SSPI
1894 NTA
1905 USB
1929 ILINK
1930 ELV
1964 ASR
2000 DECW$MAIL
2708 LICENSE
