@@ rb
+ ID000001PARIS     ..0000......0001......N000....................
+ ID000050PARIS     ..0005......0002......N025....................
+ ID000051ZAGREB    ..0005......0000......N025....................
+ ID000050PARIS     ..0005......0002......N025....................
+ ID000050PARIS     ..0005......0002......N025....................
+ ID000060LIMA      ..0006......0000......N030....................
%RMS-E-RNF, record not found
- 7FF9DA0C
+ ID000012TOKYO     ..0001......0000......N006....................
+ ID000012TOKYO     ..0001......0000......N006....................
+ ID000150OSLO      ..0015......0000......N075....................
%RMS-E-EOF, end of file detected
- 7FF9DA0C
%RMS-E-RNF, record not found
- 7FF9DA0C
+ ID000108OSLO      ..0010......0000......N054....................
+ ID000031OSLO      ..0003......0001......N015....................
+ ID000136OSLO      ..0013......0001......N068....................
+ ID000059OSLO      ..0005......0002......N029....................
+ ID000148PARIS     ..0014......0001......N074....................
+ ID000111QUITO     ..0011......0000......N055....................
+ ID000020NEWCITY   ..0002......0002......N010....................
+ ID000037ZAGREB    ..0003......0001......N018....................
+ ID000142ZAGREB    ..0014......0001......N071....................
+ ID000065ZAGREB    ..0006......0002......N032....................
+ ID000093ZAGREB    ..0009......0000......N046....................
+ ID000016ZAGREB    ..0001......0001......N008....................
+ ID000121ZAGREB    ..0012......0001......N060....................
+ ID000044ZAGREB    ..0004......0002......N022....................
+ ID000149ZAGREB    ..0014......0002......N074....................
+ ID000072ZAGREB    ..0007......0000......N036....................
+ ID000023ZAGREB    ..0002......0002......N011....................
+ ID000128ZAGREB    ..0012......0002......N064....................
+ ID000051ZAGREB    ..0005......0000......N025....................
+ ID000079ZAGREB    ..0007......0001......N039....................
+ ID000002ZAGREB    ..0000......0002......N001....................
+ ID000107ZAGREB    ..0010......0002......N053....................
+ ID000030ZAGREB    ..0003......0000......N015....................
+ ID000135ZAGREB    ..0013......0000......N067....................
+ ID000058ZAGREB    ..0005......0001......N029....................
+ ID000086ZAGREB    ..0008......0002......N043....................
+ ID000009ZAGREB    ..0000......0000......N004....................
+ ID000114ZAGREB    ..0011......0000......N057....................
%RMS-E-EOF, end of file detected
- 7FF9DA0C
%RMS-E-EOF, end of file detected
- 7FF9DA0C
+ ID000018LIMA      ..0001......0000......N009....................
+ ID000015PARIS     ..0001......0000......N007....................
+ ID000101OSLO      ..0010......0002......N050....................
+ ID000121ZAGREB    ..0012......0001......N060....................
+ ID000120PARIS     ..0012......0000......N060....................
@@ ks
+ XXB06-----A006......PARIS vvvvvv
+ XXB03-----A003......OSLO  vvv
+ XXB09-----A009......ZAGREBvvvvvvvvv
%RMS-E-RNF, record not found
- 7FF9DA0C
%RMS-E-RNF, record not found
- 7FF9DA0C
@@ pd
+ AAA 0004 00120028004400520068
+ BBB 0001 00030007001100130017
+ BBB 0001 00030007001100130017
