@@ check DEMO.REL
%ANLRMS-I-ERRORS, <DKA200:[T.CABIBACK]DEMO.REL;1> 0 errors
The analysis uncovered NO errors.
@@ read DEMO.REL
[first]
[SECOND]
[third]
@@ check DEMO.IDX
%ANLRMS-I-ERRORS, <DKA200:[T.CABIBACK]DEMO.IDX;1> 0 errors
The analysis uncovered NO errors.
@@ read DEMO.IDX
[0002GRAPE     a note          ]
[0003ELDER     a note          ]
[0004FIG       a note          ]
[0005DATE      a note          ]
[0006BANANA    a note          ]
[0007CHERRY    a note          ]
[0008APPLE     a note          ]
[0009FIG       a note          ]
[0010DATE      a note          ]
[0011ELDER     a note          ]
[0012CHERRY    a note          ]
[0013APPLE     a note          ]
[0014BANANA    a note          ]
[0015GRAPE     a note          ]
[0016ELDER     a note          ]
[0017FIG       a note          ]
[0018DATE      a note          ]
[0019BANANA    a note          ]
[0020GRAPE     a note          ]
[0021APPLE     a note          ]
[0022FIG       a note          ]
[0023DATE      a note          ]
[0024ELDER     a note          ]
[0025CHERRY    a note          ]
[0026APPLE     a note          ]
[0027BANANA    a note          ]
[0028GRAPE     a note          ]
[0029ELDER     a note          ]
[0030CHERRY    a note          ]
[0031DATE      a note          ]
[0032BANANA    a note          ]
[0033GRAPE     a note          ]
[0034APPLE     a note          ]
[0035FIG       a note          ]
[0036DATE      a note          ]
[0037BANANA    a note          ]
[0038CHERRY    a note          ]
[0039APPLE     a note          ]
[0040FIG       a note          ]
[0041GRAPE     a note          ]
[0042ELDER     a note          ]
[0043CHERRY    a note          ]
[0044DATE      a note          ]
[0045BANANA    a note          ]
[0046GRAPE     a note          ]
[0047ELDER     a note          ]
[0048FIG       a note          ]
[0049DATE      a note          ]
[0050ZEBRA     renamed         ]
[0051CHERRY    a note          ]
[0052APPLE     a note          ]
[0053FIG       a note          ]
[0054GRAPE     a note          ]
[0055ELDER     a note          ]
[0056CHERRY    a note          ]
[0057APPLE     a note          ]
[0058BANANA    a note          ]
[0059GRAPE     a note          ]
[0060ELDER     a note          ]
[0061FIG       a note          ]
[0062DATE      a note          ]
[0063BANANA    a note          ]
[0064CHERRY    a note          ]
[0065APPLE     a note          ]
[0066FIG       a note          ]
[0067DATE      a note          ]
[0068ELDER     a note          ]
[0069CHERRY    a note          ]
[0070APPLE     a note          ]
[0071BANANA    a note          ]
[0072GRAPE     a note          ]
[0073ELDER     a note          ]
[0074CHERRY    a note          ]
[0075DATE      a note          ]
[0076BANANA    a note          ]
[0077GRAPE     a note          ]
[0078APPLE     a note          ]
[0079FIG       a note          ]
[0080DATE      a note          ]
[0081ELDER     a note          ]
[0082CHERRY    a note          ]
[0083APPLE     a note          ]
[0084FIG       a note          ]
[0085GRAPE     a note          ]
[0086ELDER     a note          ]
[0087CHERRY    a note          ]
[0088DATE      a note          ]
[0089BANANA    a note          ]
[0090GRAPE     a note          ]
[0091APPLE     a note          ]
[0092FIG       a note          ]
[0093DATE      a note          ]
[0094BANANA    a note          ]
[0095CHERRY    a note          ]
[0096APPLE     a note          ]
[0097FIG       a note          ]
[0098GRAPE     a note          ]
[0099ELDER     a note          ]
[0100CHERRY    a note          ]
[0101APPLE     same name       ]
@@ check DEMO.SEQ
%ANLRMS-I-ERRORS, <DKA200:[T.CABIBACK]DEMO.SEQ;1> 0 errors
The analysis uncovered NO errors.
@@ read DEMO.SEQ
[one line]
[and another]
