
Directory DKA200:[T]

IDX.DAT;1                     File ID:  (52,1,0)              
Size:           48/48         Owner:    [1,4]
Created:     7-OCT-2026 00:18:55.36
Modified:    7-OCT-2026 00:18:55.99 (2)
Expires:    <None specified>
Backup:     <No backup recorded>
Effective:  <None specified>
Recording:  <None specified>
Accessed:    7-OCT-2026 00:18:55.36
Attr Mod:    7-OCT-2026 00:18:55.99
Data Mod:    7-OCT-2026 00:18:55.36
Linkcount:  1
File organization:  Indexed, Prolog: 3, Using 4 keys
Shelved state:      Online 
Caching attribute:  Writethrough
File attributes:    Allocation: 48, Extend: 12, Maximum bucket size: 1, Global buffer count: 0, No version limit
Record format:      Fixed length 64 byte records
Record attributes:  Carriage return carriage control
RMS attributes:     None
Journaling enabled: None
File protection:    System:RWED, Owner:RWED, Group:RE, World:
Access Cntrl List:  None
Client attributes:  None

IDXVAR.DAT;1                  File ID:  (53,1,0)              
Size:           16/16         Owner:    [1,4]
Created:     7-OCT-2026 00:18:56.02
Modified:    7-OCT-2026 00:18:56.12 (2)
Expires:    <None specified>
Backup:     <No backup recorded>
Effective:  <None specified>
Recording:  <None specified>
Accessed:    7-OCT-2026 00:18:56.02
Attr Mod:    7-OCT-2026 00:18:56.12
Data Mod:    7-OCT-2026 00:18:56.02
Linkcount:  1
File organization:  Indexed, Prolog: 3, Using 1 key
Shelved state:      Online 
Caching attribute:  Writethrough
File attributes:    Allocation: 16, Extend: 6, Maximum bucket size: 2, Global buffer count: 0, No version limit
Record format:      Variable length, maximum 200 bytes, longest 0 bytes
Record attributes:  Carriage return carriage control
RMS attributes:     None
Journaling enabled: None
File protection:    System:RWED, Owner:RWED, Group:RE, World:
Access Cntrl List:  None
Client attributes:  None

REL.DAT;1                     File ID:  (51,1,0)              
Size:           16/16         Owner:    [1,4]
Created:     7-OCT-2026 00:18:55.29
Modified:    7-OCT-2026 00:18:55.33 (2)
Expires:    <None specified>
Backup:     <No backup recorded>
Effective:  <None specified>
Recording:  <None specified>
Accessed:    7-OCT-2026 00:18:55.29
Attr Mod:    7-OCT-2026 00:18:55.33
Data Mod:    7-OCT-2026 00:18:55.29
Linkcount:  1
File organization:  Relative, maximum record number: 2147483647
Shelved state:      Online 
Caching attribute:  Writethrough
File attributes:    Allocation: 16, Extend: 0, Bucket size: 1, Global buffer count: 0, No version limit
Record format:      Variable length, maximum 40 bytes, longest 40 bytes
Record attributes:  Carriage return carriage control
RMS attributes:     None
Journaling enabled: None
File protection:    System:RWED, Owner:RWED, Group:RE, World:
Access Cntrl List:  None
Client attributes:  None

SEQCRSTM.DAT;1                File ID:  (49,1,0)              
Size:            1/16         Owner:    [1,4]
Created:     7-OCT-2026 00:18:55.23
Modified:    7-OCT-2026 00:18:55.24 (2)
Expires:    <None specified>
Backup:     <No backup recorded>
Effective:  <None specified>
Recording:  <None specified>
Accessed:    7-OCT-2026 00:18:55.23
Attr Mod:    7-OCT-2026 00:18:55.24
Data Mod:    7-OCT-2026 00:18:55.23
Linkcount:  1
File organization:  Sequential
Shelved state:      Online 
Caching attribute:  Writethrough
File attributes:    Allocation: 16, Extend: 0, Global buffer count: 0, No version limit
Record format:      Stream_CR, maximum 0 bytes, longest 21 bytes
Record attributes:  Carriage return carriage control
RMS attributes:     None
Journaling enabled: None
File protection:    System:RWED, Owner:RWED, Group:RE, World:
Access Cntrl List:  None
Client attributes:  None

SEQFIX.DAT;1                  File ID:  (50,1,0)              
Size:            1/16         Owner:    [1,4]
Created:     7-OCT-2026 00:18:55.26
Modified:    7-OCT-2026 00:18:55.27 (2)
Expires:    <None specified>
Backup:     <No backup recorded>
Effective:  <None specified>
Recording:  <None specified>
Accessed:    7-OCT-2026 00:18:55.26
Attr Mod:    7-OCT-2026 00:18:55.27
Data Mod:    7-OCT-2026 00:18:55.26
Linkcount:  1
File organization:  Sequential
Shelved state:      Online 
Caching attribute:  Writethrough
File attributes:    Allocation: 16, Extend: 0, Global buffer count: 0, No version limit
Record format:      Fixed length 13 byte records
Record attributes:  None
RMS attributes:     None
Journaling enabled: None
File protection:    System:RWED, Owner:RWED, Group:RE, World:
Access Cntrl List:  None
Client attributes:  None

SEQLFSTM.DAT;1                File ID:  (48,1,0)              
Size:            1/16         Owner:    [1,4]
Created:     7-OCT-2026 00:18:55.20
Modified:    7-OCT-2026 00:18:55.21 (2)
Expires:    <None specified>
Backup:     <No backup recorded>
Effective:  <None specified>
Recording:  <None specified>
Accessed:    7-OCT-2026 00:18:55.20
Attr Mod:    7-OCT-2026 00:18:55.21
Data Mod:    7-OCT-2026 00:18:55.20
Linkcount:  1
File organization:  Sequential
Shelved state:      Online 
Caching attribute:  Writethrough
File attributes:    Allocation: 16, Extend: 0, Global buffer count: 0, No version limit
Record format:      Stream_LF, maximum 0 bytes, longest 21 bytes
Record attributes:  Carriage return carriage control
RMS attributes:     None
Journaling enabled: None
File protection:    System:RWED, Owner:RWED, Group:RE, World:
Access Cntrl List:  None
Client attributes:  None

SEQSTM.DAT;1                  File ID:  (47,1,0)              
Size:            1/16         Owner:    [1,4]
Created:     7-OCT-2026 00:18:55.16
Modified:    7-OCT-2026 00:18:55.17 (2)
Expires:    <None specified>
Backup:     <No backup recorded>
Effective:  <None specified>
Recording:  <None specified>
Accessed:    7-OCT-2026 00:18:55.16
Attr Mod:    7-OCT-2026 00:18:55.17
Data Mod:    7-OCT-2026 00:18:55.16
Linkcount:  1
File organization:  Sequential
Shelved state:      Online 
Caching attribute:  Writethrough
File attributes:    Allocation: 16, Extend: 0, Global buffer count: 0, No version limit
Record format:      Stream, maximum 0 bytes, longest 21 bytes
Record attributes:  Carriage return carriage control
RMS attributes:     None
Journaling enabled: None
File protection:    System:RWED, Owner:RWED, Group:RE, World:
Access Cntrl List:  None
Client attributes:  None

SEQVAR.DAT;1                  File ID:  (45,1,0)              
Size:            1/16         Owner:    [1,4]
Created:     7-OCT-2026 00:18:55.09
Modified:    7-OCT-2026 00:18:55.10 (2)
Expires:    <None specified>
Backup:     <No backup recorded>
Effective:  <None specified>
Recording:  <None specified>
Accessed:    7-OCT-2026 00:18:55.09
Attr Mod:    7-OCT-2026 00:18:55.10
Data Mod:    7-OCT-2026 00:18:55.09
Linkcount:  1
File organization:  Sequential
Shelved state:      Online 
Caching attribute:  Writethrough
File attributes:    Allocation: 16, Extend: 0, Global buffer count: 0, No version limit
Record format:      Variable length, maximum 0 bytes, longest 21 bytes
Record attributes:  Carriage return carriage control
RMS attributes:     None
Journaling enabled: None
File protection:    System:RWED, Owner:RWED, Group:RE, World:
Access Cntrl List:  None
Client attributes:  None

SEQVFC.DAT;1                  File ID:  (46,1,0)              
Size:            1/16         Owner:    [1,4]
Created:     7-OCT-2026 00:18:55.12
Modified:    7-OCT-2026 00:18:55.14 (2)
Expires:    <None specified>
Backup:     <No backup recorded>
Effective:  <None specified>
Recording:  <None specified>
Accessed:    7-OCT-2026 00:18:55.12
Attr Mod:    7-OCT-2026 00:18:55.14
Data Mod:    7-OCT-2026 00:18:55.12
Linkcount:  1
File organization:  Sequential
Shelved state:      Online 
Caching attribute:  Writethrough
File attributes:    Allocation: 16, Extend: 0, Global buffer count: 0, No version limit
Record format:      VFC, 2 byte header, maximum 0 bytes, longest 21 bytes
Record attributes:  Print file carriage control
RMS attributes:     None
Journaling enabled: None
File protection:    System:RWED, Owner:RWED, Group:RE, World:
Access Cntrl List:  None
Client attributes:  None

Total of 9 files, 86/176 blocks.
%ANLRMS-I-ERRORS, <DKA200:[T]SEQVAR.DAT;1> 0 errors
%ANLRMS-I-ERRORS, <DKA200:[T]SEQVFC.DAT;1> 0 errors
%ANLRMS-I-ERRORS, <DKA200:[T]SEQSTM.DAT;1> 0 errors
%ANLRMS-I-ERRORS, <DKA200:[T]SEQLFSTM.DAT;1> 0 errors
%ANLRMS-I-ERRORS, <DKA200:[T]SEQCRSTM.DAT;1> 0 errors
%ANLRMS-I-ERRORS, <DKA200:[T]SEQFIX.DAT;1> 0 errors
%ANLRMS-I-ERRORS, <DKA200:[T]REL.DAT;1> 0 errors
%ANLRMS-I-ERRORS, <DKA200:[T]IDX.DAT;1> 0 errors
%ANLRMS-I-ERRORS, <DKA200:[T]IDXVAR.DAT;1> 0 errors
first
second, a bit longer

odd
x
last line of the file
 
DKA200:[T]SEQVFC.DAT;1
 
first
second, a bit longer

odd
x
last line of the file
 
DKA200:[T]SEQSTM.DAT;1
 
first
second, a bit longer

odd
x
last line of the file
 
DKA200:[T]SEQLFSTM.DAT;1
 
first
second, a bit longer

odd
x
last line of the file
 
DKA200:[T]SEQCRSTM.DAT;1
 
first
second, a bit longer

odd
x
last line of the file
 
DKA200:[T]SEQFIX.DAT;1
 
thirteen char
0123456789abc
             
relative record 1.
relative record 2..
relative record 3...
relative record 4....
relative record 5.....
relative record 6......
relative record 7.......
relative record 8........
relative record 9.........
relative record 10..........
relative record 11...........
relative record 12............
relative record 13.............
relative record 14..............
relative record 15...............
relative record 16................
relative record 17.................
relative record 18..................
relative record 19...................
relative record 20....................
ID000001PARIS     ..0000......0001......N000....................
ID000002ZAGREB    ..0000......0002......N001....................
ID000003OSLO      ..0000......0000......N001....................
ID000004LIMA      ..0000......0001......N002....................
ID000005TOKYO     ..0000......0002......N002....................
ID000006QUITO     ..0000......0000......N003....................
ID000007ROME      ..0000......0001......N003....................
ID000008PARIS     ..0000......0002......N004....................
ID000009ZAGREB    ..0000......0000......N004....................
ID000012TOKYO     ..0001......0000......N006....................
ID000013QUITO     ..0001......0001......N006....................
ID000014ROME      ..0001......0002......N007....................
ID000015PARIS     ..0001......0000......N007....................
ID000016ZAGREB    ..0001......0001......N008....................
ID000017OSLO      ..0001......0002......N008....................
ID000018LIMA      ..0001......0000......N009....................
ID000019TOKYO     ..0001......0001......N009....................
ID000020NEWCITY   ..0002......0002......N010....................
ID000021ROME      ..0002......0000......N010....................
ID000022PARIS     ..0002......0001......N011....................
ID000023ZAGREB    ..0002......0002......N011....................
ID000024OSLO      ..0002......0000......N012....................
ID000025LIMA      ..0002......0001......N012....................
ID000026TOKYO     ..0002......0002......N013....................
ID000027QUITO     ..0002......0000......N013....................
ID000028ROME      ..0002......0001......N014....................
ID000029PARIS     ..0002......0002......N014....................
ID000030ZAGREB    ..0003......0000......N015....................
ID000031OSLO      ..0003......0001......N015....................
ID000032LIMA      ..0003......0002......N016....................
ID000033TOKYO     ..0003......0000......N016....................
ID000034QUITO     ..0003......0001......N017....................
ID000035ROME      ..0003......0002......N017....................
ID000036PARIS     ..0003......0000......N018....................
ID000037ZAGREB    ..0003......0001......N018....................
ID000038OSLO      ..0003......0002......N019....................
ID000039LIMA      ..0003......0000......N019....................
ID000040TOKYO     ..0004......0001......N020....................
ID000041QUITO     ..0004......0002......N020....................
ID000042ROME      ..0004......0000......N021....................
ID000043PARIS     ..0004......0001......N021....................
ID000044ZAGREB    ..0004......0002......N022....................
ID000045OSLO      ..0004......0000......N022....................
ID000046LIMA      ..0004......0001......N023....................
ID000047TOKYO     ..0004......0002......N023....................
ID000048QUITO     ..0004......0000......N024....................
ID000049ROME      ..0004......0001......N024....................
ID000050PARIS     ..0005......0002......N025....................
ID000051ZAGREB    ..0005......0000......N025....................
ID000052OSLO      ..0005......0001......N026....................
ID000053LIMA      ..0005......0002......N026....................
ID000054TOKYO     ..0005......0000......N027....................
ID000055QUITO     ..0005......0001......N027....................
ID000056ROME      ..0005......0002......N028....................
ID000057PARIS     ..0005......0000......N028....................
ID000058ZAGREB    ..0005......0001......N029....................
ID000059OSLO      ..0005......0002......N029....................
ID000060LIMA      ..0006......0000......N030....................
ID000061TOKYO     ..0006......0001......N030....................
ID000062QUITO     ..0006......0002......N031....................
ID000063ROME      ..0006......0000......N031....................
ID000064PARIS     ..0006......0001......N032....................
ID000065ZAGREB    ..0006......0002......N032....................
ID000066OSLO      ..0006......0000......N033....................
ID000067LIMA      ..0006......0001......N033....................
ID000068TOKYO     ..0006......0002......N034....................
ID000069QUITO     ..0006......0000......N034....................
ID000070ROME      ..0007......0001......N035....................
ID000071PARIS     ..0007......0002......N035....................
ID000072ZAGREB    ..0007......0000......N036....................
ID000073OSLO      ..0007......0001......N036....................
ID000074LIMA      ..0007......0002......N037....................
ID000075TOKYO     ..0007......0000......N037....................
ID000076QUITO     ..0007......0001......N038....................
ID000077ROME      ..0007......0002......N038....................
ID000078PARIS     ..0007......0000......N039....................
ID000079ZAGREB    ..0007......0001......N039....................
ID000080OSLO      ..0008......0002......N040....................
ID000081LIMA      ..0008......0000......N040....................
ID000082TOKYO     ..0008......0001......N041....................
ID000083QUITO     ..0008......0002......N041....................
ID000084ROME      ..0008......0000......N042....................
ID000085PARIS     ..0008......0001......N042....................
ID000086ZAGREB    ..0008......0002......N043....................
ID000087OSLO      ..0008......0000......N043....................
ID000088LIMA      ..0008......0001......N044....................
ID000089TOKYO     ..0008......0002......N044....................
ID000090QUITO     ..0009......0000......N045....................
ID000091ROME      ..0009......0001......N045....................
ID000092PARIS     ..0009......0002......N046....................
ID000093ZAGREB    ..0009......0000......N046....................
ID000094OSLO      ..0009......0001......N047....................
ID000095LIMA      ..0009......0002......N047....................
ID000096TOKYO     ..0009......0000......N048....................
ID000097QUITO     ..0009......0001......N048....................
ID000098ROME      ..0009......0002......N049....................
ID000099PARIS     ..0009......0000......N049....................
ID000101OSLO      ..0010......0002......N050....................
ID000102LIMA      ..0010......0000......N051....................
ID000103TOKYO     ..0010......0001......N051....................
ID000104QUITO     ..0010......0002......N052....................
ID000105ROME      ..0010......0000......N052....................
ID000106PARIS     ..0010......0001......N053....................
ID000107ZAGREB    ..0010......0002......N053....................
ID000108OSLO      ..0010......0000......N054....................
ID000109LIMA      ..0010......0001......N054....................
ID000110TOKYO     ..0011......0002......N055....................
ID000111QUITO     ..0011......0000......N055....................
ID000112ROME      ..0011......0001......N056....................
ID000113PARIS     ..0011......0002......N056....................
ID000114ZAGREB    ..0011......0000......N057....................
ID000115OSLO      ..0011......0001......N057....................
ID000116LIMA      ..0011......0002......N058....................
ID000117TOKYO     ..0011......0000......N058....................
ID000118QUITO     ..0011......0001......N059....................
ID000119ROME      ..0011......0002......N059....................
ID000120PARIS     ..0012......0000......N060....................
ID000121ZAGREB    ..0012......0001......N060....................
ID000122OSLO      ..0012......0002......N061....................
ID000123LIMA      ..0012......0000......N061....................
ID000124TOKYO     ..0012......0001......N062....................
ID000125QUITO     ..0012......0002......N062....................
ID000126ROME      ..0012......0000......N063....................
ID000127PARIS     ..0012......0001......N063....................
ID000128ZAGREB    ..0012......0002......N064....................
ID000129OSLO      ..0012......0000......N064....................
ID000130LIMA      ..0013......0001......N065....................
ID000131TOKYO     ..0013......0002......N065....................
ID000132QUITO     ..0013......0000......N066....................
ID000133ROME      ..0013......0001......N066....................
ID000134PARIS     ..0013......0002......N067....................
ID000135ZAGREB    ..0013......0000......N067....................
ID000136OSLO      ..0013......0001......N068....................
ID000137LIMA      ..0013......0002......N068....................
ID000138TOKYO     ..0013......0000......N069....................
ID000139QUITO     ..0013......0001......N069....................
ID000140ROME      ..0014......0002......N070....................
ID000141PARIS     ..0014......0000......N070....................
ID000142ZAGREB    ..0014......0001......N071....................
ID000143OSLO      ..0014......0002......N071....................
ID000144LIMA      ..0014......0000......N072....................
ID000145TOKYO     ..0014......0001......N072....................
ID000146QUITO     ..0014......0002......N073....................
ID000147ROME      ..0014......0000......N073....................
ID000148PARIS     ..0014......0001......N074....................
ID000149ZAGREB    ..0014......0002......N074....................
ID000150OSLO      ..0015......0000......N075....................
