@@ 1
[abc|]
@@ 2
[abc       |]
@@ 3
[ab|]
@@ 4
[|]
@@ 5
[42|]
@@ 6
[   42|]
@@ 7
[**|]
@@ 8
[0|]
@@ 9
[4294967295|]
@@ 10
[-5|]
@@ 11
[-1|]
@@ 12
[  -42|]
@@ 13
[2147483647|]
@@ 14
[42|]
@@ 15
[00042|]
@@ 16
[**|]
@@ 17
[000000FF|]
@@ 18
[FFFFFFFF|]
@@ 19
[00FF|]
@@ 20
[45|]
@@ 21
[FF|]
@@ 22
[FF|]
@@ 23
[00FF|]
@@ 24
[00000000010|]
@@ 25
[010|]
@@ 26
[000010|]
@@ 27
[44|]
@@ 28
[-56|]
@@ 29
[4464|]
@@ 30
[-25536|]
@@ 31
[5|]
@@ 32
[7|]
@@ 33
[1 file|]
@@ 34
[2 files|]
@@ 35
[0 files|]
@@ 36
[a
b]
@@ 37
[a	b]
@@ 38
[!|]
@@ 39
[ab]
@@ 40
[-----|]
@@ 41
[|]
@@ 42
[ab    |]
@@ 43
[    42|]
@@ 44
[x x|]
@@ 45
[a c|]
@@ 46
[255 000000FF|]
@@ 47
[ab        |]
@@ 48
[123|]
@@ 49
[1-2       |]
@@ 50
[!AS||]
@@ 51
[10|]
@@ 52
%SYSTEM-F-ACCVIO, access violation, reason mask=00, virtual address=0000000000038248, PC=0000000000110001, PS=7FF9D940
@@ 53
[2147080716|]
@@ 54
%SYSTEM-F-BADPARAM, bad parameter value
 \!Q|\
@@ 55
[[1,4]|]
@@ 56
[[1,4]|]
@@ 57
[00:18:52.91|]
@@ 58
[ 7-OCT-2026 00:18:52.91|]
@@ 59
[abc         |]
@@ 60
[**-|]
@@ 61
[234|]
@@ 62
[      01|]
@@ 63
[no directives]
@@ 64
[abc|]
@@ 65
[ab   |    7|0000F|]
@@ 66
[s|]
@@ 67
[1|]
