$ SET DEFAULT SYS$LOGIN
$ CREATE/DIRECTORY [.EDI]
$ SET DEFAULT [.EDI]
$ CREATE IDX.FDL
FILE
  ORGANIZATION indexed
RECORD
  FORMAT fixed
  SIZE 64
KEY 0
  SEG0_LENGTH 8
  SEG0_POSITION 0
  DUPLICATES no
  CHANGES no
KEY 1
  SEG0_LENGTH 10
  SEG0_POSITION 8
  DUPLICATES yes
  CHANGES yes
*EXIT*
$ EDIT/FDL/SCRIPT=INDEXED I1.FDL
                        Parsing Definition File



        SYS$COMMON:[SYSMGR.EDI]I1.FDL; will be created.
                         Indexed Script 

        Target disk volume Cluster Size (1-2Giga)[3]    : 

        Number of Keys to Define        (1-255)[1]      : 

        (Line Fill Key Record Init Add)
        Graph type to display           (Keyword)[Line] : 


        Number of Records that will be Initially Loaded
        into the File                   (0-2Giga)[-]    : 1000

        (Fast_Convert NoFast_Convert RMS_Puts)
        Initial File Load Method        (Keyword)[Fast] : 

        Number of Additional Records to be Added After
        the Initial File Load           (0-2147482645)[0]       : 

        Key  0 Load Fill Percent        (50-100)[100]   : 

        (Fixed Variable)
        Record Format                   (Keyword)[Var]  : 

        Mean Record Size                (1-32224)[-]    : 64

        Maximum Record Size             (0,64-32224)[0] : 

        (Bin2  Bin4  Bin8  Int2  Int4  Int8  Decimal  String  Collated
         Dbin2 Dbin4 Dbin8 Dint2 Dint4 Dint8 Ddecimal Dstring Dcollated)
        Key  0 Data Type                (Keyword)[Str]  : 

        Key  0 Segmentation desired     (Yes/No)[No]    : 

        Key  0 Length                   (1-255)[-]      : 8

        Key  0 Position                 (0-32216)[0]    : 

        Key  0 Duplicates allowed       (Yes/No)[No]    : 

        File Prolog Version             (0-3)[3]        : 

        Data Key Compression desired    (Yes/No)[Yes]   : 

        Data Record Compression desired (Yes/No)[Yes]   : 

        Index Compression desired       (Yes/No)[No]    : 


             *|
             9|
             8|
Index        7|
             6|
Depth        5|
             4|
             3|
             2|  2 2
             1|      1 1 1 1 1 1 1 1 1 1 1 1 1 1 1 1 1 1 1 1 1 1 1 1 1 1 1 1 1 1
              +- + - - - + - - - - + - - - - + - - - - + - - - - + - - - - + - +
                 1       5        10        15        20        25        30  32
                               Bucket Size (number of blocks)



















 PV-Prolog Version       3 KT-Key  0 Type     String  EM-Emphasis  Flatter ( 3)
 DK-Dup Key  0 Values   No KL-Key  0 Length        8 KP-Key  0 Position      0 
 RC-Data Record Comp    0% KC-Data Key Comp       0% IC-Index Record Comp   0% 
 BF-Bucket Fill       100% RF-Record Format Variable RS-Mean Record Size    64 
 LM-Load Method  Fast_Conv IL-Initial Load      1000 AR-Added Records        0 
        (Type "FD" to Finish Design)
        Which File Parameter    (Mnemonic)[refresh]     : FD

        Text for FDL Title Section      (1-126 chars)[null]
        : 

        Data File file-spec             (1-512 chars)[null]
        : 

        (Carriage_Return FORTRAN None)
        Carriage Control                (Keyword)[Carr] : 

        Emphasis Used In Defining Default:      (     Flatter_files     )
        Suggested Bucket Sizes:                 (       3      3     12 )
        Number of Levels in Index:              (       1      1      1 )
        Number of Buckets in Index:             (       1      1      1 )
        Pages Required to Cache Index:          (       3      3     12 )
        Processing Used to Search Index:        (       8      8     10 )

        Key  0 Bucket Size              (1-63)[3]       : 

        Key  0 Name                     (1-32 chars)[null]
        : 

        Global Buffers desired for pre-V8.3 system              (Yes/No)[No]    : 

        Global Buffer flags value for V8.3+             (default/percent)[none] : 

        Global Buffers desired for V8.3+ system                 (Yes/No)[No]    : 


        The Depth of Key  0 is Estimated to be No Greater
        than 1 Index levels, which is 2 Total levels.

         Press RETURN to continue (^Z for Main Menu)    

        (Add Delete Exit Help Invoke Modify Quit Set View)
        Main Editor Function            (Keyword)[Help] : *EXIT*

SYS$SYSROOT:[SYSMGR.EDI]I1.FDL;1  41 lines
$ SHOW SYMBOL $STATUS
  $STATUS == "%X00000001"
$ EDIT/FDL/SCRIPT=INDEXED I2.FDL
                        Parsing Definition File



        SYS$COMMON:[SYSMGR.EDI]I2.FDL; will be created.
                         Indexed Script 

        Target disk volume Cluster Size (1-2Giga)[3]    : 

        Number of Keys to Define        (1-255)[1]      : 2

        (Line Fill Key Record Init Add)
        Graph type to display           (Keyword)[Line] : 


        Number of Records that will be Initially Loaded
        into the File                   (0-2Giga)[-]    : 50000

        (Fast_Convert NoFast_Convert RMS_Puts)
        Initial File Load Method        (Keyword)[Fast] : 

        Number of Additional Records to be Added After
        the Initial File Load           (0-2147433645)[0]       : 

        Key  0 Load Fill Percent        (50-100)[100]   : 

        (Fixed Variable)
        Record Format                   (Keyword)[Var]  : F

        Record Size                     (1-32224)[-]    : 100

        (Bin2  Bin4  Bin8  Int2  Int4  Int8  Decimal  String  Collated
         Dbin2 Dbin4 Dbin8 Dint2 Dint4 Dint8 Ddecimal Dstring Dcollated)
        Key  0 Data Type                (Keyword)[Str]  : 

        Key  0 Segmentation desired     (Yes/No)[No]    : 

        Key  0 Length                   (1-100)[-]      : 10

        Key  0 Position                 (0-90)[0]       : 

        Key  0 Duplicates allowed       (Yes/No)[No]    : 

        File Prolog Version             (0-3)[3]        : 

        Data Key Compression desired    (Yes/No)[Yes]   : 

        Data Record Compression desired (Yes/No)[Yes]   : 

        Index Compression desired       (Yes/No)[No]    : 


             *|
             9|
             8|
Index        7|
             6|
Depth        5|
             4|
             3|  3 3
             2|      2 2 2 2 2 2 2 2 2 2 2 2 2 2 2
             1|                                    1 1 1 1 1 1 1 1 1 1 1 1 1 1 1
              +- + - - - + - - - - + - - - - + - - - - + - - - - + - - - - + - +
                 1       5        10        15        20        25        30  32
                               Bucket Size (number of blocks)







 PV-Prolog Version       3 KT-Key  0 Type     String  EM-Emphasis  Flatter (18)
 DK-Dup Key  0 Values   No KL-Key  0 Length       10 KP-Key  0 Position      0 
 RC-Data Record Comp    0% KC-Data Key Comp       0% IC-Index Record Comp   0% 
 BF-Bucket Fill       100% RF-Record Format    Fixed RS-Record Size        100 
 LM-Load Method  Fast_Conv IL-Initial Load     50000 AR-Added Records        0 
        (Type "FD" to Finish Design)
        Which File Parameter    (Mnemonic)[refresh]     : FD

        Text for FDL Title Section      (1-126 chars)[null]
        : 

        Data File file-spec             (1-512 chars)[null]
        : 

        (Carriage_Return FORTRAN None)
        Carriage Control                (Keyword)[Carr] : 

        Emphasis Used In Defining Default:      (     Flatter_files     )
        Suggested Bucket Sizes:                 (       3     18     27 )
        Number of Levels in Index:              (       2      1      1 )
        Number of Buckets in Index:             (      37      1      1 )
        Pages Required to Cache Index:          (     111     18     27 )
        Processing Used to Search Index:        (      16     11     11 )

        Key  0 Bucket Size              (1-63)[18]      : 

        Key  0 Name                     (1-32 chars)[null]
        : 

        Global Buffers desired for pre-V8.3 system              (Yes/No)[No]    : 

        Global Buffer flags value for V8.3+             (default/percent)[none] : 

        Global Buffers desired for V8.3+ system                 (Yes/No)[No]    : 


        The Depth of Key  0 is Estimated to be No Greater
        than 1 Index levels, which is 2 Total levels.

         Press RETURN to continue (^Z for Main Menu)    

        (Line Fill Key)
        Graph type to display           (Keyword)[Line] : 


        Key  1 Load Fill Percent        (50-100)[100]   : 

        (Bin2  Bin4  Bin8  Int2  Int4  Int8  Decimal  String  Collated
         Dbin2 Dbin4 Dbin8 Dint2 Dint4 Dint8 Ddecimal Dstring Dcollated)
        Key  1 Data Type                (Keyword)[Str]  : 

        Key  1 Segmentation desired     (Yes/No)[No]    : 

        Key  1 Length                   (1-100)[-]      : 10

        Key  1 Position                 (0-90)[10]      : 

        Key  1 Duplicates allowed       (Yes/No)[Yes]   : 

        Data Key Compression desired    (Yes/No)[Yes]   : 

        Index Compression desired       (Yes/No)[No]    : 


             *|
             9|
             8|
Index        7|
             6|
Depth        5|
             4|
             3|  3
             2|    2 2 2 2 2 2
             1|                1 1 1 1 1 1 1 1 1 1 1 1 1 1 1 1 1 1 1 1 1 1 1 1 1
              +- + - - - + - - - - + - - - - + - - - - + - - - - + - - - - + - +
                 1       5        10        15        20        25        30  32
                               Bucket Size (number of blocks)



















 PV-Prolog Version       3 KT-Key  1 Type     String  EM-Emphasis  Flatter ( 8)
 DK-Dup Key  1 Values  Yes KL-Key  1 Length       10 KP-Key  1 Position     10 
 RC-Data Record Comp    0% KC-Data Key Comp       0% IC-Index Record Comp   0% 
 BF-Bucket Fill       100% RF-Record Format    Fixed RS-Record Size        100 
 LM-Load Method  Fast_Conv IL-Initial Load     50000 AR-Added Records        0 
        (Type "FD" to Finish Design)
        Which File Parameter    (Mnemonic)[refresh]     : FD

        Emphasis Used In Defining Default:      (     Flatter_files     )
        Suggested Bucket Sizes:                 (       2      8     17 )
        Number of Levels in Index:              (       2      1      1 )
        Number of Buckets in Index:             (      18      1      1 )
        Pages Required to Cache Index:          (      36      8     17 )
        Processing Used to Search Index:        (      14      9     11 )

        Key  1 Bucket Size              (1-63)[8]       : 

        Key  1 Changes allowed          (Yes/No)[No]    : 

        Key  1 Name                     (1-32 chars)[null]
        : 


        The Depth of Key  1 is Estimated to be No Greater
        than 1 Index levels, which is 2 Total levels.

         Press RETURN to continue (^Z for Main Menu)    

        (Add Delete Exit Help Invoke Modify Quit Set View)
        Main Editor Function            (Keyword)[Help] : *EXIT*

SYS$SYSROOT:[SYSMGR.EDI]I2.FDL;1  61 lines
$ SHOW SYMBOL $STATUS
  $STATUS == "%X00000001"
$ EDIT/FDL/SCRIPT=INDEXED I3.FDL
                        Parsing Definition File



        SYS$COMMON:[SYSMGR.EDI]I3.FDL; will be created.
                         Indexed Script 

        Target disk volume Cluster Size (1-2Giga)[3]    : 

        Number of Keys to Define        (1-255)[1]      : 

        (Line Fill Key Record Init Add)
        Graph type to display           (Keyword)[Line] : 


        Number of Records that will be Initially Loaded
        into the File                   (0-2Giga)[-]    : 1000

        (Fast_Convert NoFast_Convert RMS_Puts)
        Initial File Load Method        (Keyword)[Fast] : 

        Number of Additional Records to be Added After
        the Initial File Load           (0-2147482645)[0]       : 

        Key  0 Load Fill Percent        (50-100)[100]   : 

        (Fixed Variable)
        Record Format                   (Keyword)[Var]  : 

        Mean Record Size                (1-32224)[-]    : 64

        Maximum Record Size             (0,64-32224)[0] : 

        (Bin2  Bin4  Bin8  Int2  Int4  Int8  Decimal  String  Collated
         Dbin2 Dbin4 Dbin8 Dint2 Dint4 Dint8 Ddecimal Dstring Dcollated)
        Key  0 Data Type                (Keyword)[Str]  : 

        Key  0 Segmentation desired     (Yes/No)[No]    : 

        Key  0 Length                   (1-255)[-]      : 8

        Key  0 Position                 (0-32216)[0]    : 

        Key  0 Duplicates allowed       (Yes/No)[No]    : 

        File Prolog Version             (0-3)[3]        : 

        Data Key Compression desired    (Yes/No)[Yes]   : 

        Data Record Compression desired (Yes/No)[Yes]   : 

        Index Compression desired       (Yes/No)[No]    : 


             *|
             9|
             8|
Index        7|
             6|
Depth        5|
             4|
             3|
             2|  2 2
             1|      1 1 1 1 1 1 1 1 1 1 1 1 1 1 1 1 1 1 1 1 1 1 1 1 1 1 1 1 1 1
              +- + - - - + - - - - + - - - - + - - - - + - - - - + - - - - + - +
                 1       5        10        15        20        25        30  32
                               Bucket Size (number of blocks)


















 PV-Prolog Version       3 KT-Key  0 Type     String  EM-Emphasis  Flatter ( 3)
 DK-Dup Key  0 Values   No KL-Key  0 Length        8 KP-Key  0 Position      0 
 RC-Data Record Comp    0% KC-Data Key Comp       0% IC-Index Record Comp   0% 
 BF-Bucket Fill       100% RF-Record Format Variable RS-Mean Record Size    64 
 LM-Load Method  Fast_Conv IL-Initial Load      1000 AR-Added Records        0 
        (Type "FD" to Finish Design)
        Which File Parameter    (Mnemonic)[refresh]     : BF

        Key  0 Load Fill Percent        (50-100)[100]   : 80

             *|
             9|
             8|
Index        7|
             6|
Depth        5|
             4|
             3|
             2|  2 2
             1|      1 1 1 1 1 1 1 1 1 1 1 1 1 1 1 1 1 1 1 1 1 1 1 1 1 1 1 1 1 1
              +- + - - - + - - - - + - - - - + - - - - + - - - - + - - - - + - +
                 1       5        10        15        20        25        30  32
                               Bucket Size (number of blocks)

























 PV-Prolog Version       3 KT-Key  0 Type     String  EM-Emphasis  Flatter ( 3)
 DK-Dup Key  0 Values   No KL-Key  0 Length        8 KP-Key  0 Position      0 
 RC-Data Record Comp    0% KC-Data Key Comp       0% IC-Index Record Comp   0% 
 BF-Bucket Fill        80% RF-Record Format Variable RS-Mean Record Size    64 
 LM-Load Method  Fast_Conv IL-Initial Load      1000 AR-Added Records        0 
        (Type "FD" to Finish Design)
        Which File Parameter    (Mnemonic)[refresh]     : KL

        Key  0 Length                   (1-255)[-]      : 20

             *|
             9|
             8|
Index        7|
             6|
Depth        5|
             4|
             3|
             2|  2 2 2
             1|        1 1 1 1 1 1 1 1 1 1 1 1 1 1 1 1 1 1 1 1 1 1 1 1 1 1 1 1 1
              +- + - - - + - - - - + - - - - + - - - - + - - - - + - - - - + - +
                 1       5        10        15        20        25        30  32
                               Bucket Size (number of blocks)

























 PV-Prolog Version       3 KT-Key  0 Type     String  EM-Emphasis  Flatter ( 6)
 DK-Dup Key  0 Values   No KL-Key  0 Length       20 KP-Key  0 Position      0 
 RC-Data Record Comp    0% KC-Data Key Comp       0% IC-Index Record Comp   0% 
 BF-Bucket Fill        80% RF-Record Format Variable RS-Mean Record Size    64 
 LM-Load Method  Fast_Conv IL-Initial Load      1000 AR-Added Records        0 
        (Type "FD" to Finish Design)
        Which File Parameter    (Mnemonic)[refresh]     : IL

        Number of Records that will be Initially Loaded
        into the File                   (0-2Giga)[-]    : 100000

             *|
             9|
             8|
Index        7|
             6|
Depth        5|
             4|  4
             3|    3 3 3
             2|          2 2 2 2 2 2 2 2 2 2 2 2 2 2 2 2 2 2 2 2 2 2 2 2 2 2 2 2
             1|
              +- + - - - + - - - - + - - - - + - - - - + - - - - + - - - - + - +
                 1       5        10        15        20        25        30  32
                               Bucket Size (number of blocks)
























 PV-Prolog Version       3 KT-Key  0 Type     String  EM-Emphasis  Flatter ( 6)
 DK-Dup Key  0 Values   No KL-Key  0 Length       20 KP-Key  0 Position      0 
 RC-Data Record Comp    0% KC-Data Key Comp       0% IC-Index Record Comp   0% 
 BF-Bucket Fill        80% RF-Record Format Variable RS-Mean Record Size    64 
 LM-Load Method  Fast_Conv IL-Initial Load    100000 AR-Added Records        0 
        (Type "FD" to Finish Design)
        Which File Parameter    (Mnemonic)[refresh]     : 

             *|
             9|
             8|
Index        7|
             6|
Depth        5|
             4|  4
             3|    3 3 3
             2|          2 2 2 2 2 2 2 2 2 2 2 2 2 2 2 2 2 2 2 2 2 2 2 2 2 2 2 2
             1|
              +- + - - - + - - - - + - - - - + - - - - + - - - - + - - - - + - +
                 1       5        10        15        20        25        30  32
                               Bucket Size (number of blocks)



 PV-Prolog Version       3 KT-Key  0 Type     String  EM-Emphasis  Flatter ( 6)
 DK-Dup Key  0 Values   No KL-Key  0 Length       20 KP-Key  0 Position      0 
 RC-Data Record Comp    0% KC-Data Key Comp       0% IC-Index Record Comp   0% 
 BF-Bucket Fill        80% RF-Record Format Variable RS-Mean Record Size    64 
 LM-Load Method  Fast_Conv IL-Initial Load    100000 AR-Added Records        0 
        (Type "FD" to Finish Design)
        Which File Parameter    (Mnemonic)[refresh]     : ?

        Type the 2 letter mnemonic of the selected option.
        (Type "FD" to Finish Design)
        Which File Parameter    (Mnemonic)[refresh]     : 

             *|
             9|
             8|
Index        7|
             6|
Depth        5|
             4|  4
             3|    3 3 3
             2|          2 2 2 2 2 2 2 2 2 2 2 2 2 2 2 2 2 2 2 2 2 2 2 2 2 2 2 2
             1|
              +- + - - - + - - - - + - - - - + - - - - + - - - - + - - - - + - +
                 1       5        10        15        20        25        30  32
                               Bucket Size (number of blocks)























 PV-Prolog Version       3 KT-Key  0 Type     String  EM-Emphasis  Flatter ( 6)
 DK-Dup Key  0 Values   No KL-Key  0 Length       20 KP-Key  0 Position      0 
 RC-Data Record Comp    0% KC-Data Key Comp       0% IC-Index Record Comp   0% 
 BF-Bucket Fill        80% RF-Record Format Variable RS-Mean Record Size    64 
 LM-Load Method  Fast_Conv IL-Initial Load    100000 AR-Added Records        0 
        (Type "FD" to Finish Design)
        Which File Parameter    (Mnemonic)[refresh]     : FD

        Text for FDL Title Section      (1-126 chars)[null]
        : 

        Data File file-spec             (1-512 chars)[null]
        : 

        (Carriage_Return FORTRAN None)
        Carriage Control                (Keyword)[Carr] : 

        Emphasis Used In Defining Default:      (     Flatter_files     )
        Suggested Bucket Sizes:                 (       3      6     36 )
        Number of Levels in Index:              (       3      2      1 )
        Number of Buckets in Index:             (     138     35      1 )
        Pages Required to Cache Index:          (     414    210     36 )
        Processing Used to Search Index:        (      21     16     11 )

        Key  0 Bucket Size              (1-63)[6]       : 

        Key  0 Name                     (1-32 chars)[null]
        : 

        Global Buffers desired for pre-V8.3 system              (Yes/No)[No]    : 

        Global Buffer flags value for V8.3+             (default/percent)[none] : 

        Global Buffers desired for V8.3+ system                 (Yes/No)[No]    : 


        The Depth of Key  0 is Estimated to be No Greater
        than 2 Index levels, which is 3 Total levels.

         Press RETURN to continue (^Z for Main Menu)    

        (Add Delete Exit Help Invoke Modify Quit Set View)
        Main Editor Function            (Keyword)[Help] : *EXIT*

SYS$SYSROOT:[SYSMGR.EDI]I3.FDL;1  41 lines
$ SHOW SYMBOL $STATUS
  $STATUS == "%X00000001"
$ EDIT/FDL/SCRIPT=INDEXED I4.FDL
                        Parsing Definition File



        SYS$COMMON:[SYSMGR.EDI]I4.FDL; will be created.
                         Indexed Script 

        Target disk volume Cluster Size (1-2Giga)[3]    : 

        Number of Keys to Define        (1-255)[1]      : 

        (Line Fill Key Record Init Add)
        Graph type to display           (Keyword)[Line] : Fill


        Number of Records that will be Initially Loaded
        into the File                   (0-2Giga)[-]    : 1000

        (Fast_Convert NoFast_Convert RMS_Puts)
        Initial File Load Method        (Keyword)[Fast] : 

        Number of Additional Records to be Added After
        the Initial File Load           (0-2147482645)[0]       : 

        Low bound: Key  0 Init Fill %   (50-100)[50]    : 

        High bound: Key  0 Init Fill %  (50-100)[100]   : 

        (Fixed Variable)
        Record Format                   (Keyword)[Var]  : 

        Mean Record Size                (1-32224)[-]    : 64

        Maximum Record Size             (0,64-32224)[0] : 

        (Bin2  Bin4  Bin8  Int2  Int4  Int8  Decimal  String  Collated
         Dbin2 Dbin4 Dbin8 Dint2 Dint4 Dint8 Ddecimal Dstring Dcollated)
        Key  0 Data Type                (Keyword)[Str]  : 

        Key  0 Segmentation desired     (Yes/No)[No]    : 

        Key  0 Length                   (1-255)[-]      : 8

        Key  0 Position                 (0-32216)[0]    : 

        Key  0 Duplicates allowed       (Yes/No)[No]    : 

        File Prolog Version             (0-3)[3]        : 

        Data Key Compression desired    (Yes/No)[Yes]   : 

        Data Record Compression desired (Yes/No)[Yes]   : 

        Index Compression desired       (Yes/No)[No]    : 


        Working ...
           100|  2 2\1 1 1 1 1 1 1 1 1\1 1 1 1 1 1 1 1 1 1 1 1 1 1 1 1 1 1 1 1 1
              |  2 2\1 1 1 1 1 1 1 1 1\1 1 1 1 1 1 1 1 1 1 1 1 1 1 1 1 1 1 1 1 1
            90|  2 2\1 1 1 1 1 1 1 1 1\1 1 1 1 1 1 1 1 1 1 1 1 1 1 1 1 1 1 1 1 1
Initial       |  2 2\1 1 1 1 1 1 1 1 1\1 1 1 1 1 1 1 1 1 1 1 1 1 1 1 1 1 1 1 1 1
            80|  2 2\1 1 1 1 1 1 1 1 1\1 1 1 1 1 1 1 1 1 1 1 1 1 1 1 1 1 1 1 1 1
Load          |  2 2\1 1 1 1 1 1 1 1 1\1 1 1 1 1 1 1 1 1 1 1 1 1 1 1 1 1 1 1 1 1
            70|  2 2\1 1 1 1 1 1 1 1 1\1 1 1 1 1 1 1 1 1 1 1 1 1 1 1 1 1 1 1 1 1
Fill          |  2 2 2\1 1 1 1 1 1 1 1 1\1 1 1 1 1 1 1 1 1 1 1 1 1 1 1 1 1 1 1 1
            60|  2 2 2\1 1 1 1 1 1 1 1 1\1 1 1 1 1 1 1 1 1 1 1 1 1 1 1 1 1 1 1 1
Percent       |  2 2 2\1 1 1 1 1 1 1 1 1\1 1 1 1 1 1 1 1 1 1 1 1 1 1 1 1 1 1 1 1
            50|  2 2 2\1 1 1 1 1 1 1 1 1\1 1 1 1 1 1 1 1 1 1 1 1 1 1 1 1 1 1 1 1
              |  3 2 2 2\1 1 1 1 1 1 1 1 1\1 1 1 1 1 1 1 1 1 1 1 1 1 1 1 1 1 1 1
            40|  3 2 2 2\1 1 1 1 1 1 1 1 1\1 1 1 1 1 1 1 1 1 1 1 1 1 1 1 1 1 1 1
              +- + - - - + - - - - + - - - - + - - - - + - - - - + - - - - + - +
                 1       5        10        15        20        25        30  32
                               Bucket Size (number of blocks)























 PV-Prolog Version       3 KT-Key  0 Type     String  EM-Emphasis       Flatter
 DK-Dup Key  0 Values   No KL-Key  0 Length        8 KP-Key  0 Position      0 
 RC-Data Record Comp    0% KC-Data Key Comp       0% IC-Index Record Comp   0% 
 RF-Record Format Variable RS-Mean Record Size    64 
 LM-Load Method  Fast_Conv IL-Initial Load      1000 AR-Added Records        0 
        (Type "FD" to Finish Design)
        Which File Parameter    (Mnemonic)[refresh]     : FD

        Text for FDL Title Section      (1-126 chars)[null]
        : 

        Data File file-spec             (1-512 chars)[null]
        : 

        (Carriage_Return FORTRAN None)
        Carriage Control                (Keyword)[Carr] : 

        Key  0 Load Fill Percent        (50-100)[100]   : 

        Emphasis Used In Defining Default:      (     Flatter_files     )
        Suggested Bucket Sizes:                 (       3      3     12 )
        Number of Levels in Index:              (       1      1      1 )
        Number of Buckets in Index:             (       1      1      1 )
        Pages Required to Cache Index:          (       3      3     12 )
        Processing Used to Search Index:        (       8      8     10 )

        Key  0 Bucket Size              (1-63)[3]       : 

        Key  0 Name                     (1-32 chars)[null]
        : 

        Global Buffers desired for pre-V8.3 system              (Yes/No)[No]    : 

        Global Buffer flags value for V8.3+             (default/percent)[none] : 

        Global Buffers desired for V8.3+ system                 (Yes/No)[No]    : 


        The Depth of Key  0 is Estimated to be No Greater
        than 1 Index levels, which is 2 Total levels.

         Press RETURN to continue (^Z for Main Menu)    

        (Add Delete Exit Help Invoke Modify Quit Set View)
        Main Editor Function            (Keyword)[Help] : *EXIT*

SYS$SYSROOT:[SYSMGR.EDI]I4.FDL;1  41 lines
$ SHOW SYMBOL $STATUS
  $STATUS == "%X00000001"
$ EDIT/FDL/SCRIPT=INDEXED I5.FDL
                        Parsing Definition File



        SYS$COMMON:[SYSMGR.EDI]I5.FDL; will be created.
                         Indexed Script 

        Target disk volume Cluster Size (1-2Giga)[3]    : 

        Number of Keys to Define        (1-255)[1]      : 

        (Line Fill Key Record Init Add)
        Graph type to display           (Keyword)[Line] : 


        Number of Records that will be Initially Loaded
        into the File                   (0-2Giga)[-]    : 1000

        (Fast_Convert NoFast_Convert RMS_Puts)
        Initial File Load Method        (Keyword)[Fast] : 

        Number of Additional Records to be Added After
        the Initial File Load           (0-2147482645)[0]       : 

        Key  0 Load Fill Percent        (50-100)[100]   : 

        (Fixed Variable)
        Record Format                   (Keyword)[Var]  : 

        Mean Record Size                (1-32224)[-]    : 64

        Maximum Record Size             (0,64-32224)[0] : 

        (Bin2  Bin4  Bin8  Int2  Int4  Int8  Decimal  String  Collated
         Dbin2 Dbin4 Dbin8 Dint2 Dint4 Dint8 Ddecimal Dstring Dcollated)
        Key  0 Data Type                (Keyword)[Str]  : 

        Key  0 Segmentation desired     (Yes/No)[No]    : Yes

        Key  0 Length           SEG0    (1-255)[-]      : 4

        Key  0 Length           SEG1    (1-255)[-]      : 6

        Key  0 Length           SEG2    (1-255)[-]      : 0

        Key  0 Position         SEG0    (0-32220)[0]    : 

        Key  0 Position         SEG1    (0-32218)[4]    : 

        Key  0 Duplicates allowed       (Yes/No)[No]    : 

        File Prolog Version             (0-3)[3]        : 

        Data Key Compression desired    (Yes/No)[Yes]   : 

        Data Record Compression desired (Yes/No)[Yes]   : 

        Index Compression desired       (Yes/No)[No]    : 


             *|
             9|
             8|
Index        7|
             6|
Depth        5|
             4|
             3|
             2|  2 2
             1|      1 1 1 1 1 1 1 1 1 1 1 1 1 1 1 1 1 1 1 1 1 1 1 1 1 1 1 1 1 1
              +- + - - - + - - - - + - - - - + - - - - + - - - - + - - - - + - +
                 1       5        10        15        20        25        30  32
                               Bucket Size (number of blocks)





















 PV-Prolog Version       3 KT-Key  0 Type     String  EM-Emphasis  Flatter ( 3)
 DK-Dup Key  0 Values   No KL-Key  0 Length       10 KP-Key  0 Position      0 
 RC-Data Record Comp    0% KC-Data Key Comp       0% IC-Index Record Comp   0% 
 BF-Bucket Fill       100% RF-Record Format Variable RS-Mean Record Size    64 
 LM-Load Method  Fast_Conv IL-Initial Load      1000 AR-Added Records        0 
        (Type "FD" to Finish Design)
        Which File Parameter    (Mnemonic)[refresh]     : FD

        Text for FDL Title Section      (1-126 chars)[null]
        : 

        Data File file-spec             (1-512 chars)[null]
        : 

        (Carriage_Return FORTRAN None)
        Carriage Control                (Keyword)[Carr] : 

        Emphasis Used In Defining Default:      (     Flatter_files     )
        Suggested Bucket Sizes:                 (       3      3     12 )
        Number of Levels in Index:              (       1      1      1 )
        Number of Buckets in Index:             (       1      1      1 )
        Pages Required to Cache Index:          (       3      3     12 )
        Processing Used to Search Index:        (       8      8     10 )

        Key  0 Bucket Size              (1-63)[3]       : 

        Key  0 Name                     (1-32 chars)[null]
        : 

        Global Buffers desired for pre-V8.3 system              (Yes/No)[No]    : 

        Global Buffer flags value for V8.3+             (default/percent)[none] : 

        Global Buffers desired for V8.3+ system                 (Yes/No)[No]    : 


        The Depth of Key  0 is Estimated to be No Greater
        than 1 Index levels, which is 2 Total levels.

         Press RETURN to continue (^Z for Main Menu)    

        (Add Delete Exit Help Invoke Modify Quit Set View)
        Main Editor Function            (Keyword)[Help] : *EXIT*

SYS$SYSROOT:[SYSMGR.EDI]I5.FDL;1  43 lines
$ SHOW SYMBOL $STATUS
  $STATUS == "%X00000001"
$ EDIT/FDL/SCRIPT=INDEXED I6.FDL
                        Parsing Definition File



        SYS$COMMON:[SYSMGR.EDI]I6.FDL; will be created.
                         Indexed Script 

        Target disk volume Cluster Size (1-2Giga)[3]    : 

        Number of Keys to Define        (1-255)[1]      : 

        (Line Fill Key Record Init Add)
        Graph type to display           (Keyword)[Line] : 


        Number of Records that will be Initially Loaded
        into the File                   (0-2Giga)[-]    : 1000

        (Fast_Convert NoFast_Convert RMS_Puts)
        Initial File Load Method        (Keyword)[Fast] : 

        Number of Additional Records to be Added After
        the Initial File Load           (0-2147482645)[0]       : 

        Key  0 Load Fill Percent        (50-100)[100]   : 

        (Fixed Variable)
        Record Format                   (Keyword)[Var]  : 

        Mean Record Size                (1-32224)[-]    : 64

        Maximum Record Size             (0,64-32224)[0] : 

        (Bin2  Bin4  Bin8  Int2  Int4  Int8  Decimal  String  Collated
         Dbin2 Dbin4 Dbin8 Dint2 Dint4 Dint8 Ddecimal Dstring Dcollated)
        Key  0 Data Type                (Keyword)[Str]  : 

        Key  0 Segmentation desired     (Yes/No)[No]    : 

        Key  0 Length                   (1-255)[-]      : 8

        Key  0 Position                 (0-32216)[0]    : 

        Key  0 Duplicates allowed       (Yes/No)[No]    : 

        File Prolog Version             (0-3)[3]        : 

        Data Key Compression desired    (Yes/No)[Yes]   : 

        Data Record Compression desired (Yes/No)[Yes]   : 

        Index Compression desired       (Yes/No)[No]    : 


             *|
             9|
             8|
Index        7|
             6|
Depth        5|
             4|
             3|
             2|  2 2
             1|      1 1 1 1 1 1 1 1 1 1 1 1 1 1 1 1 1 1 1 1 1 1 1 1 1 1 1 1 1 1
              +- + - - - + - - - - + - - - - + - - - - + - - - - + - - - - + - +
                 1       5        10        15        20        25        30  32
                               Bucket Size (number of blocks)





 PV-Prolog Version       3 KT-Key  0 Type     String  EM-Emphasis  Flatter ( 3)
 DK-Dup Key  0 Values   No KL-Key  0 Length        8 KP-Key  0 Position      0 
 RC-Data Record Comp    0% KC-Data Key Comp       0% IC-Index Record Comp   0% 
 BF-Bucket Fill       100% RF-Record Format Variable RS-Mean Record Size    64 
 LM-Load Method  Fast_Conv IL-Initial Load      1000 AR-Added Records        0 
        (Type "FD" to Finish Design)
        Which File Parameter    (Mnemonic)[refresh]     : FD

        Text for FDL Title Section      (1-126 chars)[null]
        : 

        Data File file-spec             (1-512 chars)[null]
        : 

        (Carriage_Return FORTRAN None)
        Carriage Control                (Keyword)[Carr] : 

        Emphasis Used In Defining Default:      (     Flatter_files     )
        Suggested Bucket Sizes:                 (       3      3     12 )
        Number of Levels in Index:              (       1      1      1 )
        Number of Buckets in Index:             (       1      1      1 )
        Pages Required to Cache Index:          (       3      3     12 )
        Processing Used to Search Index:        (       8      8     10 )

        Key  0 Bucket Size              (1-63)[3]       : 

        Key  0 Name                     (1-32 chars)[null]
        : 

        Global Buffers desired for pre-V8.3 system              (Yes/No)[No]    : 

        Global Buffer flags value for V8.3+             (default/percent)[none] : 

        Global Buffers desired for V8.3+ system                 (Yes/No)[No]    : 


        The Depth of Key  0 is Estimated to be No Greater
        than 1 Index levels, which is 2 Total levels.

         Press RETURN to continue (^Z for Main Menu)    

        (Add Delete Exit Help Invoke Modify Quit Set View)
        Main Editor Function            (Keyword)[Help] : A title for the file

         "" contains a syntax error. 
                         OpenVMS FDL Editor

        Add     to insert one line into the FDL definition
        Delete  to remove one line from the FDL definition
        Exit    to leave the FDL Editor after creating the FDL file
        Help    to obtain information about the FDL Editor
        Invoke  to initiate a script of related questions
        Modify  to change an existing line in the FDL definition
        Quit    to abort the FDL Editor with no FDL file creation
        Set     to specify FDL Editor characteristics
        View    to display the current FDL Definition

        Main Editor Function            (Keyword)[Help] : DKA0:[X]DATA.IDX

         "DKA0" contains a syntax error. 
                         OpenVMS FDL Editor

        Add     to insert one line into the FDL definition
        Delete  to remove one line from the FDL definition
        Exit    to leave the FDL Editor after creating the FDL file
        Help    to obtain information about the FDL Editor
        Invoke  to initiate a script of related questions
        Modify  to change an existing line in the FDL definition
        Quit    to abort the FDL Editor with no FDL file creation
        Set     to specify FDL Editor characteristics
        View    to display the current FDL Definition

        Main Editor Function            (Keyword)[Help] : F

         "F" contains a syntax error. 
                         OpenVMS FDL Editor

        Add     to insert one line into the FDL definition
        Delete  to remove one line from the FDL definition
        Exit    to leave the FDL Editor after creating the FDL file
        Help    to obtain information about the FDL Editor
        Invoke  to initiate a script of related questions
        Modify  to change an existing line in the FDL definition
        Quit    to abort the FDL Editor with no FDL file creation
        Set     to specify FDL Editor characteristics
        View    to display the current FDL Definition

        Main Editor Function            (Keyword)[Help] : 


  Information available:

  Abstract   ADD        DELETE     EXIT       HELP       INVOKE     MODIFY     Operation  QUIT       SET        VIEW

Topic? 
        (Add Delete Exit Help Invoke Modify Quit Set View)
        Main Editor Function            (Keyword)[Help] : Yes

         "YES" contains a syntax error. 
                         OpenVMS FDL Editor

        Add     to insert one line into the FDL definition
        Delete  to remove one line from the FDL definition
        Exit    to leave the FDL Editor after creating the FDL file
        Help    to obtain information about the FDL Editor
        Invoke  to initiate a script of related questions
        Modify  to change an existing line in the FDL definition
        Quit    to abort the FDL Editor with no FDL file creation
        Set     to specify FDL Editor characteristics
        View    to display the current FDL Definition

        Main Editor Function            (Keyword)[Help] : *EXIT*

SYS$SYSROOT:[SYSMGR.EDI]I6.FDL;1  41 lines
$ SHOW SYMBOL $STATUS
  $STATUS == "%X00000001"
$ DIRECTORY

Directory SYS$SYSROOT:[SYSMGR.EDI]

I1.FDL;1            I2.FDL;1            I3.FDL;1            I4.FDL;1           
I5.FDL;1            I6.FDL;1            IDX.FDL;1           

Total of 7 files.
$ TYPE I1.FDL;*
 
SYS$SYSROOT:[SYSMGR.EDI]I1.FDL;1
 
IDENT   FDL_VERSION 02  " 7-OCT-2026 19:01:13  OpenVMS FDL Editor"

SYSTEM
        SOURCE                  "OpenVMS"

FILE
        ORGANIZATION            indexed
        GLBUFF_FLAGS_V83        none

RECORD
        CARRIAGE_CONTROL        carriage_return
        FORMAT                  variable
        SIZE                    0

AREA 0
        ALLOCATION              162
        BEST_TRY_CONTIGUOUS     yes
        BUCKET_SIZE             3
        EXTENSION               39

AREA 1
        ALLOCATION              3
        BEST_TRY_CONTIGUOUS     yes
        BUCKET_SIZE             3
        EXTENSION               3

KEY 0
        CHANGES                 no
        DATA_AREA               0
        DATA_FILL               100
        DATA_KEY_COMPRESSION    yes
        DATA_RECORD_COMPRESSION yes
        DUPLICATES              no
        INDEX_AREA              1
        INDEX_COMPRESSION       no
        INDEX_FILL              100
        LEVEL1_INDEX_AREA       1
        PROLOG                  3
        SEG0_LENGTH             8
        SEG0_POSITION           0
        TYPE                    string
$ TYPE I2.FDL;*
 
SYS$SYSROOT:[SYSMGR.EDI]I2.FDL;1
 
IDENT   FDL_VERSION 02  " 7-OCT-2026 19:02:16  OpenVMS FDL Editor"

SYSTEM
        SOURCE                  "OpenVMS"

FILE
        ORGANIZATION            indexed
        GLBUFF_FLAGS_V83        none

RECORD
        CARRIAGE_CONTROL        carriage_return
        FORMAT                  fixed
        SIZE                    100

AREA 0
        ALLOCATION              11253
        BEST_TRY_CONTIGUOUS     yes
        BUCKET_SIZE             18
        EXTENSION               2826

AREA 1
        ALLOCATION              18
        BEST_TRY_CONTIGUOUS     yes
        BUCKET_SIZE             18
        EXTENSION               18

AREA 2
        ALLOCATION              2304
        BEST_TRY_CONTIGUOUS     yes
        BUCKET_SIZE             8
        EXTENSION               600

KEY 0
        CHANGES                 no
        DATA_AREA               0
        DATA_FILL               100
        DATA_KEY_COMPRESSION    yes
        DATA_RECORD_COMPRESSION yes
        DUPLICATES              no
        INDEX_AREA              1
        INDEX_COMPRESSION       no
        INDEX_FILL              100
        LEVEL1_INDEX_AREA       1
        PROLOG                  3
        SEG0_LENGTH             10
        SEG0_POSITION           0
        TYPE                    string

KEY 1
        CHANGES                 no
        DATA_AREA               2
        DATA_FILL               100
        DATA_KEY_COMPRESSION    yes
        DUPLICATES              yes
        INDEX_AREA              2
        INDEX_COMPRESSION       no
        INDEX_FILL              100
        LEVEL1_INDEX_AREA       2
        SEG0_LENGTH             10
        SEG0_POSITION           10
        TYPE                    string
$ TYPE I3.FDL;*
 
SYS$SYSROOT:[SYSMGR.EDI]I3.FDL;1
 
IDENT   FDL_VERSION 02  " 7-OCT-2026 19:03:45  OpenVMS FDL Editor"

SYSTEM
        SOURCE                  "OpenVMS"

FILE
        ORGANIZATION            indexed
        GLBUFF_FLAGS_V83        none

RECORD
        CARRIAGE_CONTROL        carriage_return
        FORMAT                  variable
        SIZE                    0

AREA 0
        ALLOCATION              20007
        BEST_TRY_CONTIGUOUS     yes
        BUCKET_SIZE             6
        EXTENSION               5004

AREA 1
        ALLOCATION              210
        BEST_TRY_CONTIGUOUS     yes
        BUCKET_SIZE             6
        EXTENSION               54

KEY 0
        CHANGES                 no
        DATA_AREA               0
        DATA_FILL               80
        DATA_KEY_COMPRESSION    yes
        DATA_RECORD_COMPRESSION yes
        DUPLICATES              no
        INDEX_AREA              1
        INDEX_COMPRESSION       no
        INDEX_FILL              80
        LEVEL1_INDEX_AREA       1
        PROLOG                  3
        SEG0_LENGTH             20
        SEG0_POSITION           0
        TYPE                    string
$ TYPE I4.FDL;*
 
SYS$SYSROOT:[SYSMGR.EDI]I4.FDL;1
 
IDENT   FDL_VERSION 02  " 7-OCT-2026 19:05:05  OpenVMS FDL Editor"

SYSTEM
        SOURCE                  "OpenVMS"

FILE
        ORGANIZATION            indexed
        GLBUFF_FLAGS_V83        none

RECORD
        CARRIAGE_CONTROL        carriage_return
        FORMAT                  variable
        SIZE                    0

AREA 0
        ALLOCATION              162
        BEST_TRY_CONTIGUOUS     yes
        BUCKET_SIZE             3
        EXTENSION               39

AREA 1
        ALLOCATION              3
        BEST_TRY_CONTIGUOUS     yes
        BUCKET_SIZE             3
        EXTENSION               3

KEY 0
        CHANGES                 no
        DATA_AREA               0
        DATA_FILL               100
        DATA_KEY_COMPRESSION    yes
        DATA_RECORD_COMPRESSION yes
        DUPLICATES              no
        INDEX_AREA              1
        INDEX_COMPRESSION       no
        INDEX_FILL              100
        LEVEL1_INDEX_AREA       1
        PROLOG                  3
        SEG0_LENGTH             8
        SEG0_POSITION           0
        TYPE                    string
$ TYPE I5.FDL;*
 
SYS$SYSROOT:[SYSMGR.EDI]I5.FDL;1
 
IDENT   FDL_VERSION 02  " 7-OCT-2026 19:06:09  OpenVMS FDL Editor"

SYSTEM
        SOURCE                  "OpenVMS"

FILE
        ORGANIZATION            indexed
        GLBUFF_FLAGS_V83        none

RECORD
        CARRIAGE_CONTROL        carriage_return
        FORMAT                  variable
        SIZE                    0

AREA 0
        ALLOCATION              162
        BEST_TRY_CONTIGUOUS     yes
        BUCKET_SIZE             3
        EXTENSION               39

AREA 1
        ALLOCATION              3
        BEST_TRY_CONTIGUOUS     yes
        BUCKET_SIZE             3
        EXTENSION               3

KEY 0
        CHANGES                 no
        DATA_AREA               0
        DATA_FILL               100
        DATA_KEY_COMPRESSION    yes
        DATA_RECORD_COMPRESSION yes
        DUPLICATES              no
        INDEX_AREA              1
        INDEX_COMPRESSION       no
        INDEX_FILL              100
        LEVEL1_INDEX_AREA       1
        PROLOG                  3
        SEG0_LENGTH             4
        SEG0_POSITION           0
        SEG1_LENGTH             6
        SEG1_POSITION           4
        TYPE                    string
$ TYPE I6.FDL;*
 
SYS$SYSROOT:[SYSMGR.EDI]I6.FDL;1
 
IDENT   FDL_VERSION 02  " 7-OCT-2026 19:07:17  OpenVMS FDL Editor"

SYSTEM
        SOURCE                  "OpenVMS"

FILE
        ORGANIZATION            indexed
        GLBUFF_FLAGS_V83        none

RECORD
        CARRIAGE_CONTROL        carriage_return
        FORMAT                  variable
        SIZE                    0

AREA 0
        ALLOCATION              162
        BEST_TRY_CONTIGUOUS     yes
        BUCKET_SIZE             3
        EXTENSION               39

AREA 1
        ALLOCATION              3
        BEST_TRY_CONTIGUOUS     yes
        BUCKET_SIZE             3
        EXTENSION               3

KEY 0
        CHANGES                 no
        DATA_AREA               0
        DATA_FILL               100
        DATA_KEY_COMPRESSION    yes
        DATA_RECORD_COMPRESSION yes
        DUPLICATES              no
        INDEX_AREA              1
        INDEX_COMPRESSION       no
        INDEX_FILL              100
        LEVEL1_INDEX_AREA       1
        PROLOG                  3
        SEG0_LENGTH             8
        SEG0_POSITION           0
        TYPE                    string
$ 