$ SET DEFAULT SYS$LOGIN
$ CREATE/DIRECTORY [.EDO]
$ SET DEFAULT [.EDO]
$ CREATE IDX.FDL
FILE
  ORGANIZATION indexed
RECORD
  FORMAT fixed
  SIZE 64
KEY 0
  SEG0_LENGTH 8
  SEG0_POSITION 0
  DUPLICATES no
  CHANGES no
KEY 1
  SEG0_LENGTH 10
  SEG0_POSITION 8
  DUPLICATES yes
  CHANGES yes
*EXIT*
$ CREATE SETUP.COM
$ CREATE/FDL=IDX.FDL IDX.DAT
$ OPEN/READ/WRITE f IDX.DAT
$ n = 1
$l:
$ k = n * 37 - (n * 37 / 1009) * 1009
$ WRITE f F$FAO("ID!6ZLCITY!6ZL!46AS", k, k - (k / 50) * 50, "x")
$ n = n + 1
$ IF n .LE. 1000 THEN GOTO l
$ CLOSE f
$ ANALYZE/RMS_FILE/FDL/OUTPUT=IDXA.FDL IDX.DAT
*EXIT*
$ @SETUP
$ COPY IDX.FDL O1.FDL
$ COPY IDX.FDL O2.FDL
$ COPY IDX.FDL A1.FDL
$ COPY IDX.FDL T1.FDL
$ COPY IDX.FDL D1.FDL
$ COPY IDX.FDL V1.FDL
$ EDIT/FDL/SCRIPT=OPTIMIZE/ANALYSIS=IDXA.FDL O1.FDL
                        Parsing Definition File
                        Definition Parse Complete
                         Optimize Script 

        Parsing Analysis File
        Analysis Parse Complete

        The Definition of Key  0 will be replaced.

         Press RETURN to continue (^Z for Main Menu)    

        (Line Fill Key Record Init Add)
        Graph type to display           (Keyword)[Line] : 


        Number of Records that will be Reloaded
        into the File                   (0-2Giga)[1000] : 

        (Fast_Convert NoFast_Convert RMS_Puts)
        File Reloading Method           (Keyword)[Fast] : 

        Number of Additional Records to be Added After
        the Reloading the File          (0-2147482645)[0]       : 

        Key  0 Load Fill Percent        (50-100)[100]   : 

        (Bin2  Bin4  Bin8  Int2  Int4  Int8  Decimal  String  Collated
         Dbin2 Dbin4 Dbin8 Dint2 Dint4 Dint8 Ddecimal Dstring Dcollated)
        Key  0 Data Type                (Keyword)[Str]  : 

        Key  0 Segmentation desired     (Yes/No)[No]    : 

        File Prolog Version             (0-3)[3]        : 

        Data Key Compression desired    (Yes/No)[Yes]   : 

        Data Record Compression desired (Yes/No)[Yes]   : 

        Index Compression desired       (Yes/No)[No]    : 


             *|
             9|
             8|
Index        7|
             6|
Depth        5|
             4|
             3|
             2|  2
             1|    1 1 1 1 1 1 1 1 1 1 1 1 1 1 1 1 1 1 1 1 1 1 1 1 1 1 1 1 1 1 1
              +- + - - - + - - - - + - - - - + - - - - + - - - - + - - - - + - +
                 1       5        10        15        20        25        30  32
                               Bucket Size (number of blocks)













 PV-Prolog Version       3 KT-Key  0 Type     String  EM-Emphasis  Flatter ( 2)
 DK-Dup Key  0 Values   No KL-Key  0 Length        8 KP-Key  0 Position      0 
 RC-Data Record Comp   73% KC-Data Key Comp      56% IC-Index Record Comp   0% 
 BF-Bucket Fill       100% RF-Record Format    Fixed RS-Record Size         64 
 LM-Load Method  Fast_Conv IL-Initial Load      1000 AR-Added Records        0 
        (Type "FD" to Finish Design)
        Which File Parameter    (Mnemonic)[refresh]     : FD

        Text for FDL Title Section      (1-126 chars)[null]
        : 

        Data File file-spec             (1-512 chars)[null]
        : 

        (Carriage_Return FORTRAN None)
        Carriage Control                (Keyword)[Carr] : 

        Emphasis Used In Defining Default:      (     Flatter_files     )
        Suggested Bucket Sizes:                 (       2      2     16 )
        Number of Levels in Index:              (       1      1      1 )
        Number of Buckets in Index:             (       1      1      1 )
        Pages Required to Cache Index:          (       2      2     16 )
        Processing Used to Search Index:        (       8      8     11 )

        Key  0 Bucket Size              (1-63)[2]       : 

        Key  0 Name                     (1-32 chars)[null]
        : 


        The Depth of Key  0 is Estimated to be No Greater
        than 1 Index levels, which is 2 Total levels.

         Press RETURN to continue (^Z for Main Menu)    

        The Definition of Key  1 will be replaced.

         Press RETURN to continue (^Z for Main Menu)    

        (Line Fill Key)
        Graph type to display           (Keyword)[Line] : 


        Key  1 Load Fill Percent        (50-100)[100]   : 

        (Bin2  Bin4  Bin8  Int2  Int4  Int8  Decimal  String  Collated
         Dbin2 Dbin4 Dbin8 Dint2 Dint4 Dint8 Ddecimal Dstring Dcollated)
        Key  1 Data Type                (Keyword)[Str]  : 

        Key  1 Segmentation desired     (Yes/No)[No]    : 

        Data Key Compression desired    (Yes/No)[Yes]   : 

        Index Compression desired       (Yes/No)[No]    : 


             *|
             9|
             8|
Index        7|
             6|
Depth        5|
             4|
             3|
             2|
             1|  1 1 1 1 1 1 1 1 1 1 1 1 1 1 1 1 1 1 1 1 1 1 1 1 1 1 1 1 1 1 1 1
              +- + - - - + - - - - + - - - - + - - - - + - - - - + - - - - + - +
                 1       5        10        15        20        25        30  32
                               Bucket Size (number of blocks)



 PV-Prolog Version       3 KT-Key  1 Type     String  EM-Emphasis  Flatter ( 1)
 DK-Dup Key  1 Values  Yes KL-Key  1 Length       10 KP-Key  1 Position      8 
 RC-Data Record Comp    0% KC-Data Key Comp      56% IC-Index Record Comp   0% 
 BF-Bucket Fill       100% RF-Record Format    Fixed RS-Record Size         64 
 LM-Load Method  Fast_Conv IL-Initial Load        50 AR-Added Records        0 
        (Type "FD" to Finish Design)
        Which File Parameter    (Mnemonic)[refresh]     : FD

        Emphasis Used In Defining Default:      (     Flatter_files     )
        Suggested Bucket Sizes:                 (       1      1     10 )
        Number of Levels in Index:              (       1      1      1 )
        Number of Buckets in Index:             (       1      1      1 )
        Pages Required to Cache Index:          (       1      1     10 )
        Processing Used to Search Index:        (       6      6     10 )

        Key  1 Bucket Size              (1-63)[1]       : 

        Key  1 Name                     (1-32 chars)[null]
        : 


        The Depth of Key  1 is Estimated to be No Greater
        than 1 Index levels, which is 2 Total levels.

         Press RETURN to continue (^Z for Main Menu)    

        (Add Delete Exit Help Invoke Modify Quit Set View)
        Main Editor Function            (Keyword)[Help] : *EXIT*

SYS$SYSROOT:[SYSMGR.EDO]O1.FDL;2  61 lines
$ SHOW SYMBOL $STATUS
  $STATUS == "%X00000001"
$ EDIT/FDL/SCRIPT=OPTIMIZE O2.FDL
                        Parsing Definition File
                        Definition Parse Complete
                         Optimize Script 

        An Input Analysis File is necessary for Optimizing Keys.
        
        Analysis File file-spec (1-512 chars)[null]
        : 

        Parsing Analysis File
%FDL-F-OPENFDL, error opening SYS$COMMON:[SYSMGR.EDO].FDL;
-RMS-E-DNF, directory not found
-SYSTEM-W-NOSUCHFILE, no such file
        The Analysis File must contain ANALYSIS_OF_KEY primary sections.
        The DCL command "ANALYZE/RMS_FILE/FDL" produces Analysis Files.
        (Add Delete Exit Help Invoke Modify Quit Set View)
        Main Editor Function            (Keyword)[Help] : *EXIT*

SYS$SYSROOT:[SYSMGR.EDO]O2.FDL;2  28 lines
$ SHOW SYMBOL $STATUS
  $STATUS == "%X00000001"
$ EDIT/FDL O2.FDL
                        Parsing Definition File
%FDL-E-OUTORDER, key or area primary defined out of order in statement 7
%FDL-E-UNPRIKW, unrecognized primary keyword in statement 8 
 \BUCKET\
%FDL-W-NULLPRI, null primary block
%FDL-E-OUTORDER, key or area primary defined out of order in statement 9
%FDL-E-UNPRIKW, unrecognized primary keyword in statement 10 
 \ALLOCATION\
%FDL-E-UNPRIKW, unrecognized primary keyword in statement 11 
 \BUCKET\
%FDL-E-UNPRIKW, unrecognized primary keyword in statement 12 
 \EXTENSION\
%FDL-W-NULLPRI, null primary block
$ SET
_What: ANALYSIS
%DCL-W-IVKEYW, unrecognized keyword - check validity and spelling
 \ANALYSIS\
$ IDXA.FDL
%DCL-W-IVVERB, unrecognized command verb - check validity and spelling
 \IDXA\
$ INVOKE
%DCL-W-IVVERB, unrecognized command verb - check validity and spelling
 \INVOKE\
$ OPTIMIZE
%DCL-W-IVVERB, unrecognized command verb - check validity and spelling
 \OPTIMIZE\
$ SHOW SYMBOL $STATUS
  $STATUS == "%X00038090"
$ EDIT/FDL/SCRIPT=ADD_KEY A1.FDL
                        Parsing Definition File
                        Definition Parse Complete
                         Add_Key Script 

        Target disk volume Cluster Size (1-2Giga)[3]    : 

        (Line Fill Key)
        Graph type to display           (Keyword)[Line] : 


        Number of Records that will be Initially Loaded
        into the File                   (0-2Giga)[-]    : 1000

        (Fast_Convert NoFast_Convert RMS_Puts)
        Initial File Load Method        (Keyword)[Fast] : 

        Number of Additional Records to be Added After
        the Initial File Load           (0-2147482645)[0]       : 

        Key  2 Load Fill Percent        (50-100)[100]   : 

        (Fixed Variable)
        Record Format                   (Keyword)[Var]  : 

        Mean Record Size                (1-32224)[-]    : 1000

        Maximum Record Size             (0,1000-32224)[0] : 

        (Bin2  Bin4  Bin8  Int2  Int4  Int8  Decimal  String  Collated
         Dbin2 Dbin4 Dbin8 Dint2 Dint4 Dint8 Ddecimal Dstring Dcollated)
        Key  2 Data Type                (Keyword)[Str]  : 

        Key  2 Segmentation desired     (Yes/No)[No]    : 

        Key  2 Length                   (1-255)[-]      : 6

        Key  2 Position                 (0-32218)[0]    : 

        Key  2 Duplicates allowed       (Yes/No)[Yes]   : 

        File Prolog Version             (0-3)[3]        : 

        Data Key Compression desired    (Yes/No)[Yes]   : 

        Index Compression desired       (Yes/No)[No]    : 


             *|
             9|
             8|
Index        7|
             6|
Depth        5|
             4|
             3|
             2|
             1|      1 1 1 1 1 1 1 1 1 1 1 1 1 1 1 1 1 1 1 1 1 1 1 1 1 1 1 1 1 1
              +- + - - - + - - - - + - - - - + - - - - + - - - - + - - - - + - +
                 1       5        10        15        20        25        30  32
                               Bucket Size (number of blocks)
























 PV-Prolog Version       3 KT-Key  2 Type     String  EM-Emphasis  Flatter ( 3)
 DK-Dup Key  2 Values  Yes KL-Key  2 Length        6 KP-Key  2 Position      0 
 RC-Data Record Comp    0% KC-Data Key Comp       0% IC-Index Record Comp   0% 
 BF-Bucket Fill       100% RF-Record Format Variable RS-Mean Record Size  1000 
 LM-Load Method  Fast_Conv IL-Initial Load      1000 AR-Added Records        0 
        (Type "FD" to Finish Design)
        Which File Parameter    (Mnemonic)[refresh]     : FD

        Emphasis Used In Defining Default:      (     Flatter_files     )
        Suggested Bucket Sizes:                 (       3      3     12 )
        Number of Levels in Index:              (       1      1      1 )
        Number of Buckets in Index:             (       1      1      1 )
        Pages Required to Cache Index:          (       3      3     12 )
        Processing Used to Search Index:        (       8      8     10 )

        Key  2 Bucket Size              (1-63)[3]       : 

        Key  2 Changes allowed          (Yes/No)[No]    : 

        Key  2 Name                     (1-32 chars)[null]
        : 


        The Depth of Key  2 is Estimated to be No Greater
        than 1 Index levels, which is 2 Total levels.

         Press RETURN to continue (^Z for Main Menu)    

        (Add Delete Exit Help Invoke Modify Quit Set View)
        Main Editor Function            (Keyword)[Help] : *EXIT*

SYS$SYSROOT:[SYSMGR.EDO]A1.FDL;2  42 lines
$ SHOW SYMBOL $STATUS
  $STATUS == "%X00000001"
$ EDIT/FDL/SCRIPT=TOUCHUP T1.FDL
                        Parsing Definition File
                        Definition Parse Complete
                         Touchup Script 

        Target disk volume Cluster Size (1-2Giga)[3]    : 

        Key of Reference                (0-1)[0]        : 1

        The Definition of Key  1 will be replaced.

         Press RETURN to continue (^Z for Main Menu)    

        (Line Fill Key)
        Graph type to display           (Keyword)[Line] : 


        Number of Records that will be Initially Loaded
        into the File                   (0-2Giga)[-]    : 1000

        (Fast_Convert NoFast_Convert RMS_Puts)
        Initial File Load Method        (Keyword)[Fast] : 

        Number of Additional Records to be Added After
        the Initial File Load           (0-2147482645)[0]       : 

        Key  1 Load Fill Percent        (50-100)[100]   : 

        (Fixed Variable)
        Record Format                   (Keyword)[Var]  : 

        Mean Record Size                (1-32224)[-]    : 1000

        Maximum Record Size             (0,1000-32224)[0] : 

        (Bin2  Bin4  Bin8  Int2  Int4  Int8  Decimal  String  Collated
         Dbin2 Dbin4 Dbin8 Dint2 Dint4 Dint8 Ddecimal Dstring Dcollated)
        Key  1 Data Type                (Keyword)[Str]  : 

        Key  1 Segmentation desired     (Yes/No)[No]    : 

        Key  1 Length                   (1-255)[-]      : 255

        Key  1 Position                 (0-31969)[0]    : 

        Key  1 Duplicates allowed       (Yes/No)[Yes]   : 

        File Prolog Version             (0-3)[3]        : 

        Data Key Compression desired    (Yes/No)[Yes]   : 

        Index Compression desired       (Yes/No)[No]    : 


             *|
             9|
             8|
Index        7|
             6|
Depth        5|
             4|      4
             3|        3 3
             2|            2 2 2 2 2 2 2 2 2 2 2
             1|                                  1 1 1 1 1 1 1 1 1 1 1 1 1 1 1 1
              +- + - - - + - - - - + - - - - + - - - - + - - - - + - - - - + - +
                 1       5        10        15        20        25        30  32
                               Bucket Size (number of blocks)



















 PV-Prolog Version       3 KT-Key  1 Type     String  EM-Emphasis  Flatter (18)
 DK-Dup Key  1 Values  Yes KL-Key  1 Length      255 KP-Key  1 Position      0 
 RC-Data Record Comp    0% KC-Data Key Comp       0% IC-Index Record Comp   0% 
 BF-Bucket Fill       100% RF-Record Format Variable RS-Mean Record Size  1000 
 LM-Load Method  Fast_Conv IL-Initial Load      1000 AR-Added Records        0 
        (Type "FD" to Finish Design)
        Which File Parameter    (Mnemonic)[refresh]     : FD

        Emphasis Used In Defining Default:      (     Flatter_files     )
        Suggested Bucket Sizes:                 (       6     18     27 )
        Number of Levels in Index:              (       2      1      1 )
        Number of Buckets in Index:             (      10      1      1 )
        Pages Required to Cache Index:          (      60     18     27 )
        Processing Used to Search Index:        (      10      6      7 )

        Key  1 Bucket Size              (2-63)[18]      : 

        Key  1 Changes allowed          (Yes/No)[No]    : 

        Key  1 Name                     (1-32 chars)[null]
        : 


        The Depth of Key  1 is Estimated to be No Greater
        than 1 Index levels, which is 2 Total levels.

         Press RETURN to continue (^Z for Main Menu)    

        (Add Delete Exit Help Invoke Modify Quit Set View)
        Main Editor Function            (Keyword)[Help] : *EXIT*

SYS$SYSROOT:[SYSMGR.EDO]T1.FDL;2  37 lines
$ SHOW SYMBOL $STATUS
  $STATUS == "%X00000001"
$ EDIT/FDL/SCRIPT=DELETE_KEY D1.FDL
                        Parsing Definition File
                        Definition Parse Complete
                         Delete_Key Script 

        Deleting KEY  1 primary section.

         Press RETURN to continue (^Z for Main Menu)    

        End of Delete_Key_Indexed Script.

         Press RETURN or ^Z for Main Menu         

        (Add Delete Exit Help Invoke Modify Quit Set View)
        Main Editor Function            (Keyword)[Help] : *EXIT*

SYS$SYSROOT:[SYSMGR.EDO]D1.FDL;2  14 lines
$ SHOW SYMBOL $STATUS
  $STATUS == "%X00000001"
$ EDIT/FDL V1.FDL
                        Parsing Definition File
                        Definition Parse Complete
        (Add Delete Exit Help Invoke Modify Quit Set View)
        Main Editor Function            (Keyword)[Help] : INVOKE

        (Add_Key Delete_Key Indexed Optimize
         Relative Sequential Touchup)
        Editing Script Title            (Keyword)[-]    : ?

                         Script Title Selection 

        Add_Key         modeling and addition of a new index's parameters
        Delete_Key      removal of the highest index's parameters
        Indexed         modeling of parameters for an entire Indexed file
        Optimize        tuning of all indices' parameters using file statistics
        Relative        selection of parameters for a Relative file
        Sequential      selection of parameters for a Sequential file
        Touchup         remodeling of parameters for a particular index

        Editing Script Title            (Keyword)[-]    : BOGUS

         "BOGUS" contains a syntax error. 
                         Script Title Selection 

        Add_Key         modeling and addition of a new index's parameters
        Delete_Key      removal of the highest index's parameters
        Indexed         modeling of parameters for an entire Indexed file
        Optimize        tuning of all indices' parameters using file statistics
        Relative        selection of parameters for a Relative file
        Sequential      selection of parameters for a Sequential file
        Touchup         remodeling of parameters for a particular index

        Editing Script Title            (Keyword)[-]    : TOUCH

        Target disk volume Cluster Size (1-2Giga)[3]    : 

        Key of Reference                (0-1)[0]        : 

        The Definition of Key  0 will be replaced.

         Press RETURN to continue (^Z for Main Menu)    

        (Line Fill Key Record Init Add)
        Graph type to display           (Keyword)[Line] : 


        Number of Records that will be Initially Loaded
        into the File                   (0-2Giga)[-]    : 1000

        (Fast_Convert NoFast_Convert RMS_Puts)
        Initial File Load Method        (Keyword)[Fast] : 

        Number of Additional Records to be Added After
        the Initial File Load           (0-2147482645)[0]       : 

        Key  0 Load Fill Percent        (50-100)[100]   : 

        (Fixed Variable)
        Record Format                   (Keyword)[Var]  : 

        Mean Record Size                (1-32224)[-]    : 1000

        Maximum Record Size             (0,1000-32224)[0] : 

        (Bin2  Bin4  Bin8  Int2  Int4  Int8  Decimal  String  Collated
         Dbin2 Dbin4 Dbin8 Dint2 Dint4 Dint8 Ddecimal Dstring Dcollated)
        Key  0 Data Type                (Keyword)[Str]  : 

        Key  0 Segmentation desired     (Yes/No)[No]    : 

        Key  0 Length                   (1-255)[-]      : 255

        Key  0 Position                 (0-31969)[0]    : 

        Key  0 Duplicates allowed       (Yes/No)[No]    : 

        File Prolog Version             (0-3)[3]        : 

        Data Key Compression desired    (Yes/No)[Yes]   : 

        Data Record Compression desired (Yes/No)[Yes]   : 

        Index Compression desired       (Yes/No)[No]    : 


             *|
             9|
             8|
Index        7|
             6|
Depth        5|      5
             4|        4
             3|          3 3 3 3
             2|                  2 2 2 2 2 2 2 2 2 2 2 2 2 2 2 2 2 2 2 2 2 2 2
             1|                                                                1
              +- + - - - + - - - - + - - - - + - - - - + - - - - + - - - - + - +
                 1       5        10        15        20        25        30  32
                               Bucket Size (number of blocks)
















 PV-Prolog Version       3 KT-Key  0 Type     String  EM-Emphasis  Flatter ( 9)
 DK-Dup Key  0 Values   No KL-Key  0 Length      255 KP-Key  0 Position      0 
 RC-Data Record Comp    0% KC-Data Key Comp       0% IC-Index Record Comp   0% 
 BF-Bucket Fill       100% RF-Record Format Variable RS-Mean Record Size  1000 
 LM-Load Method  Fast_Conv IL-Initial Load      1000 AR-Added Records        0 
        (Type "FD" to Finish Design)
        Which File Parameter    (Mnemonic)[refresh]     : FD

        Text for FDL Title Section      (1-126 chars)[null]
        : 

        Data File file-spec             (1-512 chars)[null]
        : 

        (Carriage_Return FORTRAN None)
        Carriage Control                (Keyword)[Carr] : 

        Emphasis Used In Defining Default:      (     Flatter_files     )
        Suggested Bucket Sizes:                 (       6      9     33 )
        Number of Levels in Index:              (       3      2      1 )
        Number of Buckets in Index:             (      35     16      1 )
        Pages Required to Cache Index:          (     210    144     33 )
        Processing Used to Search Index:        (      15     10      7 )

        Key  0 Bucket Size              (2-63)[9]       : 

        Key  0 Name                     (1-32 chars)[null]
        : 

        Global Buffers desired for pre-V8.3 system              (Yes/No)[No]    : 

        Global Buffer flags value for V8.3+             (default/percent)[none] : 

        Global Buffers desired for V8.3+ system                 (Yes/No)[No]    : 


        The Depth of Key  0 is Estimated to be No Greater
        than 2 Index levels, which is 3 Total levels.

         Press RETURN to continue (^Z for Main Menu)    

        (Add Delete Exit Help Invoke Modify Quit Set View)
        Main Editor Function            (Keyword)[Help] : INVOKE

        (Add_Key Delete_Key Indexed Optimize
         Relative Sequential Touchup)
        Editing Script Title            (Keyword)[-]    : DELETE_KEY

        Deleting KEY  1 primary section.

         Press RETURN to continue (^Z for Main Menu)    

        End of Delete_Key_Indexed Script.

         Press RETURN or ^Z for Main Menu         

        (Add Delete Exit Help Invoke Modify Quit Set View)
        Main Editor Function            (Keyword)[Help] : VIEW

        IDENT   FDL_VERSION 02  " 7-OCT-2026 19:21:19  OpenVMS FDL Editor"

        SYSTEM
                SOURCE                  "OpenVMS"

        FILE
                ORGANIZATION            indexed
                GLBUFF_FLAGS_V83        none

        RECORD
                CARRIAGE_CONTROL        carriage_return
                FORMAT                  variable
                SIZE                    0

        AREA 0
                ALLOCATION              2250
                BEST_TRY_CONTIGUOUS     yes
                BUCKET_SIZE             9
                EXTENSION               567

        AREA 1
                ALLOCATION              144
                BEST_TRY_CONTIGUOUS     yes
                BUCKET_SIZE             9
                EXTENSION               36

        KEY 0
                CHANGES                 no
                DATA_AREA               0
                DATA_FILL               100
                DATA_KEY_COMPRESSION    yes
                DATA_RECORD_COMPRESSION yes
                DUPLICATES              no
                INDEX_AREA              1
                INDEX_COMPRESSION       no
                INDEX_FILL              100
                LEVEL1_INDEX_AREA       1
                PROLOG                  3
                SEG0_LENGTH             255
                SEG0_POSITION           0
                TYPE                    string

        (Add Delete Exit Help Invoke Modify Quit Set View)
        Main Editor Function            (Keyword)[Help] : *EXIT*

SYS$SYSROOT:[SYSMGR.EDO]V1.FDL;2  41 lines
$ SHOW SYMBOL $STATUS
  $STATUS == "%X00000001"
$ DIRECTORY

Directory SYS$SYSROOT:[SYSMGR.EDO]

A1.FDL;2            A1.FDL;1            D1.FDL;2            D1.FDL;1           
IDX.DAT;1           IDX.FDL;1           IDXA.FDL;1          O1.FDL;2           
O1.FDL;1            O2.FDL;2            O2.FDL;1            SETUP.COM;1        
T1.FDL;2            T1.FDL;1            V1.FDL;2            V1.FDL;1           

Total of 16 files.
$ TYPE O1.FDL;*
 
SYS$SYSROOT:[SYSMGR.EDO]O1.FDL;2
 
IDENT   FDL_VERSION 02  " 7-OCT-2026 19:18:03  OpenVMS FDL Editor"

SYSTEM
        SOURCE                  "OpenVMS"

FILE
        ORGANIZATION            indexed
        GLBUFF_FLAGS_V83        none

RECORD
        CARRIAGE_CONTROL        carriage_return
        FORMAT                  fixed
        SIZE                    64

AREA 0
        ALLOCATION              96
        BEST_TRY_CONTIGUOUS     yes
        BUCKET_SIZE             2
        EXTENSION               32

AREA 1
        ALLOCATION              16
        BEST_TRY_CONTIGUOUS     yes
        BUCKET_SIZE             2
        EXTENSION               16

AREA 2
        ALLOCATION              32
        BEST_TRY_CONTIGUOUS     yes
        BUCKET_SIZE             1
        EXTENSION               32

KEY 0
        CHANGES                 no
        DATA_AREA               0
        DATA_FILL               100
        DATA_KEY_COMPRESSION    yes
        DATA_RECORD_COMPRESSION yes
        DUPLICATES              no
        INDEX_AREA              1
        INDEX_COMPRESSION       no
        INDEX_FILL              100
        LEVEL1_INDEX_AREA       1
        PROLOG                  3
        SEG0_LENGTH             8
        SEG0_POSITION           0
        TYPE                    string

KEY 1
        CHANGES                 yes
        DATA_AREA               2
        DATA_FILL               100
        DATA_KEY_COMPRESSION    yes
        DUPLICATES              yes
        INDEX_AREA              2
        INDEX_COMPRESSION       no
        INDEX_FILL              100
        LEVEL1_INDEX_AREA       2
        SEG0_LENGTH             10
        SEG0_POSITION           8
        TYPE                    string
 
SYS$SYSROOT:[SYSMGR.EDO]O1.FDL;1
 
FILE
  ORGANIZATION indexed
RECORD
  FORMAT fixed
  SIZE 64
KEY 0
  SEG0_LENGTH 8
  SEG0_POSITION 0
  DUPLICATES no
  CHANGES no
KEY 1
  SEG0_LENGTH 10
  SEG0_POSITION 8
  DUPLICATES yes
  CHANGES yes
$ TYPE O2.FDL;*
 
SYS$SYSROOT:[SYSMGR.EDO]O2.FDL;2
 
IDENT   FDL_VERSION 02  " 7-OCT-2026 19:19:07  OpenVMS FDL Editor"

FILE
        ORGANIZATION            indexed

RECORD
        FORMAT                  fixed
        SIZE                    64

AREA 1
        BUCKET_SIZE             12

AREA 2
        ALLOCATION              0
        BUCKET_SIZE             3
        EXTENSION               0

KEY 0
        CHANGES                 no
        DUPLICATES              no
        SEG0_LENGTH             8
        SEG0_POSITION           0

KEY 1
        CHANGES                 yes
        DUPLICATES              yes
        SEG0_LENGTH             10
        SEG0_POSITION           8
 
SYS$SYSROOT:[SYSMGR.EDO]O2.FDL;1
 
FILE
  ORGANIZATION indexed
RECORD
  FORMAT fixed
  SIZE 64
KEY 0
  SEG0_LENGTH 8
  SEG0_POSITION 0
  DUPLICATES no
  CHANGES no
KEY 1
  SEG0_LENGTH 10
  SEG0_POSITION 8
  DUPLICATES yes
  CHANGES yes
$ TYPE A1.FDL;*
 
SYS$SYSROOT:[SYSMGR.EDO]A1.FDL;2
 
IDENT   FDL_VERSION 02  " 7-OCT-2026 19:19:28  OpenVMS FDL Editor"

FILE
        ORGANIZATION            indexed

RECORD
        FORMAT                  fixed
        SIZE                    64

AREA 1
        BUCKET_SIZE             12

AREA 2
        ALLOCATION              42
        BUCKET_SIZE             3
        EXTENSION               12

KEY 0
        CHANGES                 no
        DUPLICATES              no
        SEG0_LENGTH             8
        SEG0_POSITION           0

KEY 1
        CHANGES                 yes
        DUPLICATES              yes
        SEG0_LENGTH             10
        SEG0_POSITION           8

KEY 2
        CHANGES                 no
        DATA_AREA               2
        DATA_FILL               100
        DATA_KEY_COMPRESSION    yes
        DUPLICATES              yes
        INDEX_AREA              2
        INDEX_COMPRESSION       no
        INDEX_FILL              100
        LEVEL1_INDEX_AREA       2
        SEG0_LENGTH             6
        SEG0_POSITION           0
        TYPE                    string
 
SYS$SYSROOT:[SYSMGR.EDO]A1.FDL;1
 
FILE
  ORGANIZATION indexed
RECORD
  FORMAT fixed
  SIZE 64
KEY 0
  SEG0_LENGTH 8
  SEG0_POSITION 0
  DUPLICATES no
  CHANGES no
KEY 1
  SEG0_LENGTH 10
  SEG0_POSITION 8
  DUPLICATES yes
  CHANGES yes
$ TYPE T1.FDL;*
 
SYS$SYSROOT:[SYSMGR.EDO]T1.FDL;2
 
IDENT   FDL_VERSION 02  " 7-OCT-2026 19:20:18  OpenVMS FDL Editor"

FILE
        ORGANIZATION            indexed

RECORD
        FORMAT                  fixed
        SIZE                    64

AREA 1
        BUCKET_SIZE             12

AREA 2
        ALLOCATION              558
        BEST_TRY_CONTIGUOUS     yes
        BUCKET_SIZE             18
        EXTENSION               162

KEY 0
        CHANGES                 no
        DUPLICATES              no
        SEG0_LENGTH             8
        SEG0_POSITION           0

KEY 1
        CHANGES                 no
        DATA_AREA               2
        DATA_FILL               100
        DATA_KEY_COMPRESSION    yes
        DUPLICATES              yes
        INDEX_AREA              2
        INDEX_COMPRESSION       no
        INDEX_FILL              100
        LEVEL1_INDEX_AREA       2
        SEG0_LENGTH             255
        SEG0_POSITION           0
        TYPE                    string
 
SYS$SYSROOT:[SYSMGR.EDO]T1.FDL;1
 
FILE
  ORGANIZATION indexed
RECORD
  FORMAT fixed
  SIZE 64
KEY 0
  SEG0_LENGTH 8
  SEG0_POSITION 0
  DUPLICATES no
  CHANGES no
KEY 1
  SEG0_LENGTH 10
  SEG0_POSITION 8
  DUPLICATES yes
  CHANGES yes
$ TYPE D1.FDL;*
 
SYS$SYSROOT:[SYSMGR.EDO]D1.FDL;2
 
IDENT   FDL_VERSION 02  " 7-OCT-2026 19:21:12  OpenVMS FDL Editor"

FILE
        ORGANIZATION            indexed

RECORD
        FORMAT                  fixed
        SIZE                    64

KEY 0
        CHANGES                 no
        DUPLICATES              no
        SEG0_LENGTH             8
        SEG0_POSITION           0
 
SYS$SYSROOT:[SYSMGR.EDO]D1.FDL;1
 
FILE
  ORGANIZATION indexed
RECORD
  FORMAT fixed
  SIZE 64
KEY 0
  SEG0_LENGTH 8
  SEG0_POSITION 0
  DUPLICATES no
  CHANGES no
KEY 1
  SEG0_LENGTH 10
  SEG0_POSITION 8
  DUPLICATES yes
  CHANGES yes
$ TYPE V1.FDL;*
 
SYS$SYSROOT:[SYSMGR.EDO]V1.FDL;2
 
IDENT   FDL_VERSION 02  " 7-OCT-2026 19:21:19  OpenVMS FDL Editor"

SYSTEM
        SOURCE                  "OpenVMS"

FILE
        ORGANIZATION            indexed
        GLBUFF_FLAGS_V83        none

RECORD
        CARRIAGE_CONTROL        carriage_return
        FORMAT                  variable
        SIZE                    0

AREA 0
        ALLOCATION              2253
        BEST_TRY_CONTIGUOUS     yes
        BUCKET_SIZE             9
        EXTENSION               567

AREA 1
        ALLOCATION              144
        BEST_TRY_CONTIGUOUS     yes
        BUCKET_SIZE             9
        EXTENSION               36

KEY 0
        CHANGES                 no
        DATA_AREA               0
        DATA_FILL               100
        DATA_KEY_COMPRESSION    yes
        DATA_RECORD_COMPRESSION yes
        DUPLICATES              no
        INDEX_AREA              1
        INDEX_COMPRESSION       no
        INDEX_FILL              100
        LEVEL1_INDEX_AREA       1
        PROLOG                  3
        SEG0_LENGTH             255
        SEG0_POSITION           0
        TYPE                    string
 
SYS$SYSROOT:[SYSMGR.EDO]V1.FDL;1
 
FILE
  ORGANIZATION indexed
RECORD
  FORMAT fixed
  SIZE 64
KEY 0
  SEG0_LENGTH 8
  SEG0_POSITION 0
  DUPLICATES no
  CHANGES no
KEY 1
  SEG0_LENGTH 10
  SEG0_POSITION 8
  DUPLICATES yes
  CHANGES yes
$ 