$ SET DEFAULT SYS$LOGIN
$ CREATE/DIRECTORY [.EDP3]
$ SET DEFAULT [.EDP3]
$ CREATE IDX.FDL
FILE
  ORGANIZATION indexed
RECORD
  FORMAT fixed
  SIZE 64
KEY 0
  SEG0_LENGTH 8
  SEG0_POSITION 0
  DUPLICATES no
  CHANGES no
KEY 1
  SEG0_LENGTH 10
  SEG0_POSITION 8
  DUPLICATES yes
  CHANGES yes
*EXIT*
$ CREATE SETUP.COM
$ CREATE/FDL=IDX.FDL IDX.DAT
$ OPEN/READ/WRITE f IDX.DAT
$ n = 1
$l:
$ k = n * 37 - (n * 37 / 1009) * 1009
$ WRITE f F$FAO("ID!6ZLCITY!6ZL!46AS", k, k - (k / 50) * 50, "x")
$ n = n + 1
$ IF n .LE. 1000 THEN GOTO l
$ CLOSE f
$ ANALYZE/RMS_FILE/FDL/OUTPUT=IDXA.FDL IDX.DAT
$ COPY IDX.FDL OPT.FDL
$ COPY IDX.FDL AK.FDL
$ COPY IDX.FDL DK.FDL
$ COPY IDX.FDL TU.FDL
*EXIT*
$ @SETUP
$ EDIT/FDL IDX.FDL
                        Parsing Definition File
                        Definition Parse Complete
        (Add Delete Exit Help Invoke Modify Quit Set View)
        Main Editor Function            (Keyword)[Help] : VIEW

        IDENT   FDL_VERSION 02  " 7-OCT-2026 17:52:37  OpenVMS FDL Editor"

        FILE
                ORGANIZATION            indexed

        RECORD
                FORMAT                  fixed
                SIZE                    64

        KEY 0
                CHANGES                 no
                DUPLICATES              no
                SEG0_LENGTH             8
                SEG0_POSITION           0

        KEY 1
                CHANGES                 yes
                DUPLICATES              yes
                SEG0_LENGTH             10
                SEG0_POSITION           8

        (Add Delete Exit Help Invoke Modify Quit Set View)
        Main Editor Function            (Keyword)[Help] : HELP


  Information available:

  Abstract   ADD        DELETE     EXIT       HELP       INVOKE     MODIFY     Operation  QUIT       SET        VIEW

Topic? Abstract

ABSTRACT

     The Edit/FDL utility helps you create, maintain and tune large,
     complex OpenVMS RMS files, particularly indexed files. Using the
     Edit/FDL utility, you can add, modify or delete file attributes
     explicitly or you can invoke scripts that ask questions which the
     Edit/FDL utility uses to make file attributes decisions.

     The output from the Edit/FDL utility is an FDL file which is
     used as a model for the data file you wish to create. The file
     describes in ASCII text the attributes of the file that it will
     be used to create. There are several methods of creating FDL
     files but it is preferable to use the Edit/FDL utility because it
     enforces the FDL syntax.

     FDL files are divided into logical sections labeled with a
     primary attribute such as SYSTEM, FILE, DATE, KEY, and so forth.
     Most primary attributes use secondary attributes to specify the
     file attributes for the resultant RMS file.

     For example, if the ALLOCATION secondary attribute has the value
     20000 under the AREA 3 primary attribute, then the third area of
     the file will have 20,000 disk blocks when the file is created.
     You specify this as follows:

                  AREA 3
                          ALLOCATION     20000

     After you create an FDL file, you can create the RMS file modeled
     on the FDL file using the DCL commands CREATE/FDL and CONVERT
     /FDL, or the callable FDL$CREATE library routine.

     Complete information about the Edit/FDL utility and the Create
     /FDL utility can be found in the OpenVMS Record Management
     Utilities Reference Manual, which also includes descriptions
     of the Analyze/RMS_File utility, the Convert utility and the
     Convert/Reclaim utility. The callable FDL$CREATE library routine
     is described in the OpenVMS Utility Routines Manual.
   


Topic? Operation

OPERATION

     You interact with the Edit/FDL utility by answering questions
     that control the execution of the editor and determine the values
     of variables. These variables may be used in calculating various
     file parameters or indirectly setting FDL attribute values. You
     terminate your answers by pressing the Return key. Additionally,
     there are a number of special characters which are significant to
     the Edit/FDL utility.
   



  Additional information available:

  Files      Prompt-level          Question-format       Control_Characters

OPERATION Subtopic? 
Topic? SET

SET

     This command allows you to establish defaults or to select any
     of the FDL editor characteristics you forgot to specify on the
     command line. For further information about these options, enter
     "@HELPLIB EDIT/FDL" at the "Topic?" prompt.

     Format

       SET
   



  Additional information available:

  Example

SET Subtopic? 
Topic? MODIFY

MODIFY

     This command allows you to change an existing line in the FDL
     definition.

     Format

       MODIFY
   



  Additional information available:

  Example

MODIFY Subtopic? 
Topic? ADD

ADD

     This command allows you to add one or more lines to the FDL
     file. If the line already exists, you can optionally replace
     it with the new line. After you insert a line, you can optionally
     continue to add lines under that particular primary section. If
     no primary section exists to hold the secondary attribute being
     added, one is automatically created.

     Format

       ADD
   



  Additional information available:

  Example

ADD Subtopic? 
Topic? DELETE

DELETE

     This command allows you to delete one or more lines from the FDL
     file. If the line is the only remaining secondary attribute in a
     primary section, the primary attribute is also removed. After you
     remove a line, you can optionally continue to delete lines under
     the affected primary section.

     Format

       DELETE
   



  Additional information available:

  Example

DELETE Subtopic? 
Topic? INVOKE

INVOKE

     This command prompts you for a script and initiates your choice.
     The scripts guide you through the design and optimization of a
     data file to ensure that complex operations are completed in a
     logical fashion. If a script is aborted, script operations and
     calculations are discarded, except for clearing the previous
     definition. All scripts assume that the files you are desiging
     reside on a Files-11 disk.
   

  ADD_KEY

     Modeling and addition of a new index's parameters. See
     documentation under the "INDEXED" script for more information
     about the design modes used in this script.
   

  DELETE_KEY

     Removal of the highest index's parameters.
   

  INDEXED

     The Edit/FDL utility asks several questions and then enters a
     graphical design mode that allows modeling of the file indexes.
     Two such modes are available: Line_plot and Surface_plot modes.
     These refer to the type of graph on which the Edit/FDL utility
     will display its calculated design choices. The basic goal of
     these plots is to allow you to choose the best trade-off between
     index bucket size versus index depth. While many of the other
     file parameters have a significant effect on file performance,
     these two are the most important.

     o  Line_plot - This design mode uses a graph that responds to
        adjustments in the file design parameters. The current values
        of the parameters are shown at the bottom of the screen and
        you set them to new values to see their effect on the depth of
        the index.

     o  Surface_plot - This design mode will graph a surface that
        indicates index depth versus bucket size versus one other
        parameter, which is swept through a range of values. The
        choice of the 'other parameter' which is swept through a range
        is: Load Fill Percent, Key Length, Record Size, Initial Load
        Record Count, and Additional Record Count.

        To aid in selecting an optimal bucket size for a particular
        value of 'other parameter', a Recommended Range is delimited
        on the surface plot. Bucket size values within this range
        should provide a reasonably good trade-off between a flatter
        index (less I/O) and larger buckets (more RMS processing).
        Depending on your terminal's capabilities, the Recommended
        Range is delimited either with "/"s on either side or by
        the lightest or green shading. The left-most edge of the
        Recommended Range will produce the flattest file for a given
        bucket size, but if you're not very sure of the real-life
        accuracy of all the answers given about the application
        environment, it is better to be more conservative and choose a
        value somewhere closer to the middle of the Recommended Range.
        The default answer to the bucket size question is equivalent
        to the left-most edge of the Recommended Range.
   

  OPTIMIZE

     This script is basically a Redesign of a particular index, with
     the additional feature of using actual file structure data. The
     ANALYZE/RMS_FILE utility can gather the required statistics
     with the DCL ANALYZE/RMS/FDL command (which produces an FDL
     file containing Analysis_of_area and Analysis_of_key Primary
     sections).

     The /ANALYSIS=file-spec qualifier of the DCL EDIT/FDL command is
     used to input that information into the Edit/FDL utility.
   

  RELATIVE

     Selection of parameters for a Relative file
   

  SEQUENTIAL

     Selection of parameters for a Sequential file
   

  TOUCHUP

     This script allows the modification of one index's parameters at
     a time. Only those FDL attributes pertaining to the chosen index
     are changed. See documentation under the "INDEXED" script for
     more information about the design modes used in this script.

     Format

       INVOKE
   



  Additional information available:

  Example

INVOKE Subtopic? 
Topic? *EXIT*
        (Add Delete Exit Help Invoke Modify Quit Set View)
        Main Editor Function            (Keyword)[Help] : *EXIT*

SYS$SYSROOT:[SYSMGR.EDP3]IDX.FDL;2  20 lines
$ SHOW SYMBOL $STATUS
  $STATUS == "%X00000001"
$ EDIT/FDL NEW.FDL
                        Parsing Definition File



        SYS$COMMON:[SYSMGR.EDP3]NEW.FDL; will be created.
        (Add Delete Exit Help Invoke Modify Quit Set View)
        Main Editor Function            (Keyword)[Help] : VIEW

        IDENT   FDL_VERSION 02  " 7-OCT-2026 17:53:14  OpenVMS FDL Editor"

        (Add Delete Exit Help Invoke Modify Quit Set View)
        Main Editor Function            (Keyword)[Help] : EXIT


        Output not created - Current FDL Definition empty.
$ *EXIT*
$ SHOW SYMBOL $STATUS
  $STATUS == "%X00000001"
$ EDIT/FDL/SCRIPT=INDEXED S1.FDL
                        Parsing Definition File



        SYS$COMMON:[SYSMGR.EDP3]S1.FDL; will be created.
                         Indexed Script 

        Target disk volume Cluster Size (1-2Giga)[3]    : 

        Number of Keys to Define        (1-255)[1]      : 

        (Line Fill Key Record Init Add)
        Graph type to display           (Keyword)[Line] : 


        Number of Records that will be Initially Loaded
        into the File                   (0-2Giga)[-]    : 

         You must provide an answer here (or ^Z for Main Menu).
        These are the records initially loaded into the file.
        If the file will have no "Load" operation, specify "0".
        Number of Records that will be Initially Loaded
        into the File                   (0-2Giga)[-]    : 

         You must provide an answer here (or ^Z for Main Menu).
        These are the records initially loaded into the file.
        If the file will have no "Load" operation, specify "0".
        Number of Records that will be Initially Loaded
        into the File                   (0-2Giga)[-]    : 

         You must provide an answer here (or ^Z for Main Menu).
        These are the records initially loaded into the file.
        If the file will have no "Load" operation, specify "0".
        Number of Records that will be Initially Loaded
        into the File                   (0-2Giga)[-]    : 

         You must provide an answer here (or ^Z for Main Menu).
        These are the records initially loaded into the file.
        If the file will have no "Load" operation, specify "0".
        Number of Records that will be Initially Loaded
        into the File                   (0-2Giga)[-]    : 

         You must provide an answer here (or ^Z for Main Menu).
        These are the records initially loaded into the file.
        If the file will have no "Load" operation, specify "0".
        Number of Records that will be Initially Loaded
        into the File                   (0-2Giga)[-]    : 

         You must provide an answer here (or ^Z for Main Menu).
        These are the records initially loaded into the file.
        If the file will have no "Load" operation, specify "0".
        Number of Records that will be Initially Loaded
        into the File                   (0-2Giga)[-]    : 

         You must provide an answer here (or ^Z for Main Menu).
        These are the records initially loaded into the file.
        If the file will have no "Load" operation, specify "0".
        Number of Records that will be Initially Loaded
        into the File                   (0-2Giga)[-]    : 

         You must provide an answer here (or ^Z for Main Menu).
        These are the records initially loaded into the file.
        If the file will have no "Load" operation, specify "0".
        Number of Records that will be Initially Loaded
        into the File                   (0-2Giga)[-]    : 

         You must provide an answer here (or ^Z for Main Menu).
        These are the records initially loaded into the file.
        If the file will have no "Load" operation, specify "0".
        Number of Records that will be Initially Loaded
        into the File                   (0-2Giga)[-]    : 

         You must provide an answer here (or ^Z for Main Menu).
        These are the records initially loaded into the file.
        If the file will have no "Load" operation, specify "0".
        Number of Records that will be Initially Loaded
        into the File                   (0-2Giga)[-]    : 

         You must provide an answer here (or ^Z for Main Menu).
        These are the records initially loaded into the file.
        If the file will have no "Load" operation, specify "0".
        Number of Records that will be Initially Loaded
        into the File                   (0-2Giga)[-]    : 

         You must provide an answer here (or ^Z for Main Menu).
        These are the records initially loaded into the file.
        If the file will have no "Load" operation, specify "0".
        Number of Records that will be Initially Loaded
        into the File                   (0-2Giga)[-]    : 

         You must provide an answer here (or ^Z for Main Menu).
        These are the records initially loaded into the file.
        If the file will have no "Load" operation, specify "0".
        Number of Records that will be Initially Loaded
        into the File                   (0-2Giga)[-]    : 

         You must provide an answer here (or ^Z for Main Menu).
        These are the records initially loaded into the file.
        If the file will have no "Load" operation, specify "0".
        Number of Records that will be Initially Loaded
        into the File                   (0-2Giga)[-]    : 

         You must provide an answer here (or ^Z for Main Menu).
        These are the records initially loaded into the file.
        If the file will have no "Load" operation, specify "0".
        Number of Records that will be Initially Loaded
        into the File                   (0-2Giga)[-]    : 

         You must provide an answer here (or ^Z for Main Menu).
        These are the records initially loaded into the file.
        If the file will have no "Load" operation, specify "0".
        Number of Records that will be Initially Loaded
        into the File                   (0-2Giga)[-]    : 

         You must provide an answer here (or ^Z for Main Menu).
        These are the records initially loaded into the file.
        If the file will have no "Load" operation, specify "0".
        Number of Records that will be Initially Loaded
        into the File                   (0-2Giga)[-]    : 

         You must provide an answer here (or ^Z for Main Menu).
        These are the records initially loaded into the file.
        If the file will have no "Load" operation, specify "0".
        Number of Records that will be Initially Loaded
        into the File                   (0-2Giga)[-]    : 

         You must provide an answer here (or ^Z for Main Menu).
        These are the records initially loaded into the file.
        If the file will have no "Load" operation, specify "0".
        Number of Records that will be Initially Loaded
        into the File                   (0-2Giga)[-]    : 

         You must provide an answer here (or ^Z for Main Menu).
        These are the records initially loaded into the file.
        If the file will have no "Load" operation, specify "0".
        Number of Records that will be Initially Loaded
        into the File                   (0-2Giga)[-]    : 

         You must provide an answer here (or ^Z for Main Menu).
        These are the records initially loaded into the file.
        If the file will have no "Load" operation, specify "0".
        Number of Records that will be Initially Loaded
        into the File                   (0-2Giga)[-]    : 

         You must provide an answer here (or ^Z for Main Menu).
        These are the records initially loaded into the file.
        If the file will have no "Load" operation, specify "0".
        Number of Records that will be Initially Loaded
        into the File                   (0-2Giga)[-]    : 

         You must provide an answer here (or ^Z for Main Menu).
        These are the records initially loaded into the file.
        If the file will have no "Load" operation, specify "0".
        Number of Records that will be Initially Loaded
        into the File                   (0-2Giga)[-]    : 

         You must provide an answer here (or ^Z for Main Menu).
        These are the records initially loaded into the file.
        If the file will have no "Load" operation, specify "0".
        Number of Records that will be Initially Loaded
        into the File                   (0-2Giga)[-]    : 

         You must provide an answer here (or ^Z for Main Menu).
        These are the records initially loaded into the file.
        If the file will have no "Load" operation, specify "0".
        Number of Records that will be Initially Loaded
        into the File                   (0-2Giga)[-]    : 

         You must provide an answer here (or ^Z for Main Menu).
        These are the records initially loaded into the file.
        If the file will have no "Load" operation, specify "0".
        Number of Records that will be Initially Loaded
        into the File                   (0-2Giga)[-]    : 

         You must provide an answer here (or ^Z for Main Menu).
        These are the records initially loaded into the file.
        If the file will have no "Load" operation, specify "0".
        Number of Records that will be Initially Loaded
        into the File                   (0-2Giga)[-]    : *EXIT*
        (Add Delete Exit Help Invoke Modify Quit Set View)
        Main Editor Function            (Keyword)[Help] : *EXIT*
        Output not created - Current FDL Definition empty.
$ SHOW SYMBOL $STATUS
  $STATUS == "%X00000001"
$ EDIT/FDL/SCRIPT=SEQUENTIAL S2.FDL
                        Parsing Definition File



        SYS$COMMON:[SYSMGR.EDP3]S2.FDL; will be created.
                         Sequential Script 

        File Capacity in Records        (0-2Giga)[-]    : 

         You must provide an answer here (or ^Z for Main Menu).
        This will determine the allocation of the file.
        File Capacity in Records        (0-2Giga)[-]    : 

         You must provide an answer here (or ^Z for Main Menu).
        This will determine the allocation of the file.
        File Capacity in Records        (0-2Giga)[-]    : 

         You must provide an answer here (or ^Z for Main Menu).
        This will determine the allocation of the file.
        File Capacity in Records        (0-2Giga)[-]    : 

         You must provide an answer here (or ^Z for Main Menu).
        This will determine the allocation of the file.
        File Capacity in Records        (0-2Giga)[-]    : 

         You must provide an answer here (or ^Z for Main Menu).
        This will determine the allocation of the file.
        File Capacity in Records        (0-2Giga)[-]    : 

         You must provide an answer here (or ^Z for Main Menu).
        This will determine the allocation of the file.
        File Capacity in Records        (0-2Giga)[-]    : 

         You must provide an answer here (or ^Z for Main Menu).
        This will determine the allocation of the file.
        File Capacity in Records        (0-2Giga)[-]    : 

         You must provide an answer here (or ^Z for Main Menu).
        This will determine the allocation of the file.
        File Capacity in Records        (0-2Giga)[-]    : 

         You must provide an answer here (or ^Z for Main Menu).
        This will determine the allocation of the file.
        File Capacity in Records        (0-2Giga)[-]    : 

         You must provide an answer here (or ^Z for Main Menu).
        This will determine the allocation of the file.
        File Capacity in Records        (0-2Giga)[-]    : 

         You must provide an answer here (or ^Z for Main Menu).
        This will determine the allocation of the file.
        File Capacity in Records        (0-2Giga)[-]    : 

         You must provide an answer here (or ^Z for Main Menu).
        This will determine the allocation of the file.
        File Capacity in Records        (0-2Giga)[-]    : 

         You must provide an answer here (or ^Z for Main Menu).
        This will determine the allocation of the file.
        File Capacity in Records        (0-2Giga)[-]    : 

         You must provide an answer here (or ^Z for Main Menu).
        This will determine the allocation of the file.
        File Capacity in Records        (0-2Giga)[-]    : 

         You must provide an answer here (or ^Z for Main Menu).
        This will determine the allocation of the file.
        File Capacity in Records        (0-2Giga)[-]    : 

         You must provide an answer here (or ^Z for Main Menu).
        This will determine the allocation of the file.
        File Capacity in Records        (0-2Giga)[-]    : 

         You must provide an answer here (or ^Z for Main Menu).
        This will determine the allocation of the file.
        File Capacity in Records        (0-2Giga)[-]    : 

         You must provide an answer here (or ^Z for Main Menu).
        This will determine the allocation of the file.
        File Capacity in Records        (0-2Giga)[-]    : 

         You must provide an answer here (or ^Z for Main Menu).
        This will determine the allocation of the file.
        File Capacity in Records        (0-2Giga)[-]    : 

         You must provide an answer here (or ^Z for Main Menu).
        This will determine the allocation of the file.
        File Capacity in Records        (0-2Giga)[-]    : 

         You must provide an answer here (or ^Z for Main Menu).
        This will determine the allocation of the file.
        File Capacity in Records        (0-2Giga)[-]    : 

         You must provide an answer here (or ^Z for Main Menu).
        This will determine the allocation of the file.
        File Capacity in Records        (0-2Giga)[-]    : 

         You must provide an answer here (or ^Z for Main Menu).
        This will determine the allocation of the file.
        File Capacity in Records        (0-2Giga)[-]    : 

         You must provide an answer here (or ^Z for Main Menu).
        This will determine the allocation of the file.
        File Capacity in Records        (0-2Giga)[-]    : 

         You must provide an answer here (or ^Z for Main Menu).
        This will determine the allocation of the file.
        File Capacity in Records        (0-2Giga)[-]    : 

         You must provide an answer here (or ^Z for Main Menu).
        This will determine the allocation of the file.
        File Capacity in Records        (0-2Giga)[-]    : 

         You must provide an answer here (or ^Z for Main Menu).
        This will determine the allocation of the file.
        File Capacity in Records        (0-2Giga)[-]    : 

         You must provide an answer here (or ^Z for Main Menu).
        This will determine the allocation of the file.
        File Capacity in Records        (0-2Giga)[-]    : 

         You must provide an answer here (or ^Z for Main Menu).
        This will determine the allocation of the file.
        File Capacity in Records        (0-2Giga)[-]    : 

         You must provide an answer here (or ^Z for Main Menu).
        This will determine the allocation of the file.
        File Capacity in Records        (0-2Giga)[-]    : *EXIT*
        (Add Delete Exit Help Invoke Modify Quit Set View)
        Main Editor Function            (Keyword)[Help] : *EXIT*
        Output not created - Current FDL Definition empty.
$ SHOW SYMBOL $STATUS
  $STATUS == "%X00000001"
$ EDIT/FDL/SCRIPT=RELATIVE S3.FDL
                        Parsing Definition File



        SYS$COMMON:[SYSMGR.EDP3]S3.FDL; will be created.
                         Relative Script 

        File Capacity in Records        (0-2Giga)[-]    : 

         You must provide an answer here (or ^Z for Main Menu).
        This will determine the allocation of the file.
        File Capacity in Records        (0-2Giga)[-]    : 

         You must provide an answer here (or ^Z for Main Menu).
        This will determine the allocation of the file.
        File Capacity in Records        (0-2Giga)[-]    : 

         You must provide an answer here (or ^Z for Main Menu).
        This will determine the allocation of the file.
        File Capacity in Records        (0-2Giga)[-]    : 

         You must provide an answer here (or ^Z for Main Menu).
        This will determine the allocation of the file.
        File Capacity in Records        (0-2Giga)[-]    : 

         You must provide an answer here (or ^Z for Main Menu).
        This will determine the allocation of the file.
        File Capacity in Records        (0-2Giga)[-]    : 

         You must provide an answer here (or ^Z for Main Menu).
        This will determine the allocation of the file.
        File Capacity in Records        (0-2Giga)[-]    : 

         You must provide an answer here (or ^Z for Main Menu).
        This will determine the allocation of the file.
        File Capacity in Records        (0-2Giga)[-]    : 

         You must provide an answer here (or ^Z for Main Menu).
        This will determine the allocation of the file.
        File Capacity in Records        (0-2Giga)[-]    : 

         You must provide an answer here (or ^Z for Main Menu).
        This will determine the allocation of the file.
        File Capacity in Records        (0-2Giga)[-]    : 

         You must provide an answer here (or ^Z for Main Menu).
        This will determine the allocation of the file.
        File Capacity in Records        (0-2Giga)[-]    : 

         You must provide an answer here (or ^Z for Main Menu).
        This will determine the allocation of the file.
        File Capacity in Records        (0-2Giga)[-]    : 

         You must provide an answer here (or ^Z for Main Menu).
        This will determine the allocation of the file.
        File Capacity in Records        (0-2Giga)[-]    : 

         You must provide an answer here (or ^Z for Main Menu).
        This will determine the allocation of the file.
        File Capacity in Records        (0-2Giga)[-]    : 

         You must provide an answer here (or ^Z for Main Menu).
        This will determine the allocation of the file.
        File Capacity in Records        (0-2Giga)[-]    : 

         You must provide an answer here (or ^Z for Main Menu).
        This will determine the allocation of the file.
        File Capacity in Records        (0-2Giga)[-]    : 

         You must provide an answer here (or ^Z for Main Menu).
        This will determine the allocation of the file.
        File Capacity in Records        (0-2Giga)[-]    : 

         You must provide an answer here (or ^Z for Main Menu).
        This will determine the allocation of the file.
        File Capacity in Records        (0-2Giga)[-]    : 

         You must provide an answer here (or ^Z for Main Menu).
        This will determine the allocation of the file.
        File Capacity in Records        (0-2Giga)[-]    : 

         You must provide an answer here (or ^Z for Main Menu).
        This will determine the allocation of the file.
        File Capacity in Records        (0-2Giga)[-]    : 

         You must provide an answer here (or ^Z for Main Menu).
        This will determine the allocation of the file.
        File Capacity in Records        (0-2Giga)[-]    : 

         You must provide an answer here (or ^Z for Main Menu).
        This will determine the allocation of the file.
        File Capacity in Records        (0-2Giga)[-]    : 

         You must provide an answer here (or ^Z for Main Menu).
        This will determine the allocation of the file.
        File Capacity in Records        (0-2Giga)[-]    : 

         You must provide an answer here (or ^Z for Main Menu).
        This will determine the allocation of the file.
        File Capacity in Records        (0-2Giga)[-]    : 

         You must provide an answer here (or ^Z for Main Menu).
        This will determine the allocation of the file.
        File Capacity in Records        (0-2Giga)[-]    : 

         You must provide an answer here (or ^Z for Main Menu).
        This will determine the allocation of the file.
        File Capacity in Records        (0-2Giga)[-]    : 

         You must provide an answer here (or ^Z for Main Menu).
        This will determine the allocation of the file.
        File Capacity in Records        (0-2Giga)[-]    : 

         You must provide an answer here (or ^Z for Main Menu).
        This will determine the allocation of the file.
        File Capacity in Records        (0-2Giga)[-]    : 

         You must provide an answer here (or ^Z for Main Menu).
        This will determine the allocation of the file.
        File Capacity in Records        (0-2Giga)[-]    : 

         You must provide an answer here (or ^Z for Main Menu).
        This will determine the allocation of the file.
        File Capacity in Records        (0-2Giga)[-]    : 

         You must provide an answer here (or ^Z for Main Menu).
        This will determine the allocation of the file.
        File Capacity in Records        (0-2Giga)[-]    : *EXIT*
        (Add Delete Exit Help Invoke Modify Quit Set View)
        Main Editor Function            (Keyword)[Help] : *EXIT*
        Output not created - Current FDL Definition empty.
$ SHOW SYMBOL $STATUS
  $STATUS == "%X00000001"
$ EDIT/FDL/SCRIPT=OPTIMIZE/ANALYSIS=IDXA.FDL OPT.FDL
                        Parsing Definition File
                        Definition Parse Complete
                         Optimize Script 

        Parsing Analysis File
        Analysis Parse Complete

        The Definition of Key  0 will be replaced.

         Press RETURN to continue (^Z for Main Menu)    

        (Line Fill Key Record Init Add)
        Graph type to display           (Keyword)[Line] : 


        Number of Records that will be Reloaded
        into the File                   (0-2Giga)[1000] : 

        (Fast_Convert NoFast_Convert RMS_Puts)
        File Reloading Method           (Keyword)[Fast] : 

        Number of Additional Records to be Added After
        the Reloading the File          (0-2147482645)[0]       : 

        Key  0 Load Fill Percent        (50-100)[100]   : 

        (Bin2  Bin4  Bin8  Int2  Int4  Int8  Decimal  String  Collated
         Dbin2 Dbin4 Dbin8 Dint2 Dint4 Dint8 Ddecimal Dstring Dcollated)
        Key  0 Data Type                (Keyword)[Str]  : 

        Key  0 Segmentation desired     (Yes/No)[No]    : 

        File Prolog Version             (0-3)[3]        : 

        Data Key Compression desired    (Yes/No)[Yes]   : 

        Data Record Compression desired (Yes/No)[Yes]   : 

        Index Compression desired       (Yes/No)[No]    : 


             *|
             9|
             8|
Index        7|
             6|
Depth        5|
             4|
             3|
             2|  2
             1|    1 1 1 1 1 1 1 1 1 1 1 1 1 1 1 1 1 1 1 1 1 1 1 1 1 1 1 1 1 1 1
              +- + - - - + - - - - + - - - - + - - - - + - - - - + - - - - + - +
                 1       5        10        15        20        25        30  32
                               Bucket Size (number of blocks)












 PV-Prolog Version       3 KT-Key  0 Type     String  EM-Emphasis  Flatter ( 2)
 DK-Dup Key  0 Values   No KL-Key  0 Length        8 KP-Key  0 Position      0 
 RC-Data Record Comp   73% KC-Data Key Comp      56% IC-Index Record Comp   0% 
 BF-Bucket Fill       100% RF-Record Format    Fixed RS-Record Size         64 
 LM-Load Method  Fast_Conv IL-Initial Load      1000 AR-Added Records        0 
        (Type "FD" to Finish Design)
        Which File Parameter    (Mnemonic)[refresh]     : 

             *|
             9|
             8|
Index        7|
             6|
Depth        5|
             4|
             3|
             2|  2
             1|    1 1 1 1 1 1 1 1 1 1 1 1 1 1 1 1 1 1 1 1 1 1 1 1 1 1 1 1 1 1 1
              +- + - - - + - - - - + - - - - + - - - - + - - - - + - - - - + - +
                 1       5        10        15        20        25        30  32
                               Bucket Size (number of blocks)



 PV-Prolog Version       3 KT-Key  0 Type     String  EM-Emphasis  Flatter ( 2)
 DK-Dup Key  0 Values   No KL-Key  0 Length        8 KP-Key  0 Position      0 
 RC-Data Record Comp   73% KC-Data Key Comp      56% IC-Index Record Comp   0% 
 BF-Bucket Fill       100% RF-Record Format    Fixed RS-Record Size         64 
 LM-Load Method  Fast_Conv IL-Initial Load      1000 AR-Added Records        0 
        (Type "FD" to Finish Design)
        Which File Parameter    (Mnemonic)[refresh]     : 

             *|
             9|
             8|
Index        7|
             6|
Depth        5|
             4|
             3|
             2|  2
             1|    1 1 1 1 1 1 1 1 1 1 1 1 1 1 1 1 1 1 1 1 1 1 1 1 1 1 1 1 1 1 1
              +- + - - - + - - - - + - - - - + - - - - + - - - - + - - - - + - +
                 1       5        10        15        20        25        30  32
                               Bucket Size (number of blocks)



 PV-Prolog Version       3 KT-Key  0 Type     String  EM-Emphasis  Flatter ( 2)
 DK-Dup Key  0 Values   No KL-Key  0 Length        8 KP-Key  0 Position      0 
 RC-Data Record Comp   73% KC-Data Key Comp      56% IC-Index Record Comp   0% 
 BF-Bucket Fill       100% RF-Record Format    Fixed RS-Record Size         64 
 LM-Load Method  Fast_Conv IL-Initial Load      1000 AR-Added Records        0 
        (Type "FD" to Finish Design)
        Which File Parameter    (Mnemonic)[refresh]     : 

             *|
             9|
             8|
Index        7|
             6|
Depth        5|
             4|
             3|
             2|  2
             1|    1 1 1 1 1 1 1 1 1 1 1 1 1 1 1 1 1 1 1 1 1 1 1 1 1 1 1 1 1 1 1
              +- + - - - + - - - - + - - - - + - - - - + - - - - + - - - - + - +
                 1       5        10        15        20        25        30  32
                               Bucket Size (number of blocks)



 PV-Prolog Version       3 KT-Key  0 Type     String  EM-Emphasis  Flatter ( 2)
 DK-Dup Key  0 Values   No KL-Key  0 Length        8 KP-Key  0 Position      0 
 RC-Data Record Comp   73% KC-Data Key Comp      56% IC-Index Record Comp   0% 
 BF-Bucket Fill       100% RF-Record Format    Fixed RS-Record Size         64 
 LM-Load Method  Fast_Conv IL-Initial Load      1000 AR-Added Records        0 
        (Type "FD" to Finish Design)
        Which File Parameter    (Mnemonic)[refresh]     : 

             *|
             9|
             8|
Index        7|
             6|
Depth        5|
             4|
             3|
             2|  2
             1|    1 1 1 1 1 1 1 1 1 1 1 1 1 1 1 1 1 1 1 1 1 1 1 1 1 1 1 1 1 1 1
              +- + - - - + - - - - + - - - - + - - - - + - - - - + - - - - + - +
                 1       5        10        15        20        25        30  32
                               Bucket Size (number of blocks)



 PV-Prolog Version       3 KT-Key  0 Type     String  EM-Emphasis  Flatter ( 2)
 DK-Dup Key  0 Values   No KL-Key  0 Length        8 KP-Key  0 Position      0 
 RC-Data Record Comp   73% KC-Data Key Comp      56% IC-Index Record Comp   0% 
 BF-Bucket Fill       100% RF-Record Format    Fixed RS-Record Size         64 
 LM-Load Method  Fast_Conv IL-Initial Load      1000 AR-Added Records        0 
        (Type "FD" to Finish Design)
        Which File Parameter    (Mnemonic)[refresh]     : 

             *|
             9|
             8|
Index        7|
             6|
Depth        5|
             4|
             3|
             2|  2
             1|    1 1 1 1 1 1 1 1 1 1 1 1 1 1 1 1 1 1 1 1 1 1 1 1 1 1 1 1 1 1 1
              +- + - - - + - - - - + - - - - + - - - - + - - - - + - - - - + - +
                 1       5        10        15        20        25        30  32
                               Bucket Size (number of blocks)



 PV-Prolog Version       3 KT-Key  0 Type     String  EM-Emphasis  Flatter ( 2)
 DK-Dup Key  0 Values   No KL-Key  0 Length        8 KP-Key  0 Position      0 
 RC-Data Record Comp   73% KC-Data Key Comp      56% IC-Index Record Comp   0% 
 BF-Bucket Fill       100% RF-Record Format    Fixed RS-Record Size         64 
 LM-Load Method  Fast_Conv IL-Initial Load      1000 AR-Added Records        0 
        (Type "FD" to Finish Design)
        Which File Parameter    (Mnemonic)[refresh]     : 

             *|
             9|
             8|
Index        7|
             6|
Depth        5|
             4|
             3|
             2|  2
             1|    1 1 1 1 1 1 1 1 1 1 1 1 1 1 1 1 1 1 1 1 1 1 1 1 1 1 1 1 1 1 1
              +- + - - - + - - - - + - - - - + - - - - + - - - - + - - - - + - +
                 1       5        10        15        20        25        30  32
                               Bucket Size (number of blocks)



 PV-Prolog Version       3 KT-Key  0 Type     String  EM-Emphasis  Flatter ( 2)
 DK-Dup Key  0 Values   No KL-Key  0 Length        8 KP-Key  0 Position      0 
 RC-Data Record Comp   73% KC-Data Key Comp      56% IC-Index Record Comp   0% 
 BF-Bucket Fill       100% RF-Record Format    Fixed RS-Record Size         64 
 LM-Load Method  Fast_Conv IL-Initial Load      1000 AR-Added Records        0 
        (Type "FD" to Finish Design)
        Which File Parameter    (Mnemonic)[refresh]     : 

             *|
             9|
             8|
Index        7|
             6|
Depth        5|
             4|
             3|
             2|  2
             1|    1 1 1 1 1 1 1 1 1 1 1 1 1 1 1 1 1 1 1 1 1 1 1 1 1 1 1 1 1 1 1
              +- + - - - + - - - - + - - - - + - - - - + - - - - + - - - - + - +
                 1       5        10        15        20        25        30  32
                               Bucket Size (number of blocks)



 PV-Prolog Version       3 KT-Key  0 Type     String  EM-Emphasis  Flatter ( 2)
 DK-Dup Key  0 Values   No KL-Key  0 Length        8 KP-Key  0 Position      0 
 RC-Data Record Comp   73% KC-Data Key Comp      56% IC-Index Record Comp   0% 
 BF-Bucket Fill       100% RF-Record Format    Fixed RS-Record Size         64 
 LM-Load Method  Fast_Conv IL-Initial Load      1000 AR-Added Records        0 
        (Type "FD" to Finish Design)
        Which File Parameter    (Mnemonic)[refresh]     : 

             *|
             9|
             8|
Index        7|
             6|
Depth        5|
             4|
             3|
             2|  2
             1|    1 1 1 1 1 1 1 1 1 1 1 1 1 1 1 1 1 1 1 1 1 1 1 1 1 1 1 1 1 1 1
              +- + - - - + - - - - + - - - - + - - - - + - - - - + - - - - + - +
                 1       5        10        15        20        25        30  32
                               Bucket Size (number of blocks)



 PV-Prolog Version       3 KT-Key  0 Type     String  EM-Emphasis  Flatter ( 2)
 DK-Dup Key  0 Values   No KL-Key  0 Length        8 KP-Key  0 Position      0 
 RC-Data Record Comp   73% KC-Data Key Comp      56% IC-Index Record Comp   0% 
 BF-Bucket Fill       100% RF-Record Format    Fixed RS-Record Size         64 
 LM-Load Method  Fast_Conv IL-Initial Load      1000 AR-Added Records        0 
        (Type "FD" to Finish Design)
        Which File Parameter    (Mnemonic)[refresh]     : 

             *|
             9|
             8|
Index        7|
             6|
Depth        5|
             4|
             3|
             2|  2
             1|    1 1 1 1 1 1 1 1 1 1 1 1 1 1 1 1 1 1 1 1 1 1 1 1 1 1 1 1 1 1 1
              +- + - - - + - - - - + - - - - + - - - - + - - - - + - - - - + - +
                 1       5        10        15        20        25        30  32
                               Bucket Size (number of blocks)



 PV-Prolog Version       3 KT-Key  0 Type     String  EM-Emphasis  Flatter ( 2)
 DK-Dup Key  0 Values   No KL-Key  0 Length        8 KP-Key  0 Position      0 
 RC-Data Record Comp   73% KC-Data Key Comp      56% IC-Index Record Comp   0% 
 BF-Bucket Fill       100% RF-Record Format    Fixed RS-Record Size         64 
 LM-Load Method  Fast_Conv IL-Initial Load      1000 AR-Added Records        0 
        (Type "FD" to Finish Design)
        Which File Parameter    (Mnemonic)[refresh]     : 

             *|
             9|
             8|
Index        7|
             6|
Depth        5|
             4|
             3|
             2|  2
             1|    1 1 1 1 1 1 1 1 1 1 1 1 1 1 1 1 1 1 1 1 1 1 1 1 1 1 1 1 1 1 1
              +- + - - - + - - - - + - - - - + - - - - + - - - - + - - - - + - +
                 1       5        10        15        20        25        30  32
                               Bucket Size (number of blocks)



 PV-Prolog Version       3 KT-Key  0 Type     String  EM-Emphasis  Flatter ( 2)
 DK-Dup Key  0 Values   No KL-Key  0 Length        8 KP-Key  0 Position      0 
 RC-Data Record Comp   73% KC-Data Key Comp      56% IC-Index Record Comp   0% 
 BF-Bucket Fill       100% RF-Record Format    Fixed RS-Record Size         64 
 LM-Load Method  Fast_Conv IL-Initial Load      1000 AR-Added Records        0 
        (Type "FD" to Finish Design)
        Which File Parameter    (Mnemonic)[refresh]     : 

             *|
             9|
             8|
Index        7|
             6|
Depth        5|
             4|
             3|
             2|  2
             1|    1 1 1 1 1 1 1 1 1 1 1 1 1 1 1 1 1 1 1 1 1 1 1 1 1 1 1 1 1 1 1
              +- + - - - + - - - - + - - - - + - - - - + - - - - + - - - - + - +
                 1       5        10        15        20        25        30  32
                               Bucket Size (number of blocks)



 PV-Prolog Version       3 KT-Key  0 Type     String  EM-Emphasis  Flatter ( 2)
 DK-Dup Key  0 Values   No KL-Key  0 Length        8 KP-Key  0 Position      0 
 RC-Data Record Comp   73% KC-Data Key Comp      56% IC-Index Record Comp   0% 
 BF-Bucket Fill       100% RF-Record Format    Fixed RS-Record Size         64 
 LM-Load Method  Fast_Conv IL-Initial Load      1000 AR-Added Records        0 
        (Type "FD" to Finish Design)
        Which File Parameter    (Mnemonic)[refresh]     : 

             *|
             9|
             8|
Index        7|
             6|
Depth        5|
             4|
             3|
             2|  2
             1|    1 1 1 1 1 1 1 1 1 1 1 1 1 1 1 1 1 1 1 1 1 1 1 1 1 1 1 1 1 1 1
              +- + - - - + - - - - + - - - - + - - - - + - - - - + - - - - + - +
                 1       5        10        15        20        25        30  32
                               Bucket Size (number of blocks)



 PV-Prolog Version       3 KT-Key  0 Type     String  EM-Emphasis  Flatter ( 2)
 DK-Dup Key  0 Values   No KL-Key  0 Length        8 KP-Key  0 Position      0 
 RC-Data Record Comp   73% KC-Data Key Comp      56% IC-Index Record Comp   0% 
 BF-Bucket Fill       100% RF-Record Format    Fixed RS-Record Size         64 
 LM-Load Method  Fast_Conv IL-Initial Load      1000 AR-Added Records        0 
        (Type "FD" to Finish Design)
        Which File Parameter    (Mnemonic)[refresh]     : 

             *|
             9|
             8|
Index        7|
             6|
Depth        5|
             4|
             3|
             2|  2
             1|    1 1 1 1 1 1 1 1 1 1 1 1 1 1 1 1 1 1 1 1 1 1 1 1 1 1 1 1 1 1 1
              +- + - - - + - - - - + - - - - + - - - - + - - - - + - - - - + - +
                 1       5        10        15        20        25        30  32
                               Bucket Size (number of blocks)



 PV-Prolog Version       3 KT-Key  0 Type     String  EM-Emphasis  Flatter ( 2)
 DK-Dup Key  0 Values   No KL-Key  0 Length        8 KP-Key  0 Position      0 
 RC-Data Record Comp   73% KC-Data Key Comp      56% IC-Index Record Comp   0% 
 BF-Bucket Fill       100% RF-Record Format    Fixed RS-Record Size         64 
 LM-Load Method  Fast_Conv IL-Initial Load      1000 AR-Added Records        0 
        (Type "FD" to Finish Design)
        Which File Parameter    (Mnemonic)[refresh]     : 

             *|
             9|
             8|
Index        7|
             6|
Depth        5|
             4|
             3|
             2|  2
             1|    1 1 1 1 1 1 1 1 1 1 1 1 1 1 1 1 1 1 1 1 1 1 1 1 1 1 1 1 1 1 1
              +- + - - - + - - - - + - - - - + - - - - + - - - - + - - - - + - +
                 1       5        10        15        20        25        30  32
                               Bucket Size (number of blocks)



 PV-Prolog Version       3 KT-Key  0 Type     String  EM-Emphasis  Flatter ( 2)
 DK-Dup Key  0 Values   No KL-Key  0 Length        8 KP-Key  0 Position      0 
 RC-Data Record Comp   73% KC-Data Key Comp      56% IC-Index Record Comp   0% 
 BF-Bucket Fill       100% RF-Record Format    Fixed RS-Record Size         64 
 LM-Load Method  Fast_Conv IL-Initial Load      1000 AR-Added Records        0 
        (Type "FD" to Finish Design)
        Which File Parameter    (Mnemonic)[refresh]     : 

             *|
             9|
             8|
Index        7|
             6|
Depth        5|
             4|
             3|
             2|  2
             1|    1 1 1 1 1 1 1 1 1 1 1 1 1 1 1 1 1 1 1 1 1 1 1 1 1 1 1 1 1 1 1
              +- + - - - + - - - - + - - - - + - - - - + - - - - + - - - - + - +
                 1       5        10        15        20        25        30  32
                               Bucket Size (number of blocks)



 PV-Prolog Version       3 KT-Key  0 Type     String  EM-Emphasis  Flatter ( 2)
 DK-Dup Key  0 Values   No KL-Key  0 Length        8 KP-Key  0 Position      0 
 RC-Data Record Comp   73% KC-Data Key Comp      56% IC-Index Record Comp   0% 
 BF-Bucket Fill       100% RF-Record Format    Fixed RS-Record Size         64 
 LM-Load Method  Fast_Conv IL-Initial Load      1000 AR-Added Records        0 
        (Type "FD" to Finish Design)
        Which File Parameter    (Mnemonic)[refresh]     : 

             *|
             9|
             8|
Index        7|
             6|
Depth        5|
             4|
             3|
             2|  2
             1|    1 1 1 1 1 1 1 1 1 1 1 1 1 1 1 1 1 1 1 1 1 1 1 1 1 1 1 1 1 1 1
              +- + - - - + - - - - + - - - - + - - - - + - - - - + - - - - + - +
                 1       5        10        15        20        25        30  32
                               Bucket Size (number of blocks)



 PV-Prolog Version       3 KT-Key  0 Type     String  EM-Emphasis  Flatter ( 2)
 DK-Dup Key  0 Values   No KL-Key  0 Length        8 KP-Key  0 Position      0 
 RC-Data Record Comp   73% KC-Data Key Comp      56% IC-Index Record Comp   0% 
 BF-Bucket Fill       100% RF-Record Format    Fixed RS-Record Size         64 
 LM-Load Method  Fast_Conv IL-Initial Load      1000 AR-Added Records        0 
        (Type "FD" to Finish Design)
        Which File Parameter    (Mnemonic)[refresh]     : 

             *|
             9|
             8|
Index        7|
             6|
Depth        5|
             4|
             3|
             2|  2
             1|    1 1 1 1 1 1 1 1 1 1 1 1 1 1 1 1 1 1 1 1 1 1 1 1 1 1 1 1 1 1 1
              +- + - - - + - - - - + - - - - + - - - - + - - - - + - - - - + - +
                 1       5        10        15        20        25        30  32
                               Bucket Size (number of blocks)



 PV-Prolog Version       3 KT-Key  0 Type     String  EM-Emphasis  Flatter ( 2)
 DK-Dup Key  0 Values   No KL-Key  0 Length        8 KP-Key  0 Position      0 
 RC-Data Record Comp   73% KC-Data Key Comp      56% IC-Index Record Comp   0% 
 BF-Bucket Fill       100% RF-Record Format    Fixed RS-Record Size         64 
 LM-Load Method  Fast_Conv IL-Initial Load      1000 AR-Added Records        0 
        (Type "FD" to Finish Design)
        Which File Parameter    (Mnemonic)[refresh]     : 

             *|
             9|
             8|
Index        7|
             6|
Depth        5|
             4|
             3|
             2|  2
             1|    1 1 1 1 1 1 1 1 1 1 1 1 1 1 1 1 1 1 1 1 1 1 1 1 1 1 1 1 1 1 1
              +- + - - - + - - - - + - - - - + - - - - + - - - - + - - - - + - +
                 1       5        10        15        20        25        30  32
                               Bucket Size (number of blocks)



 PV-Prolog Version       3 KT-Key  0 Type     String  EM-Emphasis  Flatter ( 2)
 DK-Dup Key  0 Values   No KL-Key  0 Length        8 KP-Key  0 Position      0 
 RC-Data Record Comp   73% KC-Data Key Comp      56% IC-Index Record Comp   0% 
 BF-Bucket Fill       100% RF-Record Format    Fixed RS-Record Size         64 
 LM-Load Method  Fast_Conv IL-Initial Load      1000 AR-Added Records        0 
        (Type "FD" to Finish Design)
        Which File Parameter    (Mnemonic)[refresh]     : *EXIT*
        (Add Delete Exit Help Invoke Modify Quit Set View)
        Main Editor Function            (Keyword)[Help] : *EXIT*

SYS$SYSROOT:[SYSMGR.EDP3]OPT.FDL;2  28 lines
$ SHOW SYMBOL $STATUS
  $STATUS == "%X00000001"
$ EDIT/FDL/SCRIPT=ADD_KEY AK.FDL
                        Parsing Definition File
                        Definition Parse Complete
                         Add_Key Script 

        Target disk volume Cluster Size (1-2Giga)[3]    : 

        (Line Fill Key)
        Graph type to display           (Keyword)[Line] : 


        Number of Records that will be Initially Loaded
        into the File                   (0-2Giga)[-]    : 

         You must provide an answer here (or ^Z for Main Menu).
        These are the records initially loaded into the file.
        If the file will have no "Load" operation, specify "0".
        Number of Records that will be Initially Loaded
        into the File                   (0-2Giga)[-]    : 

         You must provide an answer here (or ^Z for Main Menu).
        These are the records initially loaded into the file.
        If the file will have no "Load" operation, specify "0".
        Number of Records that will be Initially Loaded
        into the File                   (0-2Giga)[-]    : 

         You must provide an answer here (or ^Z for Main Menu).
        These are the records initially loaded into the file.
        If the file will have no "Load" operation, specify "0".
        Number of Records that will be Initially Loaded
        into the File                   (0-2Giga)[-]    : 

         You must provide an answer here (or ^Z for Main Menu).
        These are the records initially loaded into the file.
        If the file will have no "Load" operation, specify "0".
        Number of Records that will be Initially Loaded
        into the File                   (0-2Giga)[-]    : 

         You must provide an answer here (or ^Z for Main Menu).
        These are the records initially loaded into the file.
        If the file will have no "Load" operation, specify "0".
        Number of Records that will be Initially Loaded
        into the File                   (0-2Giga)[-]    : 

         You must provide an answer here (or ^Z for Main Menu).
        These are the records initially loaded into the file.
        If the file will have no "Load" operation, specify "0".
        Number of Records that will be Initially Loaded
        into the File                   (0-2Giga)[-]    : 

         You must provide an answer here (or ^Z for Main Menu).
        These are the records initially loaded into the file.
        If the file will have no "Load" operation, specify "0".
        Number of Records that will be Initially Loaded
        into the File                   (0-2Giga)[-]    : 

         You must provide an answer here (or ^Z for Main Menu).
        These are the records initially loaded into the file.
        If the file will have no "Load" operation, specify "0".
        Number of Records that will be Initially Loaded
        into the File                   (0-2Giga)[-]    : 

         You must provide an answer here (or ^Z for Main Menu).
        These are the records initially loaded into the file.
        If the file will have no "Load" operation, specify "0".
        Number of Records that will be Initially Loaded
        into the File                   (0-2Giga)[-]    : 

         You must provide an answer here (or ^Z for Main Menu).
        These are the records initially loaded into the file.
        If the file will have no "Load" operation, specify "0".
        Number of Records that will be Initially Loaded
        into the File                   (0-2Giga)[-]    : 

         You must provide an answer here (or ^Z for Main Menu).
        These are the records initially loaded into the file.
        If the file will have no "Load" operation, specify "0".
        Number of Records that will be Initially Loaded
        into the File                   (0-2Giga)[-]    : 

         You must provide an answer here (or ^Z for Main Menu).
        These are the records initially loaded into the file.
        If the file will have no "Load" operation, specify "0".
        Number of Records that will be Initially Loaded
        into the File                   (0-2Giga)[-]    : 

         You must provide an answer here (or ^Z for Main Menu).
        These are the records initially loaded into the file.
        If the file will have no "Load" operation, specify "0".
        Number of Records that will be Initially Loaded
        into the File                   (0-2Giga)[-]    : 

         You must provide an answer here (or ^Z for Main Menu).
        These are the records initially loaded into the file.
        If the file will have no "Load" operation, specify "0".
        Number of Records that will be Initially Loaded
        into the File                   (0-2Giga)[-]    : 

         You must provide an answer here (or ^Z for Main Menu).
        These are the records initially loaded into the file.
        If the file will have no "Load" operation, specify "0".
        Number of Records that will be Initially Loaded
        into the File                   (0-2Giga)[-]    : 

         You must provide an answer here (or ^Z for Main Menu).
        These are the records initially loaded into the file.
        If the file will have no "Load" operation, specify "0".
        Number of Records that will be Initially Loaded
        into the File                   (0-2Giga)[-]    : 

         You must provide an answer here (or ^Z for Main Menu).
        These are the records initially loaded into the file.
        If the file will have no "Load" operation, specify "0".
        Number of Records that will be Initially Loaded
        into the File                   (0-2Giga)[-]    : 

         You must provide an answer here (or ^Z for Main Menu).
        These are the records initially loaded into the file.
        If the file will have no "Load" operation, specify "0".
        Number of Records that will be Initially Loaded
        into the File                   (0-2Giga)[-]    : 

         You must provide an answer here (or ^Z for Main Menu).
        These are the records initially loaded into the file.
        If the file will have no "Load" operation, specify "0".
        Number of Records that will be Initially Loaded
        into the File                   (0-2Giga)[-]    : 

         You must provide an answer here (or ^Z for Main Menu).
        These are the records initially loaded into the file.
        If the file will have no "Load" operation, specify "0".
        Number of Records that will be Initially Loaded
        into the File                   (0-2Giga)[-]    : 

         You must provide an answer here (or ^Z for Main Menu).
        These are the records initially loaded into the file.
        If the file will have no "Load" operation, specify "0".
        Number of Records that will be Initially Loaded
        into the File                   (0-2Giga)[-]    : 

         You must provide an answer here (or ^Z for Main Menu).
        These are the records initially loaded into the file.
        If the file will have no "Load" operation, specify "0".
        Number of Records that will be Initially Loaded
        into the File                   (0-2Giga)[-]    : 

         You must provide an answer here (or ^Z for Main Menu).
        These are the records initially loaded into the file.
        If the file will have no "Load" operation, specify "0".
        Number of Records that will be Initially Loaded
        into the File                   (0-2Giga)[-]    : 

         You must provide an answer here (or ^Z for Main Menu).
        These are the records initially loaded into the file.
        If the file will have no "Load" operation, specify "0".
        Number of Records that will be Initially Loaded
        into the File                   (0-2Giga)[-]    : 

         You must provide an answer here (or ^Z for Main Menu).
        These are the records initially loaded into the file.
        If the file will have no "Load" operation, specify "0".
        Number of Records that will be Initially Loaded
        into the File                   (0-2Giga)[-]    : 

         You must provide an answer here (or ^Z for Main Menu).
        These are the records initially loaded into the file.
        If the file will have no "Load" operation, specify "0".
        Number of Records that will be Initially Loaded
        into the File                   (0-2Giga)[-]    : 

         You must provide an answer here (or ^Z for Main Menu).
        These are the records initially loaded into the file.
        If the file will have no "Load" operation, specify "0".
        Number of Records that will be Initially Loaded
        into the File                   (0-2Giga)[-]    : 

         You must provide an answer here (or ^Z for Main Menu).
        These are the records initially loaded into the file.
        If the file will have no "Load" operation, specify "0".
        Number of Records that will be Initially Loaded
        into the File                   (0-2Giga)[-]    : *EXIT*
        (Add Delete Exit Help Invoke Modify Quit Set View)
        Main Editor Function            (Keyword)[Help] : *EXIT*

SYS$SYSROOT:[SYSMGR.EDP3]AK.FDL;2  28 lines
$ SHOW SYMBOL $STATUS
  $STATUS == "%X00000001"
$ EDIT/FDL/SCRIPT=DELETE_KEY DK.FDL
                        Parsing Definition File
                        Definition Parse Complete
                         Delete_Key Script 

        Deleting KEY  1 primary section.

         Press RETURN to continue (^Z for Main Menu)    

        End of Delete_Key_Indexed Script.

         Press RETURN or ^Z for Main Menu         

        (Add Delete Exit Help Invoke Modify Quit Set View)
        Main Editor Function            (Keyword)[Help] : 


  Information available:

  Abstract   ADD        DELETE     EXIT       HELP       INVOKE     MODIFY     Operation  QUIT       SET        VIEW

Topic? 
        (Add Delete Exit Help Invoke Modify Quit Set View)
        Main Editor Function            (Keyword)[Help] : 


  Information available:

  Abstract   ADD        DELETE     EXIT       HELP       INVOKE     MODIFY     Operation  QUIT       SET        VIEW

Topic? 
        (Add Delete Exit Help Invoke Modify Quit Set View)
        Main Editor Function            (Keyword)[Help] : 


  Information available:

  Abstract   ADD        DELETE     EXIT       HELP       INVOKE     MODIFY     Operation  QUIT       SET        VIEW

Topic? 
        (Add Delete Exit Help Invoke Modify Quit Set View)
        Main Editor Function            (Keyword)[Help] : 


  Information available:

  Abstract   ADD        DELETE     EXIT       HELP       INVOKE     MODIFY     Operation  QUIT       SET        VIEW

Topic? 
        (Add Delete Exit Help Invoke Modify Quit Set View)
        Main Editor Function            (Keyword)[Help] : 


  Information available:

  Abstract   ADD        DELETE     EXIT       HELP       INVOKE     MODIFY     Operation  QUIT       SET        VIEW

Topic? 
        (Add Delete Exit Help Invoke Modify Quit Set View)
        Main Editor Function            (Keyword)[Help] : 


  Information available:

  Abstract   ADD        DELETE     EXIT       HELP       INVOKE     MODIFY     Operation  QUIT       SET        VIEW

Topic? 
        (Add Delete Exit Help Invoke Modify Quit Set View)
        Main Editor Function            (Keyword)[Help] : 


  Information available:

  Abstract   ADD        DELETE     EXIT       HELP       INVOKE     MODIFY     Operation  QUIT       SET        VIEW

Topic? 
        (Add Delete Exit Help Invoke Modify Quit Set View)
        Main Editor Function            (Keyword)[Help] : 


  Information available:

  Abstract   ADD        DELETE     EXIT       HELP       INVOKE     MODIFY     Operation  QUIT       SET        VIEW

Topic? 
        (Add Delete Exit Help Invoke Modify Quit Set View)
        Main Editor Function            (Keyword)[Help] : 


  Information available:

  Abstract   ADD        DELETE     EXIT       HELP       INVOKE     MODIFY     Operation  QUIT       SET        VIEW

Topic? 
        (Add Delete Exit Help Invoke Modify Quit Set View)
        Main Editor Function            (Keyword)[Help] : 


  Information available:

  Abstract   ADD        DELETE     EXIT       HELP       INVOKE     MODIFY     Operation  QUIT       SET        VIEW

Topic? 
        (Add Delete Exit Help Invoke Modify Quit Set View)
        Main Editor Function            (Keyword)[Help] : 


  Information available:

  Abstract   ADD        DELETE     EXIT       HELP       INVOKE     MODIFY     Operation  QUIT       SET        VIEW

Topic? 
        (Add Delete Exit Help Invoke Modify Quit Set View)
        Main Editor Function            (Keyword)[Help] : 


  Information available:

  Abstract   ADD        DELETE     EXIT       HELP       INVOKE     MODIFY     Operation  QUIT       SET        VIEW

Topic? 
        (Add Delete Exit Help Invoke Modify Quit Set View)
        Main Editor Function            (Keyword)[Help] : 


  Information available:

  Abstract   ADD        DELETE     EXIT       HELP       INVOKE     MODIFY     Operation  QUIT       SET        VIEW

Topic? 
        (Add Delete Exit Help Invoke Modify Quit Set View)
        Main Editor Function            (Keyword)[Help] : 


  Information available:

  Abstract   ADD        DELETE     EXIT       HELP       INVOKE     MODIFY     Operation  QUIT       SET        VIEW

Topic? 
        (Add Delete Exit Help Invoke Modify Quit Set View)
        Main Editor Function            (Keyword)[Help] : *EXIT*

SYS$SYSROOT:[SYSMGR.EDP3]DK.FDL;2  14 lines
$ *EXIT*
$ SHOW SYMBOL $STATUS
  $STATUS == "%X00000001"
$ EDIT/FDL/SCRIPT=TOUCHUP TU.FDL
                        Parsing Definition File
                        Definition Parse Complete
                         Touchup Script 

        Target disk volume Cluster Size (1-2Giga)[3]    : 

        Key of Reference                (0-1)[0]        : 

        The Definition of Key  0 will be replaced.

         Press RETURN to continue (^Z for Main Menu)    

        (Line Fill Key Record Init Add)
        Graph type to display           (Keyword)[Line] : 


        Number of Records that will be Initially Loaded
        into the File                   (0-2Giga)[-]    : 

         You must provide an answer here (or ^Z for Main Menu).
        These are the records initially loaded into the file.
        If the file will have no "Load" operation, specify "0".
        Number of Records that will be Initially Loaded
        into the File                   (0-2Giga)[-]    : 

         You must provide an answer here (or ^Z for Main Menu).
        These are the records initially loaded into the file.
        If the file will have no "Load" operation, specify "0".
        Number of Records that will be Initially Loaded
        into the File                   (0-2Giga)[-]    : 

         You must provide an answer here (or ^Z for Main Menu).
        These are the records initially loaded into the file.
        If the file will have no "Load" operation, specify "0".
        Number of Records that will be Initially Loaded
        into the File                   (0-2Giga)[-]    : 

         You must provide an answer here (or ^Z for Main Menu).
        These are the records initially loaded into the file.
        If the file will have no "Load" operation, specify "0".
        Number of Records that will be Initially Loaded
        into the File                   (0-2Giga)[-]    : 

         You must provide an answer here (or ^Z for Main Menu).
        These are the records initially loaded into the file.
        If the file will have no "Load" operation, specify "0".
        Number of Records that will be Initially Loaded
        into the File                   (0-2Giga)[-]    : 

         You must provide an answer here (or ^Z for Main Menu).
        These are the records initially loaded into the file.
        If the file will have no "Load" operation, specify "0".
        Number of Records that will be Initially Loaded
        into the File                   (0-2Giga)[-]    : 

         You must provide an answer here (or ^Z for Main Menu).
        These are the records initially loaded into the file.
        If the file will have no "Load" operation, specify "0".
        Number of Records that will be Initially Loaded
        into the File                   (0-2Giga)[-]    : 

         You must provide an answer here (or ^Z for Main Menu).
        These are the records initially loaded into the file.
        If the file will have no "Load" operation, specify "0".
        Number of Records that will be Initially Loaded
        into the File                   (0-2Giga)[-]    : 

         You must provide an answer here (or ^Z for Main Menu).
        These are the records initially loaded into the file.
        If the file will have no "Load" operation, specify "0".
        Number of Records that will be Initially Loaded
        into the File                   (0-2Giga)[-]    : 

         You must provide an answer here (or ^Z for Main Menu).
        These are the records initially loaded into the file.
        If the file will have no "Load" operation, specify "0".
        Number of Records that will be Initially Loaded
        into the File                   (0-2Giga)[-]    : 

         You must provide an answer here (or ^Z for Main Menu).
        These are the records initially loaded into the file.
        If the file will have no "Load" operation, specify "0".
        Number of Records that will be Initially Loaded
        into the File                   (0-2Giga)[-]    : 

         You must provide an answer here (or ^Z for Main Menu).
        These are the records initially loaded into the file.
        If the file will have no "Load" operation, specify "0".
        Number of Records that will be Initially Loaded
        into the File                   (0-2Giga)[-]    : 

         You must provide an answer here (or ^Z for Main Menu).
        These are the records initially loaded into the file.
        If the file will have no "Load" operation, specify "0".
        Number of Records that will be Initially Loaded
        into the File                   (0-2Giga)[-]    : 

         You must provide an answer here (or ^Z for Main Menu).
        These are the records initially loaded into the file.
        If the file will have no "Load" operation, specify "0".
        Number of Records that will be Initially Loaded
        into the File                   (0-2Giga)[-]    : 

         You must provide an answer here (or ^Z for Main Menu).
        These are the records initially loaded into the file.
        If the file will have no "Load" operation, specify "0".
        Number of Records that will be Initially Loaded
        into the File                   (0-2Giga)[-]    : 

         You must provide an answer here (or ^Z for Main Menu).
        These are the records initially loaded into the file.
        If the file will have no "Load" operation, specify "0".
        Number of Records that will be Initially Loaded
        into the File                   (0-2Giga)[-]    : 

         You must provide an answer here (or ^Z for Main Menu).
        These are the records initially loaded into the file.
        If the file will have no "Load" operation, specify "0".
        Number of Records that will be Initially Loaded
        into the File                   (0-2Giga)[-]    : 

         You must provide an answer here (or ^Z for Main Menu).
        These are the records initially loaded into the file.
        If the file will have no "Load" operation, specify "0".
        Number of Records that will be Initially Loaded
        into the File                   (0-2Giga)[-]    : 

         You must provide an answer here (or ^Z for Main Menu).
        These are the records initially loaded into the file.
        If the file will have no "Load" operation, specify "0".
        Number of Records that will be Initially Loaded
        into the File                   (0-2Giga)[-]    : 

         You must provide an answer here (or ^Z for Main Menu).
        These are the records initially loaded into the file.
        If the file will have no "Load" operation, specify "0".
        Number of Records that will be Initially Loaded
        into the File                   (0-2Giga)[-]    : 

         You must provide an answer here (or ^Z for Main Menu).
        These are the records initially loaded into the file.
        If the file will have no "Load" operation, specify "0".
        Number of Records that will be Initially Loaded
        into the File                   (0-2Giga)[-]    : 

         You must provide an answer here (or ^Z for Main Menu).
        These are the records initially loaded into the file.
        If the file will have no "Load" operation, specify "0".
        Number of Records that will be Initially Loaded
        into the File                   (0-2Giga)[-]    : 

         You must provide an answer here (or ^Z for Main Menu).
        These are the records initially loaded into the file.
        If the file will have no "Load" operation, specify "0".
        Number of Records that will be Initially Loaded
        into the File                   (0-2Giga)[-]    : 

         You must provide an answer here (or ^Z for Main Menu).
        These are the records initially loaded into the file.
        If the file will have no "Load" operation, specify "0".
        Number of Records that will be Initially Loaded
        into the File                   (0-2Giga)[-]    : 

         You must provide an answer here (or ^Z for Main Menu).
        These are the records initially loaded into the file.
        If the file will have no "Load" operation, specify "0".
        Number of Records that will be Initially Loaded
        into the File                   (0-2Giga)[-]    : 

         You must provide an answer here (or ^Z for Main Menu).
        These are the records initially loaded into the file.
        If the file will have no "Load" operation, specify "0".
        Number of Records that will be Initially Loaded
        into the File                   (0-2Giga)[-]    : *EXIT*
        (Add Delete Exit Help Invoke Modify Quit Set View)
        Main Editor Function            (Keyword)[Help] : *EXIT*

SYS$SYSROOT:[SYSMGR.EDP3]TU.FDL;2  28 lines
$ SHOW SYMBOL $STATUS
  $STATUS == "%X00000001"
$ DIRECTORY

Directory SYS$SYSROOT:[SYSMGR.EDP3]

AK.FDL;2            AK.FDL;1            DK.FDL;2            DK.FDL;1           
IDX.DAT;1           IDX.FDL;2           IDX.FDL;1           IDXA.FDL;1         
OPT.FDL;2           OPT.FDL;1           SETUP.COM;1         TU.FDL;2           
TU.FDL;1            

Total of 13 files.
$ TYPE S1.FDL;*
%TYPE-W-SEARCHFAIL, error searching for SYS$COMMON:[SYSMGR.EDP3]S1.FDL;*
-RMS-E-DNF, directory not found
-SYSTEM-W-NOSUCHFILE, no such file
$ TYPE S2.FDL;*
%TYPE-W-SEARCHFAIL, error searching for SYS$COMMON:[SYSMGR.EDP3]S2.FDL;*
-RMS-E-DNF, directory not found
-SYSTEM-W-NOSUCHFILE, no such file
$ TYPE S3.FDL;*
%TYPE-W-SEARCHFAIL, error searching for SYS$COMMON:[SYSMGR.EDP3]S3.FDL;*
-RMS-E-DNF, directory not found
-SYSTEM-W-NOSUCHFILE, no such file
$ TYPE OPT.FDL;*
 
SYS$SYSROOT:[SYSMGR.EDP3]OPT.FDL;2
 
IDENT   FDL_VERSION 02  " 7-OCT-2026 17:59:09  OpenVMS FDL Editor"

FILE
        ORGANIZATION            indexed

RECORD
        FORMAT                  fixed
        SIZE                    64

AREA 1
        BUCKET_SIZE             12

AREA 2
        ALLOCATION              0
        BUCKET_SIZE             3
        EXTENSION               0

KEY 0
        CHANGES                 no
        DUPLICATES              no
        SEG0_LENGTH             8
        SEG0_POSITION           0

KEY 1
        CHANGES                 yes
        DUPLICATES              yes
        SEG0_LENGTH             10
        SEG0_POSITION           8
 
SYS$SYSROOT:[SYSMGR.EDP3]OPT.FDL;1
 
FILE
  ORGANIZATION indexed
RECORD
  FORMAT fixed
  SIZE 64
KEY 0
  SEG0_LENGTH 8
  SEG0_POSITION 0
  DUPLICATES no
  CHANGES no
KEY 1
  SEG0_LENGTH 10
  SEG0_POSITION 8
  DUPLICATES yes
  CHANGES yes
$ TYPE AK.FDL;*
 
SYS$SYSROOT:[SYSMGR.EDP3]AK.FDL;2
 
IDENT   FDL_VERSION 02  " 7-OCT-2026 18:00:18  OpenVMS FDL Editor"

FILE
        ORGANIZATION            indexed

RECORD
        FORMAT                  fixed
        SIZE                    64

AREA 1
        BUCKET_SIZE             12

AREA 2
        ALLOCATION              0
        BUCKET_SIZE             3
        EXTENSION               0

KEY 0
        CHANGES                 no
        DUPLICATES              no
        SEG0_LENGTH             8
        SEG0_POSITION           0

KEY 1
        CHANGES                 yes
        DUPLICATES              yes
        SEG0_LENGTH             10
        SEG0_POSITION           8
 
SYS$SYSROOT:[SYSMGR.EDP3]AK.FDL;1
 
FILE
  ORGANIZATION indexed
RECORD
  FORMAT fixed
  SIZE 64
KEY 0
  SEG0_LENGTH 8
  SEG0_POSITION 0
  DUPLICATES no
  CHANGES no
KEY 1
  SEG0_LENGTH 10
  SEG0_POSITION 8
  DUPLICATES yes
  CHANGES yes
$ TYPE DK.FDL;*
 
SYS$SYSROOT:[SYSMGR.EDP3]DK.FDL;2
 
IDENT   FDL_VERSION 02  " 7-OCT-2026 18:02:12  OpenVMS FDL Editor"

FILE
        ORGANIZATION            indexed

RECORD
        FORMAT                  fixed
        SIZE                    64

KEY 0
        CHANGES                 no
        DUPLICATES              no
        SEG0_LENGTH             8
        SEG0_POSITION           0
 
SYS$SYSROOT:[SYSMGR.EDP3]DK.FDL;1
 
FILE
  ORGANIZATION indexed
RECORD
  FORMAT fixed
  SIZE 64
KEY 0
  SEG0_LENGTH 8
  SEG0_POSITION 0
  DUPLICATES no
  CHANGES no
KEY 1
  SEG0_LENGTH 10
  SEG0_POSITION 8
  DUPLICATES yes
  CHANGES yes
$ TYPE TU.FDL;*
 
SYS$SYSROOT:[SYSMGR.EDP3]TU.FDL;2
 
IDENT   FDL_VERSION 02  " 7-OCT-2026 18:03:18  OpenVMS FDL Editor"

FILE
        ORGANIZATION            indexed

RECORD
        FORMAT                  fixed
        SIZE                    64

AREA 1
        BUCKET_SIZE             12

AREA 2
        ALLOCATION              0
        BUCKET_SIZE             3
        EXTENSION               0

KEY 0
        CHANGES                 no
        DUPLICATES              no
        SEG0_LENGTH             8
        SEG0_POSITION           0

KEY 1
        CHANGES                 yes
        DUPLICATES              yes
        SEG0_LENGTH             10
        SEG0_POSITION           8
 
SYS$SYSROOT:[SYSMGR.EDP3]TU.FDL;1
 
FILE
  ORGANIZATION indexed
RECORD
  FORMAT fixed
  SIZE 64
KEY 0
  SEG0_LENGTH 8
  SEG0_POSITION 0
  DUPLICATES no
  CHANGES no
KEY 1
  SEG0_LENGTH 10
  SEG0_POSITION 8
  DUPLICATES yes
  CHANGES yes
$ TYPE NEW.FDL;*
%TYPE-W-SEARCHFAIL, error searching for SYS$COMMON:[SYSMGR.EDP3]NEW.FDL;*
-RMS-E-DNF, directory not found
-SYSTEM-W-NOSUCHFILE, no such file
$ TYPE IDX.FDL;*
 
SYS$SYSROOT:[SYSMGR.EDP3]IDX.FDL;2
 
IDENT   FDL_VERSION 02  " 7-OCT-2026 17:52:37  OpenVMS FDL Editor"

FILE
        ORGANIZATION            indexed

RECORD
        FORMAT                  fixed
        SIZE                    64

KEY 0
        CHANGES                 no
        DUPLICATES              no
        SEG0_LENGTH             8
        SEG0_POSITION           0

KEY 1
        CHANGES                 yes
        DUPLICATES              yes
        SEG0_LENGTH             10
        SEG0_POSITION           8
 
SYS$SYSROOT:[SYSMGR.EDP3]IDX.FDL;1
 
FILE
  ORGANIZATION indexed
RECORD
  FORMAT fixed
  SIZE 64
KEY 0
  SEG0_LENGTH 8
  SEG0_POSITION 0
  DUPLICATES no
  CHANGES no
KEY 1
  SEG0_LENGTH 10
  SEG0_POSITION 8
  DUPLICATES yes
  CHANGES yes
$ 