$ SET DEFAULT SYS$LOGIN
$ CREATE/DIRECTORY [.EDF4B]
$ SET DEFAULT [.EDF4B]
$ CREATE D1.FDL
FILE
  ORGANIZATION indexed
RECORD
  FORMAT fixed
  SIZE 64
KEY 0
  SEG0_LENGTH 8
  SEG0_POSITION 0
  DUPLICATES no
  CHANGES no
*EXIT*
$ CREATE D1MA.FDL
FILE
  CLUSTER_SIZE 1
  ORGANIZATION indexed
*EXIT*
$ CREATE F0.FDL
FILE
  ORGANIZATION indexed
RECORD
  FORMAT fixed
  SIZE 64
KEY 0
  SEG0_LENGTH 8
  SEG0_POSITION 0
  DUPLICATES no
  CHANGES no
  DATA_KEY_COMPRESSION no
  DATA_RECORD_COMPRESSION no
  INDEX_COMPRESSION no
*EXIT*
$ CREATE F1.FDL
FILE
  ORGANIZATION indexed
RECORD
  FORMAT fixed
  SIZE 64
KEY 0
  SEG0_LENGTH 8
  SEG0_POSITION 0
  DUPLICATES no
  CHANGES no
  DATA_KEY_COMPRESSION no
  DATA_RECORD_COMPRESSION no
  INDEX_COMPRESSION yes
*EXIT*
$ CREATE F2.FDL
FILE
  ORGANIZATION indexed
RECORD
  FORMAT fixed
  SIZE 64
KEY 0
  SEG0_LENGTH 8
  SEG0_POSITION 0
  DUPLICATES no
  CHANGES no
  DATA_KEY_COMPRESSION no
  DATA_RECORD_COMPRESSION yes
  INDEX_COMPRESSION no
*EXIT*
$ CREATE F3.FDL
FILE
  ORGANIZATION indexed
RECORD
  FORMAT fixed
  SIZE 64
KEY 0
  SEG0_LENGTH 8
  SEG0_POSITION 0
  DUPLICATES no
  CHANGES no
  DATA_KEY_COMPRESSION no
  DATA_RECORD_COMPRESSION yes
  INDEX_COMPRESSION yes
*EXIT*
$ CREATE F4.FDL
FILE
  ORGANIZATION indexed
RECORD
  FORMAT fixed
  SIZE 64
KEY 0
  SEG0_LENGTH 8
  SEG0_POSITION 0
  DUPLICATES no
  CHANGES no
  DATA_KEY_COMPRESSION yes
  DATA_RECORD_COMPRESSION no
  INDEX_COMPRESSION no
*EXIT*
$ CREATE F5.FDL
FILE
  ORGANIZATION indexed
RECORD
  FORMAT fixed
  SIZE 64
KEY 0
  SEG0_LENGTH 8
  SEG0_POSITION 0
  DUPLICATES no
  CHANGES no
  DATA_KEY_COMPRESSION yes
  DATA_RECORD_COMPRESSION no
  INDEX_COMPRESSION yes
*EXIT*
$ CREATE F6.FDL
FILE
  ORGANIZATION indexed
RECORD
  FORMAT fixed
  SIZE 64
KEY 0
  SEG0_LENGTH 8
  SEG0_POSITION 0
  DUPLICATES no
  CHANGES no
  DATA_KEY_COMPRESSION yes
  DATA_RECORD_COMPRESSION yes
  INDEX_COMPRESSION no
*EXIT*
$ CREATE F7.FDL
FILE
  ORGANIZATION indexed
RECORD
  FORMAT fixed
  SIZE 64
KEY 0
  SEG0_LENGTH 8
  SEG0_POSITION 0
  DUPLICATES no
  CHANGES no
  DATA_KEY_COMPRESSION yes
  DATA_RECORD_COMPRESSION yes
  INDEX_COMPRESSION yes
*EXIT*
$ CREATE L0.FDL
FILE
  ORGANIZATION indexed
RECORD
  FORMAT fixed
  SIZE 64
KEY 0
  SEG0_LENGTH 8
  SEG0_POSITION 0
  DUPLICATES no
  CHANGES no
  DATA_FILL 50
*EXIT*
$ CREATE L1.FDL
FILE
  ORGANIZATION indexed
RECORD
  FORMAT fixed
  SIZE 64
KEY 0
  SEG0_LENGTH 8
  SEG0_POSITION 0
  DUPLICATES no
  CHANGES no
  DATA_FILL 70
*EXIT*
$ CREATE L2.FDL
FILE
  ORGANIZATION indexed
RECORD
  FORMAT fixed
  SIZE 64
KEY 0
  SEG0_LENGTH 8
  SEG0_POSITION 0
  DUPLICATES no
  CHANGES no
  DATA_FILL 80
*EXIT*
$ CREATE L3.FDL
FILE
  ORGANIZATION indexed
RECORD
  FORMAT fixed
  SIZE 64
KEY 0
  SEG0_LENGTH 8
  SEG0_POSITION 0
  DUPLICATES no
  CHANGES no
  DATA_FILL 90
*EXIT*
$ CREATE L4.FDL
FILE
  ORGANIZATION indexed
RECORD
  FORMAT fixed
  SIZE 64
KEY 0
  SEG0_LENGTH 8
  SEG0_POSITION 0
  DUPLICATES no
  CHANGES no
  INDEX_FILL 70
*EXIT*
$ CREATE L5.FDL
FILE
  ORGANIZATION indexed
RECORD
  FORMAT fixed
  SIZE 64
KEY 0
  SEG0_LENGTH 8
  SEG0_POSITION 0
  DUPLICATES no
  CHANGES no
  DATA_FILL 80
  INDEX_FILL 60
*EXIT*
$ CREATE D8.FDL
FILE
  ORGANIZATION indexed
RECORD
  FORMAT variable
  SIZE 200
KEY 0
  SEG0_LENGTH 8
  SEG0_POSITION 0
  DUPLICATES no
  CHANGES no
*EXIT*
$ CREATE D8MA.FDL
FILE
  CLUSTER_SIZE 1
  ORGANIZATION indexed
*EXIT*
$ CREATE DS.FDL
FILE
  ORGANIZATION indexed
RECORD
  FORMAT fixed
  SIZE 64
KEY 0
  SEG0_LENGTH 4
  SEG0_POSITION 0
  SEG1_LENGTH 4
  SEG1_POSITION 20
  DUPLICATES no
  CHANGES no
*EXIT*
$ CREATE DSMA.FDL
FILE
  CLUSTER_SIZE 1
  ORGANIZATION indexed
*EXIT*
$ CREATE DB.FDL
FILE
  ORGANIZATION indexed
RECORD
  FORMAT fixed
  SIZE 64
KEY 0
  SEG0_LENGTH 4
  SEG0_POSITION 0
  DUPLICATES no
  CHANGES no
  TYPE bin4
*EXIT*
$ CREATE DBMA.FDL
FILE
  CLUSTER_SIZE 1
  ORGANIZATION indexed
*EXIT*
$ CREATE D9.FDL
FILE
  ORGANIZATION indexed
RECORD
  FORMAT fixed
  SIZE 64
KEY 0
  SEG0_LENGTH 8
  SEG0_POSITION 0
  DUPLICATES no
  CHANGES no
  DATA_KEY_COMPRESSION no
  DATA_RECORD_COMPRESSION no
  INDEX_COMPRESSION no
*EXIT*
$ CREATE E9.FDL
FILE
  ORGANIZATION indexed
RECORD
  FORMAT fixed
  SIZE 64
KEY 0
  SEG0_LENGTH 8
  SEG0_POSITION 0
  DUPLICATES no
  CHANGES no
  DATA_KEY_COMPRESSION no
  DATA_RECORD_COMPRESSION no
  INDEX_COMPRESSION no
KEY 1
  SEG0_LENGTH 10
  SEG0_POSITION 8
  DUPLICATES yes
  CHANGES yes
*EXIT*
$ CREATE D1MC16A.FDL
FILE
  CLUSTER_SIZE 16
  ORGANIZATION indexed
*EXIT*
$ CREATE E1.FDL
FILE
  ORGANIZATION indexed
RECORD
  FORMAT fixed
  SIZE 64
KEY 0
  SEG0_LENGTH 8
  SEG0_POSITION 0
  DUPLICATES no
  CHANGES no
KEY 1
  SEG0_LENGTH 10
  SEG0_POSITION 8
  DUPLICATES yes
  CHANGES yes
*EXIT*
$ CREATE E1MC16A.FDL
FILE
  CLUSTER_SIZE 16
  ORGANIZATION indexed
*EXIT*
$ CREATE RUN.COM
$ SET NOON
$ SET TERMINAL/TAB
$ GOSUB base
$ n0 = 100000
$ CALL case F00 D1A.FDL F0.FDL "" 1
$ GOSUB base
$ n0 = 100000
$ CALL case F01 D1A.FDL F1.FDL "" 1
$ GOSUB base
$ n0 = 100000
$ CALL case F02 D1A.FDL F2.FDL "" 1
$ GOSUB base
$ n0 = 100000
$ CALL case F03 D1A.FDL F3.FDL "" 1
$ GOSUB base
$ n0 = 100000
$ CALL case F04 D1A.FDL F4.FDL "" 1
$ GOSUB base
$ n0 = 100000
$ CALL case F05 D1A.FDL F5.FDL "" 1
$ GOSUB base
$ n0 = 100000
$ CALL case F06 D1A.FDL F6.FDL "" 1
$ GOSUB base
$ n0 = 100000
$ CALL case F07 D1A.FDL F7.FDL "" 1
$ GOSUB base
$ n0 = 100000
$ CALL case L00 D1A.FDL L0.FDL "" 1
$ GOSUB base
$ n0 = 100000
$ CALL case L01 D1A.FDL L1.FDL "" 1
$ GOSUB base
$ n0 = 100000
$ CALL case L02 D1A.FDL L2.FDL "" 1
$ GOSUB base
$ n0 = 100000
$ CALL case L03 D1A.FDL L3.FDL "" 1
$ GOSUB base
$ n0 = 100000
$ CALL case L04 D1A.FDL L4.FDL "" 1
$ GOSUB base
$ n0 = 100000
$ CALL case L05 D1A.FDL L5.FDL "" 1
$ GOSUB base
$ n0 = 10000
$ mdl0 = 10
$ lrl0 = 200
$ CALL case V00 D8MA.FDL D8.FDL "" 1
$ GOSUB base
$ n0 = 10000
$ mdl0 = 30
$ lrl0 = 200
$ CALL case V01 D8MA.FDL D8.FDL "" 1
$ GOSUB base
$ n0 = 10000
$ mdl0 = 199
$ lrl0 = 200
$ CALL case V02 D8MA.FDL D8.FDL "" 1
$ GOSUB base
$ n0 = 100000
$ CALL case O00 DSMA.FDL DS.FDL "" 1
$ GOSUB base
$ n0 = 100000
$ CALL case O01 DBMA.FDL DB.FDL "" 1
$ GOSUB base
$ n0 = 10000
$ CALL case U00 D1MC16A.FDL D9.FDL "" 1
$ GOSUB base
$ n0 = 100000
$ CALL case U01 D1MC16A.FDL D9.FDL "" 1
$ GOSUB base
$ n0 = 10000
$ CALL case U02 E1MC16A.FDL E9.FDL "" 2
$ GOSUB base
$ n0 = 10000
$ CALL case U03 E1MC16A.FDL E1.FDL "" 2
$ GOSUB base
$ n0 = 10000
$ CALL case U04 D1MC16A.FDL F1.FDL "" 1
$ GOSUB base
$ n0 = 10000
$ CALL case U05 D1MC16A.FDL F5.FDL "" 1
$ WRITE SYS$OUTPUT "@@ end"
$ EXIT
$base:
$ n0 = 1000
$ df0 = 72
$ dkc0 = 49
$ drc0 = 73
$ dso0 = 94
$ dep0 = 1
$ ic0 = 28
$ if0 = 34
$ iso0 = 2
$ l10 = 47
$ mdl0 = 64
$ mil0 = 10
$ lrl0 = 64
$ n1 = 50
$ df1 = 66
$ dkc1 = 56
$ dso1 = 16
$ dep1 = 1
$ dps1 = 19
$ ic1 = 44
$ if1 = 6
$ iso1 = 2
$ l11 = 8
$ mdl1 = 106
$ mil1 = 12
$ n2 = 50
$ df2 = 66
$ dkc2 = 56
$ dso2 = 16
$ dep2 = 1
$ dps2 = 19
$ ic2 = 44
$ if2 = 6
$ iso2 = 2
$ l12 = 8
$ mdl2 = 106
$ mil2 = 12
$ n3 = 50
$ df3 = 66
$ dkc3 = 56
$ dso3 = 16
$ dep3 = 1
$ dps3 = 19
$ ic3 = 44
$ if3 = 6
$ iso3 = 2
$ l13 = 8
$ mdl3 = 106
$ mil3 = 12
$ RETURN
$case: SUBROUTINE
$ SET NOON
$ OPEN/WRITE t T.TMP
$ WRITE t ""
$ WRITE t "ANALYSIS_OF_AREA 0"
$ WRITE t "  RECLAIMED_SPACE 0"
$ CALL aok 0
$ IF P5 .GT. 1 THEN CALL aok 1
$ IF P5 .GT. 2 THEN CALL aok 2
$ IF P5 .GT. 3 THEN CALL aok 3
$ CLOSE t
$ COPY 'P2'+T.TMP 'P1'A.FDL
$ DELETE T.TMP;*
$ EDIT/FDL/NOINTERACTIVE/ANALYSIS='P1'A.FDL/OUTPUT='P1'O.FDL'P4' 'P3'
$ st = $STATUS
$ WRITE SYS$OUTPUT "@@ ", P1, " ", P3, " ", P4, " ", F$FAO("!XL", F$INTEGER(st))
$ TYPE 'P1'A.FDL
$ WRITE SYS$OUTPUT "@@ ", P1, " output"
$ TYPE 'P1'O.FDL
$ ENDSUBROUTINE
$aok: SUBROUTINE
$ WRITE t ""
$ WRITE t "ANALYSIS_OF_KEY ", P1
$ WRITE t "  DATA_FILL ", df'P1'
$ WRITE t "  DATA_KEY_COMPRESSION ", dkc'P1'
$ IF P1 .EQ. 0 THEN WRITE t "  DATA_RECORD_COMPRESSION ", drc0
$ WRITE t "  DATA_RECORD_COUNT ", n'P1'
$ WRITE t "  DATA_SPACE_OCCUPIED ", dso'P1'
$ WRITE t "  DEPTH ", dep'P1'
$ IF P1 .GT. 0 THEN WRITE t "  DUPLICATES_PER_SIDR ", dps'P1'
$ WRITE t "  INDEX_COMPRESSION ", ic'P1'
$ WRITE t "  INDEX_FILL ", if'P1'
$ WRITE t "  INDEX_SPACE_OCCUPIED ", iso'P1'
$ WRITE t "  LEVEL1_RECORD_COUNT ", l1'P1'
$ WRITE t "  MEAN_DATA_LENGTH ", mdl'P1'
$ WRITE t "  MEAN_INDEX_LENGTH ", mil'P1'
$ IF P1 .EQ. 0 THEN WRITE t "  LONGEST_RECORD_LENGTH ", lrl0
$ ENDSUBROUTINE
*EXIT*
$ @RUN
%COPY-E-OPENIN, error opening SYS$COMMON:[SYSMGR.EDF4B]D1A.FDL; as input
-RMS-E-DNF, directory not found
-SYSTEM-W-NOSUCHFILE, no such file
@@ F00 F0.FDL  00000001

ANALYSIS_OF_AREA 0
  RECLAIMED_SPACE 0

ANALYSIS_OF_KEY 0
  DATA_FILL 72
  DATA_KEY_COMPRESSION 49
  DATA_RECORD_COMPRESSION 73
  DATA_RECORD_COUNT 100000
  DATA_SPACE_OCCUPIED 94
  DEPTH 1
  INDEX_COMPRESSION 28
  INDEX_FILL 34
  INDEX_SPACE_OCCUPIED 2
  LEVEL1_RECORD_COUNT 47
  MEAN_DATA_LENGTH 64
  MEAN_INDEX_LENGTH 10
  LONGEST_RECORD_LENGTH 64
@@ F00 output
IDENT	FDL_VERSION 02	" 7-OCT-2026 05:18:21  OpenVMS FDL Editor"

SYSTEM
	SOURCE			"OpenVMS"

FILE
	ORGANIZATION		indexed
	GLBUFF_FLAGS_V83	none

RECORD
	CARRIAGE_CONTROL	carriage_return
	FORMAT			fixed
	SIZE			64

AREA 0
	ALLOCATION		15003
	BEST_TRY_CONTIGUOUS	yes
	BUCKET_SIZE		3
	EXTENSION		3750

AREA 1
	ALLOCATION		123
	BEST_TRY_CONTIGUOUS	yes
	BUCKET_SIZE		3
	EXTENSION		30

KEY 0
	CHANGES			no
	DATA_AREA		0
	DATA_FILL		100
	DATA_KEY_COMPRESSION	no
	DATA_RECORD_COMPRESSION	no
	DUPLICATES		no
	INDEX_AREA		1
	INDEX_COMPRESSION	no
	INDEX_FILL		100
	LEVEL1_INDEX_AREA	1
	PROLOG			3
	SEG0_LENGTH		8
	SEG0_POSITION		0
	TYPE			string
%COPY-E-OPENIN, error opening SYS$COMMON:[SYSMGR.EDF4B]D1A.FDL; as input
-RMS-E-DNF, directory not found
-SYSTEM-W-NOSUCHFILE, no such file
@@ F01 F1.FDL  00000001

ANALYSIS_OF_AREA 0
  RECLAIMED_SPACE 0

ANALYSIS_OF_KEY 0
  DATA_FILL 72
  DATA_KEY_COMPRESSION 49
  DATA_RECORD_COMPRESSION 73
  DATA_RECORD_COUNT 100000
  DATA_SPACE_OCCUPIED 94
  DEPTH 1
  INDEX_COMPRESSION 28
  INDEX_FILL 34
  INDEX_SPACE_OCCUPIED 2
  LEVEL1_RECORD_COUNT 47
  MEAN_DATA_LENGTH 64
  MEAN_INDEX_LENGTH 10
  LONGEST_RECORD_LENGTH 64
@@ F01 output
IDENT	FDL_VERSION 02	" 7-OCT-2026 05:18:22  OpenVMS FDL Editor"

SYSTEM
	SOURCE			"OpenVMS"

FILE
	ORGANIZATION		indexed
	GLBUFF_FLAGS_V83	none

RECORD
	CARRIAGE_CONTROL	carriage_return
	FORMAT			fixed
	SIZE			64

AREA 0
	ALLOCATION		15003
	BEST_TRY_CONTIGUOUS	yes
	BUCKET_SIZE		3
	EXTENSION		3750

AREA 1
	ALLOCATION		123
	BEST_TRY_CONTIGUOUS	yes
	BUCKET_SIZE		3
	EXTENSION		30

KEY 0
	CHANGES			no
	DATA_AREA		0
	DATA_FILL		100
	DATA_KEY_COMPRESSION	no
	DATA_RECORD_COMPRESSION	no
	DUPLICATES		no
	INDEX_AREA		1
	INDEX_COMPRESSION	yes
	INDEX_FILL		100
	LEVEL1_INDEX_AREA	1
	PROLOG			3
	SEG0_LENGTH		8
	SEG0_POSITION		0
	TYPE			string
%COPY-E-OPENIN, error opening SYS$COMMON:[SYSMGR.EDF4B]D1A.FDL; as input
-RMS-E-DNF, directory not found
-SYSTEM-W-NOSUCHFILE, no such file
@@ F02 F2.FDL  00000001

ANALYSIS_OF_AREA 0
  RECLAIMED_SPACE 0

ANALYSIS_OF_KEY 0
  DATA_FILL 72
  DATA_KEY_COMPRESSION 49
  DATA_RECORD_COMPRESSION 73
  DATA_RECORD_COUNT 100000
  DATA_SPACE_OCCUPIED 94
  DEPTH 1
  INDEX_COMPRESSION 28
  INDEX_FILL 34
  INDEX_SPACE_OCCUPIED 2
  LEVEL1_RECORD_COUNT 47
  MEAN_DATA_LENGTH 64
  MEAN_INDEX_LENGTH 10
  LONGEST_RECORD_LENGTH 64
@@ F02 output
IDENT	FDL_VERSION 02	" 7-OCT-2026 05:18:22  OpenVMS FDL Editor"

SYSTEM
	SOURCE			"OpenVMS"

FILE
	ORGANIZATION		indexed
	GLBUFF_FLAGS_V83	none

RECORD
	CARRIAGE_CONTROL	carriage_return
	FORMAT			fixed
	SIZE			64

AREA 0
	ALLOCATION		7083
	BEST_TRY_CONTIGUOUS	yes
	BUCKET_SIZE		15
	EXTENSION		1770

AREA 1
	ALLOCATION		15
	BEST_TRY_CONTIGUOUS	yes
	BUCKET_SIZE		15
	EXTENSION		15

KEY 0
	CHANGES			no
	DATA_AREA		0
	DATA_FILL		100
	DATA_KEY_COMPRESSION	no
	DATA_RECORD_COMPRESSION	yes
	DUPLICATES		no
	INDEX_AREA		1
	INDEX_COMPRESSION	no
	INDEX_FILL		100
	LEVEL1_INDEX_AREA	1
	PROLOG			3
	SEG0_LENGTH		8
	SEG0_POSITION		0
	TYPE			string
%COPY-E-OPENIN, error opening SYS$COMMON:[SYSMGR.EDF4B]D1A.FDL; as input
-RMS-E-DNF, directory not found
-SYSTEM-W-NOSUCHFILE, no such file
@@ F03 F3.FDL  00000001

ANALYSIS_OF_AREA 0
  RECLAIMED_SPACE 0

ANALYSIS_OF_KEY 0
  DATA_FILL 72
  DATA_KEY_COMPRESSION 49
  DATA_RECORD_COMPRESSION 73
  DATA_RECORD_COUNT 100000
  DATA_SPACE_OCCUPIED 94
  DEPTH 1
  INDEX_COMPRESSION 28
  INDEX_FILL 34
  INDEX_SPACE_OCCUPIED 2
  LEVEL1_RECORD_COUNT 47
  MEAN_DATA_LENGTH 64
  MEAN_INDEX_LENGTH 10
  LONGEST_RECORD_LENGTH 64
@@ F03 output
IDENT	FDL_VERSION 02	" 7-OCT-2026 05:18:22  OpenVMS FDL Editor"

SYSTEM
	SOURCE			"OpenVMS"

FILE
	ORGANIZATION		indexed
	GLBUFF_FLAGS_V83	none

RECORD
	CARRIAGE_CONTROL	carriage_return
	FORMAT			fixed
	SIZE			64

AREA 0
	ALLOCATION		7083
	BEST_TRY_CONTIGUOUS	yes
	BUCKET_SIZE		15
	EXTENSION		1770

AREA 1
	ALLOCATION		15
	BEST_TRY_CONTIGUOUS	yes
	BUCKET_SIZE		15
	EXTENSION		15

KEY 0
	CHANGES			no
	DATA_AREA		0
	DATA_FILL		100
	DATA_KEY_COMPRESSION	no
	DATA_RECORD_COMPRESSION	yes
	DUPLICATES		no
	INDEX_AREA		1
	INDEX_COMPRESSION	yes
	INDEX_FILL		100
	LEVEL1_INDEX_AREA	1
	PROLOG			3
	SEG0_LENGTH		8
	SEG0_POSITION		0
	TYPE			string
%COPY-E-OPENIN, error opening SYS$COMMON:[SYSMGR.EDF4B]D1A.FDL; as input
-RMS-E-DNF, directory not found
-SYSTEM-W-NOSUCHFILE, no such file
@@ F04 F4.FDL  00000001

ANALYSIS_OF_AREA 0
  RECLAIMED_SPACE 0

ANALYSIS_OF_KEY 0
  DATA_FILL 72
  DATA_KEY_COMPRESSION 49
  DATA_RECORD_COMPRESSION 73
  DATA_RECORD_COUNT 100000
  DATA_SPACE_OCCUPIED 94
  DEPTH 1
  INDEX_COMPRESSION 28
  INDEX_FILL 34
  INDEX_SPACE_OCCUPIED 2
  LEVEL1_RECORD_COUNT 47
  MEAN_DATA_LENGTH 64
  MEAN_INDEX_LENGTH 10
  LONGEST_RECORD_LENGTH 64
@@ F04 output
IDENT	FDL_VERSION 02	" 7-OCT-2026 05:18:22  OpenVMS FDL Editor"

SYSTEM
	SOURCE			"OpenVMS"

FILE
	ORGANIZATION		indexed
	GLBUFF_FLAGS_V83	none

RECORD
	CARRIAGE_CONTROL	carriage_return
	FORMAT			fixed
	SIZE			64

AREA 0
	ALLOCATION		14289
	BEST_TRY_CONTIGUOUS	yes
	BUCKET_SIZE		3
	EXTENSION		3573

AREA 1
	ALLOCATION		117
	BEST_TRY_CONTIGUOUS	yes
	BUCKET_SIZE		3
	EXTENSION		30

KEY 0
	CHANGES			no
	DATA_AREA		0
	DATA_FILL		100
	DATA_KEY_COMPRESSION	yes
	DATA_RECORD_COMPRESSION	no
	DUPLICATES		no
	INDEX_AREA		1
	INDEX_COMPRESSION	no
	INDEX_FILL		100
	LEVEL1_INDEX_AREA	1
	PROLOG			3
	SEG0_LENGTH		8
	SEG0_POSITION		0
	TYPE			string
%COPY-E-OPENIN, error opening SYS$COMMON:[SYSMGR.EDF4B]D1A.FDL; as input
-RMS-E-DNF, directory not found
-SYSTEM-W-NOSUCHFILE, no such file
@@ F05 F5.FDL  00000001

ANALYSIS_OF_AREA 0
  RECLAIMED_SPACE 0

ANALYSIS_OF_KEY 0
  DATA_FILL 72
  DATA_KEY_COMPRESSION 49
  DATA_RECORD_COMPRESSION 73
  DATA_RECORD_COUNT 100000
  DATA_SPACE_OCCUPIED 94
  DEPTH 1
  INDEX_COMPRESSION 28
  INDEX_FILL 34
  INDEX_SPACE_OCCUPIED 2
  LEVEL1_RECORD_COUNT 47
  MEAN_DATA_LENGTH 64
  MEAN_INDEX_LENGTH 10
  LONGEST_RECORD_LENGTH 64
@@ F05 output
IDENT	FDL_VERSION 02	" 7-OCT-2026 05:18:22  OpenVMS FDL Editor"

SYSTEM
	SOURCE			"OpenVMS"

FILE
	ORGANIZATION		indexed
	GLBUFF_FLAGS_V83	none

RECORD
	CARRIAGE_CONTROL	carriage_return
	FORMAT			fixed
	SIZE			64

AREA 0
	ALLOCATION		14289
	BEST_TRY_CONTIGUOUS	yes
	BUCKET_SIZE		3
	EXTENSION		3573

AREA 1
	ALLOCATION		117
	BEST_TRY_CONTIGUOUS	yes
	BUCKET_SIZE		3
	EXTENSION		30

KEY 0
	CHANGES			no
	DATA_AREA		0
	DATA_FILL		100
	DATA_KEY_COMPRESSION	yes
	DATA_RECORD_COMPRESSION	no
	DUPLICATES		no
	INDEX_AREA		1
	INDEX_COMPRESSION	yes
	INDEX_FILL		100
	LEVEL1_INDEX_AREA	1
	PROLOG			3
	SEG0_LENGTH		8
	SEG0_POSITION		0
	TYPE			string
%COPY-E-OPENIN, error opening SYS$COMMON:[SYSMGR.EDF4B]D1A.FDL; as input
-RMS-E-DNF, directory not found
-SYSTEM-W-NOSUCHFILE, no such file
@@ F06 F6.FDL  00000001

ANALYSIS_OF_AREA 0
  RECLAIMED_SPACE 0

ANALYSIS_OF_KEY 0
  DATA_FILL 72
  DATA_KEY_COMPRESSION 49
  DATA_RECORD_COMPRESSION 73
  DATA_RECORD_COUNT 100000
  DATA_SPACE_OCCUPIED 94
  DEPTH 1
  INDEX_COMPRESSION 28
  INDEX_FILL 34
  INDEX_SPACE_OCCUPIED 2
  LEVEL1_RECORD_COUNT 47
  MEAN_DATA_LENGTH 64
  MEAN_INDEX_LENGTH 10
  LONGEST_RECORD_LENGTH 64
@@ F06 output
IDENT	FDL_VERSION 02	" 7-OCT-2026 05:18:23  OpenVMS FDL Editor"

SYSTEM
	SOURCE			"OpenVMS"

FILE
	ORGANIZATION		indexed
	GLBUFF_FLAGS_V83	none

RECORD
	CARRIAGE_CONTROL	carriage_return
	FORMAT			fixed
	SIZE			64

AREA 0
	ALLOCATION		6888
	BEST_TRY_CONTIGUOUS	yes
	BUCKET_SIZE		15
	EXTENSION		1725

AREA 1
	ALLOCATION		15
	BEST_TRY_CONTIGUOUS	yes
	BUCKET_SIZE		15
	EXTENSION		15

KEY 0
	CHANGES			no
	DATA_AREA		0
	DATA_FILL		100
	DATA_KEY_COMPRESSION	yes
	DATA_RECORD_COMPRESSION	yes
	DUPLICATES		no
	INDEX_AREA		1
	INDEX_COMPRESSION	no
	INDEX_FILL		100
	LEVEL1_INDEX_AREA	1
	PROLOG			3
	SEG0_LENGTH		8
	SEG0_POSITION		0
	TYPE			string
%COPY-E-OPENIN, error opening SYS$COMMON:[SYSMGR.EDF4B]D1A.FDL; as input
-RMS-E-DNF, directory not found
-SYSTEM-W-NOSUCHFILE, no such file
@@ F07 F7.FDL  00000001

ANALYSIS_OF_AREA 0
  RECLAIMED_SPACE 0

ANALYSIS_OF_KEY 0
  DATA_FILL 72
  DATA_KEY_COMPRESSION 49
  DATA_RECORD_COMPRESSION 73
  DATA_RECORD_COUNT 100000
  DATA_SPACE_OCCUPIED 94
  DEPTH 1
  INDEX_COMPRESSION 28
  INDEX_FILL 34
  INDEX_SPACE_OCCUPIED 2
  LEVEL1_RECORD_COUNT 47
  MEAN_DATA_LENGTH 64
  MEAN_INDEX_LENGTH 10
  LONGEST_RECORD_LENGTH 64
@@ F07 output
IDENT	FDL_VERSION 02	" 7-OCT-2026 05:18:23  OpenVMS FDL Editor"

SYSTEM
	SOURCE			"OpenVMS"

FILE
	ORGANIZATION		indexed
	GLBUFF_FLAGS_V83	none

RECORD
	CARRIAGE_CONTROL	carriage_return
	FORMAT			fixed
	SIZE			64

AREA 0
	ALLOCATION		6888
	BEST_TRY_CONTIGUOUS	yes
	BUCKET_SIZE		15
	EXTENSION		1725

AREA 1
	ALLOCATION		15
	BEST_TRY_CONTIGUOUS	yes
	BUCKET_SIZE		15
	EXTENSION		15

KEY 0
	CHANGES			no
	DATA_AREA		0
	DATA_FILL		100
	DATA_KEY_COMPRESSION	yes
	DATA_RECORD_COMPRESSION	yes
	DUPLICATES		no
	INDEX_AREA		1
	INDEX_COMPRESSION	yes
	INDEX_FILL		100
	LEVEL1_INDEX_AREA	1
	PROLOG			3
	SEG0_LENGTH		8
	SEG0_POSITION		0
	TYPE			string
%COPY-E-OPENIN, error opening SYS$COMMON:[SYSMGR.EDF4B]D1A.FDL; as input
-RMS-E-DNF, directory not found
-SYSTEM-W-NOSUCHFILE, no such file
@@ L00 L0.FDL  00000001

ANALYSIS_OF_AREA 0
  RECLAIMED_SPACE 0

ANALYSIS_OF_KEY 0
  DATA_FILL 72
  DATA_KEY_COMPRESSION 49
  DATA_RECORD_COMPRESSION 73
  DATA_RECORD_COUNT 100000
  DATA_SPACE_OCCUPIED 94
  DEPTH 1
  INDEX_COMPRESSION 28
  INDEX_FILL 34
  INDEX_SPACE_OCCUPIED 2
  LEVEL1_RECORD_COUNT 47
  MEAN_DATA_LENGTH 64
  MEAN_INDEX_LENGTH 10
  LONGEST_RECORD_LENGTH 64
@@ L00 output
IDENT	FDL_VERSION 02	" 7-OCT-2026 05:18:23  OpenVMS FDL Editor"

SYSTEM
	SOURCE			"OpenVMS"

FILE
	ORGANIZATION		indexed
	GLBUFF_FLAGS_V83	none

RECORD
	CARRIAGE_CONTROL	carriage_return
	FORMAT			fixed
	SIZE			64

AREA 0
	ALLOCATION		13959
	BEST_TRY_CONTIGUOUS	yes
	BUCKET_SIZE		6
	EXTENSION		3492

AREA 1
	ALLOCATION		120
	BEST_TRY_CONTIGUOUS	yes
	BUCKET_SIZE		6
	EXTENSION		30

KEY 0
	CHANGES			no
	DATA_AREA		0
	DATA_FILL		50
	DATA_KEY_COMPRESSION	yes
	DATA_RECORD_COMPRESSION	yes
	DUPLICATES		no
	INDEX_AREA		1
	INDEX_COMPRESSION	no
	INDEX_FILL		50
	LEVEL1_INDEX_AREA	1
	PROLOG			3
	SEG0_LENGTH		8
	SEG0_POSITION		0
	TYPE			string
%COPY-E-OPENIN, error opening SYS$COMMON:[SYSMGR.EDF4B]D1A.FDL; as input
-RMS-E-DNF, directory not found
-SYSTEM-W-NOSUCHFILE, no such file
@@ L01 L1.FDL  00000001

ANALYSIS_OF_AREA 0
  RECLAIMED_SPACE 0

ANALYSIS_OF_KEY 0
  DATA_FILL 72
  DATA_KEY_COMPRESSION 49
  DATA_RECORD_COMPRESSION 73
  DATA_RECORD_COUNT 100000
  DATA_SPACE_OCCUPIED 94
  DEPTH 1
  INDEX_COMPRESSION 28
  INDEX_FILL 34
  INDEX_SPACE_OCCUPIED 2
  LEVEL1_RECORD_COUNT 47
  MEAN_DATA_LENGTH 64
  MEAN_INDEX_LENGTH 10
  LONGEST_RECORD_LENGTH 64
@@ L01 output
IDENT	FDL_VERSION 02	" 7-OCT-2026 05:18:23  OpenVMS FDL Editor"

SYSTEM
	SOURCE			"OpenVMS"

FILE
	ORGANIZATION		indexed
	GLBUFF_FLAGS_V83	none

RECORD
	CARRIAGE_CONTROL	carriage_return
	FORMAT			fixed
	SIZE			64

AREA 0
	ALLOCATION		10005
	BEST_TRY_CONTIGUOUS	yes
	BUCKET_SIZE		3
	EXTENSION		2502

AREA 1
	ALLOCATION		117
	BEST_TRY_CONTIGUOUS	yes
	BUCKET_SIZE		3
	EXTENSION		30

KEY 0
	CHANGES			no
	DATA_AREA		0
	DATA_FILL		70
	DATA_KEY_COMPRESSION	yes
	DATA_RECORD_COMPRESSION	yes
	DUPLICATES		no
	INDEX_AREA		1
	INDEX_COMPRESSION	no
	INDEX_FILL		70
	LEVEL1_INDEX_AREA	1
	PROLOG			3
	SEG0_LENGTH		8
	SEG0_POSITION		0
	TYPE			string
%COPY-E-OPENIN, error opening SYS$COMMON:[SYSMGR.EDF4B]D1A.FDL; as input
-RMS-E-DNF, directory not found
-SYSTEM-W-NOSUCHFILE, no such file
@@ L02 L2.FDL  00000001

ANALYSIS_OF_AREA 0
  RECLAIMED_SPACE 0

ANALYSIS_OF_KEY 0
  DATA_FILL 72
  DATA_KEY_COMPRESSION 49
  DATA_RECORD_COMPRESSION 73
  DATA_RECORD_COUNT 100000
  DATA_SPACE_OCCUPIED 94
  DEPTH 1
  INDEX_COMPRESSION 28
  INDEX_FILL 34
  INDEX_SPACE_OCCUPIED 2
  LEVEL1_RECORD_COUNT 47
  MEAN_DATA_LENGTH 64
  MEAN_INDEX_LENGTH 10
  LONGEST_RECORD_LENGTH 64
@@ L02 output
IDENT	FDL_VERSION 02	" 7-OCT-2026 05:18:23  OpenVMS FDL Editor"

SYSTEM
	SOURCE			"OpenVMS"

FILE
	ORGANIZATION		indexed
	GLBUFF_FLAGS_V83	none

RECORD
	CARRIAGE_CONTROL	carriage_return
	FORMAT			fixed
	SIZE			64

AREA 0
	ALLOCATION		8589
	BEST_TRY_CONTIGUOUS	yes
	BUCKET_SIZE		18
	EXTENSION		2160

AREA 1
	ALLOCATION		18
	BEST_TRY_CONTIGUOUS	yes
	BUCKET_SIZE		18
	EXTENSION		18

KEY 0
	CHANGES			no
	DATA_AREA		0
	DATA_FILL		80
	DATA_KEY_COMPRESSION	yes
	DATA_RECORD_COMPRESSION	yes
	DUPLICATES		no
	INDEX_AREA		1
	INDEX_COMPRESSION	no
	INDEX_FILL		80
	LEVEL1_INDEX_AREA	1
	PROLOG			3
	SEG0_LENGTH		8
	SEG0_POSITION		0
	TYPE			string
%COPY-E-OPENIN, error opening SYS$COMMON:[SYSMGR.EDF4B]D1A.FDL; as input
-RMS-E-DNF, directory not found
-SYSTEM-W-NOSUCHFILE, no such file
@@ L03 L3.FDL  00000001

ANALYSIS_OF_AREA 0
  RECLAIMED_SPACE 0

ANALYSIS_OF_KEY 0
  DATA_FILL 72
  DATA_KEY_COMPRESSION 49
  DATA_RECORD_COMPRESSION 73
  DATA_RECORD_COUNT 100000
  DATA_SPACE_OCCUPIED 94
  DEPTH 1
  INDEX_COMPRESSION 28
  INDEX_FILL 34
  INDEX_SPACE_OCCUPIED 2
  LEVEL1_RECORD_COUNT 47
  MEAN_DATA_LENGTH 64
  MEAN_INDEX_LENGTH 10
  LONGEST_RECORD_LENGTH 64
@@ L03 output
IDENT	FDL_VERSION 02	" 7-OCT-2026 05:18:24  OpenVMS FDL Editor"

SYSTEM
	SOURCE			"OpenVMS"

FILE
	ORGANIZATION		indexed
	GLBUFF_FLAGS_V83	none

RECORD
	CARRIAGE_CONTROL	carriage_return
	FORMAT			fixed
	SIZE			64

AREA 0
	ALLOCATION		7623
	BEST_TRY_CONTIGUOUS	yes
	BUCKET_SIZE		15
	EXTENSION		1905

AREA 1
	ALLOCATION		15
	BEST_TRY_CONTIGUOUS	yes
	BUCKET_SIZE		15
	EXTENSION		15

KEY 0
	CHANGES			no
	DATA_AREA		0
	DATA_FILL		90
	DATA_KEY_COMPRESSION	yes
	DATA_RECORD_COMPRESSION	yes
	DUPLICATES		no
	INDEX_AREA		1
	INDEX_COMPRESSION	no
	INDEX_FILL		90
	LEVEL1_INDEX_AREA	1
	PROLOG			3
	SEG0_LENGTH		8
	SEG0_POSITION		0
	TYPE			string
%COPY-E-OPENIN, error opening SYS$COMMON:[SYSMGR.EDF4B]D1A.FDL; as input
-RMS-E-DNF, directory not found
-SYSTEM-W-NOSUCHFILE, no such file
@@ L04 L4.FDL  00000001

ANALYSIS_OF_AREA 0
  RECLAIMED_SPACE 0

ANALYSIS_OF_KEY 0
  DATA_FILL 72
  DATA_KEY_COMPRESSION 49
  DATA_RECORD_COMPRESSION 73
  DATA_RECORD_COUNT 100000
  DATA_SPACE_OCCUPIED 94
  DEPTH 1
  INDEX_COMPRESSION 28
  INDEX_FILL 34
  INDEX_SPACE_OCCUPIED 2
  LEVEL1_RECORD_COUNT 47
  MEAN_DATA_LENGTH 64
  MEAN_INDEX_LENGTH 10
  LONGEST_RECORD_LENGTH 64
@@ L04 output
IDENT	FDL_VERSION 02	" 7-OCT-2026 05:18:24  OpenVMS FDL Editor"

SYSTEM
	SOURCE			"OpenVMS"

FILE
	ORGANIZATION		indexed
	GLBUFF_FLAGS_V83	none

RECORD
	CARRIAGE_CONTROL	carriage_return
	FORMAT			fixed
	SIZE			64

AREA 0
	ALLOCATION		6888
	BEST_TRY_CONTIGUOUS	yes
	BUCKET_SIZE		15
	EXTENSION		1725

AREA 1
	ALLOCATION		15
	BEST_TRY_CONTIGUOUS	yes
	BUCKET_SIZE		15
	EXTENSION		15

KEY 0
	CHANGES			no
	DATA_AREA		0
	DATA_FILL		100
	DATA_KEY_COMPRESSION	yes
	DATA_RECORD_COMPRESSION	yes
	DUPLICATES		no
	INDEX_AREA		1
	INDEX_COMPRESSION	no
	INDEX_FILL		100
	LEVEL1_INDEX_AREA	1
	PROLOG			3
	SEG0_LENGTH		8
	SEG0_POSITION		0
	TYPE			string
%COPY-E-OPENIN, error opening SYS$COMMON:[SYSMGR.EDF4B]D1A.FDL; as input
-RMS-E-DNF, directory not found
-SYSTEM-W-NOSUCHFILE, no such file
@@ L05 L5.FDL  00000001

ANALYSIS_OF_AREA 0
  RECLAIMED_SPACE 0

ANALYSIS_OF_KEY 0
  DATA_FILL 72
  DATA_KEY_COMPRESSION 49
  DATA_RECORD_COMPRESSION 73
  DATA_RECORD_COUNT 100000
  DATA_SPACE_OCCUPIED 94
  DEPTH 1
  INDEX_COMPRESSION 28
  INDEX_FILL 34
  INDEX_SPACE_OCCUPIED 2
  LEVEL1_RECORD_COUNT 47
  MEAN_DATA_LENGTH 64
  MEAN_INDEX_LENGTH 10
  LONGEST_RECORD_LENGTH 64
@@ L05 output
IDENT	FDL_VERSION 02	" 7-OCT-2026 05:18:24  OpenVMS FDL Editor"

SYSTEM
	SOURCE			"OpenVMS"

FILE
	ORGANIZATION		indexed
	GLBUFF_FLAGS_V83	none

RECORD
	CARRIAGE_CONTROL	carriage_return
	FORMAT			fixed
	SIZE			64

AREA 0
	ALLOCATION		8589
	BEST_TRY_CONTIGUOUS	yes
	BUCKET_SIZE		18
	EXTENSION		2160

AREA 1
	ALLOCATION		18
	BEST_TRY_CONTIGUOUS	yes
	BUCKET_SIZE		18
	EXTENSION		18

KEY 0
	CHANGES			no
	DATA_AREA		0
	DATA_FILL		80
	DATA_KEY_COMPRESSION	yes
	DATA_RECORD_COMPRESSION	yes
	DUPLICATES		no
	INDEX_AREA		1
	INDEX_COMPRESSION	no
	INDEX_FILL		80
	LEVEL1_INDEX_AREA	1
	PROLOG			3
	SEG0_LENGTH		8
	SEG0_POSITION		0
	TYPE			string
%COPY-W-INCOMPAT, SYS$SYSROOT:[SYSMGR.EDF4B]T.TMP;1 (input) and SYS$SYSROOT:[SYSMGR.EDF4B]V00A.FDL;1 (output) have incompatible attr
ibutes
@@ V00 D8.FDL  00000001
FILE
  CLUSTER_SIZE 1
  ORGANIZATION indexed

ANALYSIS_OF_AREA 0
  RECLAIMED_SPACE 0

ANALYSIS_OF_KEY 0
  DATA_FILL 72
  DATA_KEY_COMPRESSION 49
  DATA_RECORD_COMPRESSION 73
  DATA_RECORD_COUNT 10000
  DATA_SPACE_OCCUPIED 94
  DEPTH 1
  INDEX_COMPRESSION 28
  INDEX_FILL 34
  INDEX_SPACE_OCCUPIED 2
  LEVEL1_RECORD_COUNT 47
  MEAN_DATA_LENGTH 10
  MEAN_INDEX_LENGTH 10
  LONGEST_RECORD_LENGTH 200
@@ V00 output
IDENT	FDL_VERSION 02	" 7-OCT-2026 05:18:24  OpenVMS FDL Editor"

SYSTEM
	SOURCE			"OpenVMS"

FILE
	ORGANIZATION		indexed
	GLBUFF_FLAGS_V83	none

RECORD
	CARRIAGE_CONTROL	carriage_return
	FORMAT			variable
	SIZE			200

AREA 0
	ALLOCATION		438
	BEST_TRY_CONTIGUOUS	yes
	BUCKET_SIZE		4
	EXTENSION		112

AREA 1
	ALLOCATION		4
	BEST_TRY_CONTIGUOUS	yes
	BUCKET_SIZE		4
	EXTENSION		4

KEY 0
	CHANGES			no
	DATA_AREA		0
	DATA_FILL		100
	DATA_KEY_COMPRESSION	yes
	DATA_RECORD_COMPRESSION	yes
	DUPLICATES		no
	INDEX_AREA		1
	INDEX_COMPRESSION	no
	INDEX_FILL		100
	LEVEL1_INDEX_AREA	1
	PROLOG			3
	SEG0_LENGTH		8
	SEG0_POSITION		0
	TYPE			string
%COPY-W-INCOMPAT, SYS$SYSROOT:[SYSMGR.EDF4B]T.TMP;1 (input) and SYS$SYSROOT:[SYSMGR.EDF4B]V01A.FDL;1 (output) have incompatible attr
ibutes
@@ V01 D8.FDL  00000001
FILE
  CLUSTER_SIZE 1
  ORGANIZATION indexed

ANALYSIS_OF_AREA 0
  RECLAIMED_SPACE 0

ANALYSIS_OF_KEY 0
  DATA_FILL 72
  DATA_KEY_COMPRESSION 49
  DATA_RECORD_COMPRESSION 73
  DATA_RECORD_COUNT 10000
  DATA_SPACE_OCCUPIED 94
  DEPTH 1
  INDEX_COMPRESSION 28
  INDEX_FILL 34
  INDEX_SPACE_OCCUPIED 2
  LEVEL1_RECORD_COUNT 47
  MEAN_DATA_LENGTH 30
  MEAN_INDEX_LENGTH 10
  LONGEST_RECORD_LENGTH 200
@@ V01 output
IDENT	FDL_VERSION 02	" 7-OCT-2026 05:18:25  OpenVMS FDL Editor"

SYSTEM
	SOURCE			"OpenVMS"

FILE
	ORGANIZATION		indexed
	GLBUFF_FLAGS_V83	none

RECORD
	CARRIAGE_CONTROL	carriage_return
	FORMAT			variable
	SIZE			200

AREA 0
	ALLOCATION		538
	BEST_TRY_CONTIGUOUS	yes
	BUCKET_SIZE		4
	EXTENSION		136

AREA 1
	ALLOCATION		4
	BEST_TRY_CONTIGUOUS	yes
	BUCKET_SIZE		4
	EXTENSION		4

KEY 0
	CHANGES			no
	DATA_AREA		0
	DATA_FILL		100
	DATA_KEY_COMPRESSION	yes
	DATA_RECORD_COMPRESSION	yes
	DUPLICATES		no
	INDEX_AREA		1
	INDEX_COMPRESSION	no
	INDEX_FILL		100
	LEVEL1_INDEX_AREA	1
	PROLOG			3
	SEG0_LENGTH		8
	SEG0_POSITION		0
	TYPE			string
%COPY-W-INCOMPAT, SYS$SYSROOT:[SYSMGR.EDF4B]T.TMP;1 (input) and SYS$SYSROOT:[SYSMGR.EDF4B]V02A.FDL;1 (output) have incompatible attr
ibutes
@@ V02 D8.FDL  00000001
FILE
  CLUSTER_SIZE 1
  ORGANIZATION indexed

ANALYSIS_OF_AREA 0
  RECLAIMED_SPACE 0

ANALYSIS_OF_KEY 0
  DATA_FILL 72
  DATA_KEY_COMPRESSION 49
  DATA_RECORD_COMPRESSION 73
  DATA_RECORD_COUNT 10000
  DATA_SPACE_OCCUPIED 94
  DEPTH 1
  INDEX_COMPRESSION 28
  INDEX_FILL 34
  INDEX_SPACE_OCCUPIED 2
  LEVEL1_RECORD_COUNT 47
  MEAN_DATA_LENGTH 199
  MEAN_INDEX_LENGTH 10
  LONGEST_RECORD_LENGTH 200
@@ V02 output
IDENT	FDL_VERSION 02	" 7-OCT-2026 05:18:25  OpenVMS FDL Editor"

SYSTEM
	SOURCE			"OpenVMS"

FILE
	ORGANIZATION		indexed
	GLBUFF_FLAGS_V83	none

RECORD
	CARRIAGE_CONTROL	carriage_return
	FORMAT			variable
	SIZE			200

AREA 0
	ALLOCATION		1466
	BEST_TRY_CONTIGUOUS	yes
	BUCKET_SIZE		6
	EXTENSION		366

AREA 1
	ALLOCATION		6
	BEST_TRY_CONTIGUOUS	yes
	BUCKET_SIZE		6
	EXTENSION		6

KEY 0
	CHANGES			no
	DATA_AREA		0
	DATA_FILL		100
	DATA_KEY_COMPRESSION	yes
	DATA_RECORD_COMPRESSION	yes
	DUPLICATES		no
	INDEX_AREA		1
	INDEX_COMPRESSION	no
	INDEX_FILL		100
	LEVEL1_INDEX_AREA	1
	PROLOG			3
	SEG0_LENGTH		8
	SEG0_POSITION		0
	TYPE			string
%COPY-W-INCOMPAT, SYS$SYSROOT:[SYSMGR.EDF4B]T.TMP;1 (input) and SYS$SYSROOT:[SYSMGR.EDF4B]O00A.FDL;1 (output) have incompatible attr
ibutes
@@ O00 DS.FDL  00000001
FILE
  CLUSTER_SIZE 1
  ORGANIZATION indexed

ANALYSIS_OF_AREA 0
  RECLAIMED_SPACE 0

ANALYSIS_OF_KEY 0
  DATA_FILL 72
  DATA_KEY_COMPRESSION 49
  DATA_RECORD_COMPRESSION 73
  DATA_RECORD_COUNT 100000
  DATA_SPACE_OCCUPIED 94
  DEPTH 1
  INDEX_COMPRESSION 28
  INDEX_FILL 34
  INDEX_SPACE_OCCUPIED 2
  LEVEL1_RECORD_COUNT 47
  MEAN_DATA_LENGTH 64
  MEAN_INDEX_LENGTH 10
  LONGEST_RECORD_LENGTH 64
@@ O00 output
IDENT	FDL_VERSION 02	" 7-OCT-2026 05:18:25  OpenVMS FDL Editor"

SYSTEM
	SOURCE			"OpenVMS"

FILE
	ORGANIZATION		indexed
	GLBUFF_FLAGS_V83	none

RECORD
	CARRIAGE_CONTROL	carriage_return
	FORMAT			fixed
	SIZE			64

AREA 0
	ALLOCATION		6892
	BEST_TRY_CONTIGUOUS	yes
	BUCKET_SIZE		13
	EXTENSION		1729

AREA 1
	ALLOCATION		13
	BEST_TRY_CONTIGUOUS	yes
	BUCKET_SIZE		13
	EXTENSION		13

KEY 0
	CHANGES			no
	DATA_AREA		0
	DATA_FILL		100
	DATA_KEY_COMPRESSION	yes
	DATA_RECORD_COMPRESSION	yes
	DUPLICATES		no
	INDEX_AREA		1
	INDEX_COMPRESSION	no
	INDEX_FILL		100
	LEVEL1_INDEX_AREA	1
	PROLOG			3
	SEG0_LENGTH		4
	SEG0_POSITION		0
	SEG1_LENGTH		4
	SEG1_POSITION		20
	TYPE			string
%COPY-W-INCOMPAT, SYS$SYSROOT:[SYSMGR.EDF4B]T.TMP;1 (input) and SYS$SYSROOT:[SYSMGR.EDF4B]O01A.FDL;1 (output) have incompatible attr
ibutes
@@ O01 DB.FDL  00000001
FILE
  CLUSTER_SIZE 1
  ORGANIZATION indexed

ANALYSIS_OF_AREA 0
  RECLAIMED_SPACE 0

ANALYSIS_OF_KEY 0
  DATA_FILL 72
  DATA_KEY_COMPRESSION 49
  DATA_RECORD_COMPRESSION 73
  DATA_RECORD_COUNT 100000
  DATA_SPACE_OCCUPIED 94
  DEPTH 1
  INDEX_COMPRESSION 28
  INDEX_FILL 34
  INDEX_SPACE_OCCUPIED 2
  LEVEL1_RECORD_COUNT 47
  MEAN_DATA_LENGTH 64
  MEAN_INDEX_LENGTH 10
  LONGEST_RECORD_LENGTH 64
@@ O01 output
IDENT	FDL_VERSION 02	" 7-OCT-2026 05:18:25  OpenVMS FDL Editor"

SYSTEM
	SOURCE			"OpenVMS"

FILE
	ORGANIZATION		indexed
	GLBUFF_FLAGS_V83	none

RECORD
	CARRIAGE_CONTROL	carriage_return
	FORMAT			fixed
	SIZE			64

AREA 0
	ALLOCATION		6481
	BEST_TRY_CONTIGUOUS	yes
	BUCKET_SIZE		11
	EXTENSION		1628

AREA 1
	ALLOCATION		11
	BEST_TRY_CONTIGUOUS	yes
	BUCKET_SIZE		11
	EXTENSION		11

KEY 0
	CHANGES			no
	DATA_AREA		0
	DATA_FILL		100
	DATA_KEY_COMPRESSION	no
	DATA_RECORD_COMPRESSION	yes
	DUPLICATES		no
	INDEX_AREA		1
	INDEX_COMPRESSION	no
	INDEX_FILL		100
	LEVEL1_INDEX_AREA	1
	PROLOG			3
	SEG0_LENGTH		4
	SEG0_POSITION		0
	TYPE			bin4
%COPY-W-INCOMPAT, SYS$SYSROOT:[SYSMGR.EDF4B]T.TMP;1 (input) and SYS$SYSROOT:[SYSMGR.EDF4B]U00A.FDL;1 (output) have incompatible attr
ibutes
@@ U00 D9.FDL  00000001
FILE
  CLUSTER_SIZE 16
  ORGANIZATION indexed

ANALYSIS_OF_AREA 0
  RECLAIMED_SPACE 0

ANALYSIS_OF_KEY 0
  DATA_FILL 72
  DATA_KEY_COMPRESSION 49
  DATA_RECORD_COMPRESSION 73
  DATA_RECORD_COUNT 10000
  DATA_SPACE_OCCUPIED 94
  DEPTH 1
  INDEX_COMPRESSION 28
  INDEX_FILL 34
  INDEX_SPACE_OCCUPIED 2
  LEVEL1_RECORD_COUNT 47
  MEAN_DATA_LENGTH 64
  MEAN_INDEX_LENGTH 10
  LONGEST_RECORD_LENGTH 64
@@ U00 output
IDENT	FDL_VERSION 02	" 7-OCT-2026 05:18:25  OpenVMS FDL Editor"

SYSTEM
	SOURCE			"OpenVMS"

FILE
	ORGANIZATION		indexed
	GLBUFF_FLAGS_V83	none

RECORD
	CARRIAGE_CONTROL	carriage_return
	FORMAT			fixed
	SIZE			64

AREA 0
	ALLOCATION		1504
	BEST_TRY_CONTIGUOUS	yes
	BUCKET_SIZE		6
	EXTENSION		384

AREA 1
	ALLOCATION		48
	BEST_TRY_CONTIGUOUS	yes
	BUCKET_SIZE		6
	EXTENSION		48

KEY 0
	CHANGES			no
	DATA_AREA		0
	DATA_FILL		100
	DATA_KEY_COMPRESSION	no
	DATA_RECORD_COMPRESSION	no
	DUPLICATES		no
	INDEX_AREA		1
	INDEX_COMPRESSION	no
	INDEX_FILL		100
	LEVEL1_INDEX_AREA	1
	PROLOG			3
	SEG0_LENGTH		8
	SEG0_POSITION		0
	TYPE			string
%COPY-W-INCOMPAT, SYS$SYSROOT:[SYSMGR.EDF4B]T.TMP;1 (input) and SYS$SYSROOT:[SYSMGR.EDF4B]U01A.FDL;1 (output) have incompatible attr
ibutes
@@ U01 D9.FDL  00000001
FILE
  CLUSTER_SIZE 16
  ORGANIZATION indexed

ANALYSIS_OF_AREA 0
  RECLAIMED_SPACE 0

ANALYSIS_OF_KEY 0
  DATA_FILL 72
  DATA_KEY_COMPRESSION 49
  DATA_RECORD_COMPRESSION 73
  DATA_RECORD_COUNT 100000
  DATA_SPACE_OCCUPIED 94
  DEPTH 1
  INDEX_COMPRESSION 28
  INDEX_FILL 34
  INDEX_SPACE_OCCUPIED 2
  LEVEL1_RECORD_COUNT 47
  MEAN_DATA_LENGTH 64
  MEAN_INDEX_LENGTH 10
  LONGEST_RECORD_LENGTH 64
@@ U01 output
IDENT	FDL_VERSION 02	" 7-OCT-2026 05:18:26  OpenVMS FDL Editor"

SYSTEM
	SOURCE			"OpenVMS"

FILE
	ORGANIZATION		indexed
	GLBUFF_FLAGS_V83	none

RECORD
	CARRIAGE_CONTROL	carriage_return
	FORMAT			fixed
	SIZE			64

AREA 0
	ALLOCATION		15040
	BEST_TRY_CONTIGUOUS	yes
	BUCKET_SIZE		3
	EXTENSION		3792

AREA 1
	ALLOCATION		144
	BEST_TRY_CONTIGUOUS	yes
	BUCKET_SIZE		3
	EXTENSION		48

KEY 0
	CHANGES			no
	DATA_AREA		0
	DATA_FILL		100
	DATA_KEY_COMPRESSION	no
	DATA_RECORD_COMPRESSION	no
	DUPLICATES		no
	INDEX_AREA		1
	INDEX_COMPRESSION	no
	INDEX_FILL		100
	LEVEL1_INDEX_AREA	1
	PROLOG			3
	SEG0_LENGTH		8
	SEG0_POSITION		0
	TYPE			string
%COPY-W-INCOMPAT, SYS$SYSROOT:[SYSMGR.EDF4B]T.TMP;1 (input) and SYS$SYSROOT:[SYSMGR.EDF4B]U02A.FDL;1 (output) have incompatible attr
ibutes
@@ U02 E9.FDL  00000001
FILE
  CLUSTER_SIZE 16
  ORGANIZATION indexed

ANALYSIS_OF_AREA 0
  RECLAIMED_SPACE 0

ANALYSIS_OF_KEY 0
  DATA_FILL 72
  DATA_KEY_COMPRESSION 49
  DATA_RECORD_COMPRESSION 73
  DATA_RECORD_COUNT 10000
  DATA_SPACE_OCCUPIED 94
  DEPTH 1
  INDEX_COMPRESSION 28
  INDEX_FILL 34
  INDEX_SPACE_OCCUPIED 2
  LEVEL1_RECORD_COUNT 47
  MEAN_DATA_LENGTH 64
  MEAN_INDEX_LENGTH 10
  LONGEST_RECORD_LENGTH 64

ANALYSIS_OF_KEY 1
  DATA_FILL 66
  DATA_KEY_COMPRESSION 56
  DATA_RECORD_COUNT 50
  DATA_SPACE_OCCUPIED 16
  DEPTH 1
  DUPLICATES_PER_SIDR 19
  INDEX_COMPRESSION 44
  INDEX_FILL 6
  INDEX_SPACE_OCCUPIED 2
  LEVEL1_RECORD_COUNT 8
  MEAN_DATA_LENGTH 106
  MEAN_INDEX_LENGTH 12
@@ U02 output
IDENT	FDL_VERSION 02	" 7-OCT-2026 05:18:26  OpenVMS FDL Editor"

SYSTEM
	SOURCE			"OpenVMS"

FILE
	ORGANIZATION		indexed
	GLBUFF_FLAGS_V83	none

RECORD
	CARRIAGE_CONTROL	carriage_return
	FORMAT			fixed
	SIZE			64

AREA 0
	ALLOCATION		1504
	BEST_TRY_CONTIGUOUS	yes
	BUCKET_SIZE		6
	EXTENSION		384

AREA 1
	ALLOCATION		48
	BEST_TRY_CONTIGUOUS	yes
	BUCKET_SIZE		6
	EXTENSION		48

AREA 2
	ALLOCATION		32
	BEST_TRY_CONTIGUOUS	yes
	BUCKET_SIZE		1
	EXTENSION		32

KEY 0
	CHANGES			no
	DATA_AREA		0
	DATA_FILL		100
	DATA_KEY_COMPRESSION	no
	DATA_RECORD_COMPRESSION	no
	DUPLICATES		no
	INDEX_AREA		1
	INDEX_COMPRESSION	no
	INDEX_FILL		100
	LEVEL1_INDEX_AREA	1
	PROLOG			3
	SEG0_LENGTH		8
	SEG0_POSITION		0
	TYPE			string

KEY 1
	CHANGES			yes
	DATA_AREA		2
	DATA_FILL		100
	DATA_KEY_COMPRESSION	yes
	DUPLICATES		yes
	INDEX_AREA		2
	INDEX_COMPRESSION	no
	INDEX_FILL		100
	LEVEL1_INDEX_AREA	2
	SEG0_LENGTH		10
	SEG0_POSITION		8
	TYPE			string
%COPY-W-INCOMPAT, SYS$SYSROOT:[SYSMGR.EDF4B]T.TMP;1 (input) and SYS$SYSROOT:[SYSMGR.EDF4B]U03A.FDL;1 (output) have incompatible attr
ibutes
@@ U03 E1.FDL  00000001
FILE
  CLUSTER_SIZE 16
  ORGANIZATION indexed

ANALYSIS_OF_AREA 0
  RECLAIMED_SPACE 0

ANALYSIS_OF_KEY 0
  DATA_FILL 72
  DATA_KEY_COMPRESSION 49
  DATA_RECORD_COMPRESSION 73
  DATA_RECORD_COUNT 10000
  DATA_SPACE_OCCUPIED 94
  DEPTH 1
  INDEX_COMPRESSION 28
  INDEX_FILL 34
  INDEX_SPACE_OCCUPIED 2
  LEVEL1_RECORD_COUNT 47
  MEAN_DATA_LENGTH 64
  MEAN_INDEX_LENGTH 10
  LONGEST_RECORD_LENGTH 64

ANALYSIS_OF_KEY 1
  DATA_FILL 66
  DATA_KEY_COMPRESSION 56
  DATA_RECORD_COUNT 50
  DATA_SPACE_OCCUPIED 16
  DEPTH 1
  DUPLICATES_PER_SIDR 19
  INDEX_COMPRESSION 44
  INDEX_FILL 6
  INDEX_SPACE_OCCUPIED 2
  LEVEL1_RECORD_COUNT 8
  MEAN_DATA_LENGTH 106
  MEAN_INDEX_LENGTH 12
@@ U03 output
IDENT	FDL_VERSION 02	" 7-OCT-2026 05:18:26  OpenVMS FDL Editor"

SYSTEM
	SOURCE			"OpenVMS"

FILE
	ORGANIZATION		indexed
	GLBUFF_FLAGS_V83	none

RECORD
	CARRIAGE_CONTROL	carriage_return
	FORMAT			fixed
	SIZE			64

AREA 0
	ALLOCATION		736
	BEST_TRY_CONTIGUOUS	yes
	BUCKET_SIZE		5
	EXTENSION		240

AREA 1
	ALLOCATION		80
	BEST_TRY_CONTIGUOUS	yes
	BUCKET_SIZE		5
	EXTENSION		80

AREA 2
	ALLOCATION		32
	BEST_TRY_CONTIGUOUS	yes
	BUCKET_SIZE		1
	EXTENSION		32

KEY 0
	CHANGES			no
	DATA_AREA		0
	DATA_FILL		100
	DATA_KEY_COMPRESSION	yes
	DATA_RECORD_COMPRESSION	yes
	DUPLICATES		no
	INDEX_AREA		1
	INDEX_COMPRESSION	no
	INDEX_FILL		100
	LEVEL1_INDEX_AREA	1
	PROLOG			3
	SEG0_LENGTH		8
	SEG0_POSITION		0
	TYPE			string

KEY 1
	CHANGES			yes
	DATA_AREA		2
	DATA_FILL		100
	DATA_KEY_COMPRESSION	yes
	DUPLICATES		yes
	INDEX_AREA		2
	INDEX_COMPRESSION	no
	INDEX_FILL		100
	LEVEL1_INDEX_AREA	2
	SEG0_LENGTH		10
	SEG0_POSITION		8
	TYPE			string
%COPY-W-INCOMPAT, SYS$SYSROOT:[SYSMGR.EDF4B]T.TMP;1 (input) and SYS$SYSROOT:[SYSMGR.EDF4B]U04A.FDL;1 (output) have incompatible attr
ibutes
@@ U04 F1.FDL  00000001
FILE
  CLUSTER_SIZE 16
  ORGANIZATION indexed

ANALYSIS_OF_AREA 0
  RECLAIMED_SPACE 0

ANALYSIS_OF_KEY 0
  DATA_FILL 72
  DATA_KEY_COMPRESSION 49
  DATA_RECORD_COMPRESSION 73
  DATA_RECORD_COUNT 10000
  DATA_SPACE_OCCUPIED 94
  DEPTH 1
  INDEX_COMPRESSION 28
  INDEX_FILL 34
  INDEX_SPACE_OCCUPIED 2
  LEVEL1_RECORD_COUNT 47
  MEAN_DATA_LENGTH 64
  MEAN_INDEX_LENGTH 10
  LONGEST_RECORD_LENGTH 64
@@ U04 output
IDENT	FDL_VERSION 02	" 7-OCT-2026 05:18:26  OpenVMS FDL Editor"

SYSTEM
	SOURCE			"OpenVMS"

FILE
	ORGANIZATION		indexed
	GLBUFF_FLAGS_V83	none

RECORD
	CARRIAGE_CONTROL	carriage_return
	FORMAT			fixed
	SIZE			64

AREA 0
	ALLOCATION		1504
	BEST_TRY_CONTIGUOUS	yes
	BUCKET_SIZE		6
	EXTENSION		384

AREA 1
	ALLOCATION		48
	BEST_TRY_CONTIGUOUS	yes
	BUCKET_SIZE		6
	EXTENSION		48

KEY 0
	CHANGES			no
	DATA_AREA		0
	DATA_FILL		100
	DATA_KEY_COMPRESSION	no
	DATA_RECORD_COMPRESSION	no
	DUPLICATES		no
	INDEX_AREA		1
	INDEX_COMPRESSION	yes
	INDEX_FILL		100
	LEVEL1_INDEX_AREA	1
	PROLOG			3
	SEG0_LENGTH		8
	SEG0_POSITION		0
	TYPE			string
%COPY-W-INCOMPAT, SYS$SYSROOT:[SYSMGR.EDF4B]T.TMP;1 (input) and SYS$SYSROOT:[SYSMGR.EDF4B]U05A.FDL;1 (output) have incompatible attr
ibutes
@@ U05 F5.FDL  00000001
FILE
  CLUSTER_SIZE 16
  ORGANIZATION indexed

ANALYSIS_OF_AREA 0
  RECLAIMED_SPACE 0

ANALYSIS_OF_KEY 0
  DATA_FILL 72
  DATA_KEY_COMPRESSION 49
  DATA_RECORD_COMPRESSION 73
  DATA_RECORD_COUNT 10000
  DATA_SPACE_OCCUPIED 94
  DEPTH 1
  INDEX_COMPRESSION 28
  INDEX_FILL 34
  INDEX_SPACE_OCCUPIED 2
  LEVEL1_RECORD_COUNT 47
  MEAN_DATA_LENGTH 64
  MEAN_INDEX_LENGTH 10
  LONGEST_RECORD_LENGTH 64
@@ U05 output
IDENT	FDL_VERSION 02	" 7-OCT-2026 05:18:27  OpenVMS FDL Editor"

SYSTEM
	SOURCE			"OpenVMS"

FILE
	ORGANIZATION		indexed
	GLBUFF_FLAGS_V83	none

RECORD
	CARRIAGE_CONTROL	carriage_return
	FORMAT			fixed
	SIZE			64

AREA 0
	ALLOCATION		1456
	BEST_TRY_CONTIGUOUS	yes
	BUCKET_SIZE		6
	EXTENSION		384

AREA 1
	ALLOCATION		48
	BEST_TRY_CONTIGUOUS	yes
	BUCKET_SIZE		6
	EXTENSION		48

KEY 0
	CHANGES			no
	DATA_AREA		0
	DATA_FILL		100
	DATA_KEY_COMPRESSION	yes
	DATA_RECORD_COMPRESSION	no
	DUPLICATES		no
	INDEX_AREA		1
	INDEX_COMPRESSION	yes
	INDEX_FILL		100
	LEVEL1_INDEX_AREA	1
	PROLOG			3
	SEG0_LENGTH		8
	SEG0_POSITION		0
	TYPE			string
@@ end
$ 