$ SET DEFAULT SYS$LOGIN
$ CREATE/DIRECTORY [.EDF4C]
$ SET DEFAULT [.EDF4C]
$ CREATE E1.FDL
FILE
  ORGANIZATION indexed
RECORD
  FORMAT fixed
  SIZE 64
KEY 0
  SEG0_LENGTH 8
  SEG0_POSITION 0
  DUPLICATES no
  CHANGES no
KEY 1
  SEG0_LENGTH 10
  SEG0_POSITION 8
  DUPLICATES yes
  CHANGES yes
*EXIT*
$ CREATE E1MA.FDL
FILE
  CLUSTER_SIZE 1
  ORGANIZATION indexed
*EXIT*
$ CREATE E2.FDL
FILE
  ORGANIZATION indexed
RECORD
  FORMAT fixed
  SIZE 64
KEY 0
  SEG0_LENGTH 8
  SEG0_POSITION 0
  DUPLICATES no
  CHANGES no
KEY 1
  SEG0_LENGTH 4
  SEG0_POSITION 8
  DUPLICATES yes
  CHANGES yes
*EXIT*
$ CREATE E2MA.FDL
FILE
  CLUSTER_SIZE 1
  ORGANIZATION indexed
*EXIT*
$ CREATE E3.FDL
FILE
  ORGANIZATION indexed
RECORD
  FORMAT fixed
  SIZE 64
KEY 0
  SEG0_LENGTH 8
  SEG0_POSITION 0
  DUPLICATES no
  CHANGES no
KEY 1
  SEG0_LENGTH 32
  SEG0_POSITION 8
  DUPLICATES yes
  CHANGES yes
*EXIT*
$ CREATE E3MA.FDL
FILE
  CLUSTER_SIZE 1
  ORGANIZATION indexed
*EXIT*
$ CREATE E4.FDL
FILE
  ORGANIZATION indexed
RECORD
  FORMAT fixed
  SIZE 64
KEY 0
  SEG0_LENGTH 8
  SEG0_POSITION 0
  DUPLICATES no
  CHANGES no
KEY 1
  SEG0_LENGTH 10
  SEG0_POSITION 8
  DUPLICATES no
  CHANGES no
*EXIT*
$ CREATE E4MA.FDL
FILE
  CLUSTER_SIZE 1
  ORGANIZATION indexed
*EXIT*
$ CREATE RUN.COM
$ SET NOON
$ SET TERMINAL/TAB
$ GOSUB base
$ n0 = 100000
$ n1 = 100000
$ dps1 = 0
$ CALL case B00 E1MA.FDL E1.FDL "/GRANULARITY=4" 2
$ GOSUB base
$ n0 = 100000
$ n1 = 100000
$ dps1 = 1
$ CALL case B01 E1MA.FDL E1.FDL "/GRANULARITY=4" 2
$ GOSUB base
$ n0 = 100000
$ n1 = 100000
$ dps1 = 2
$ CALL case B02 E1MA.FDL E1.FDL "/GRANULARITY=4" 2
$ GOSUB base
$ n0 = 100000
$ n1 = 100000
$ dps1 = 3
$ CALL case B03 E1MA.FDL E1.FDL "/GRANULARITY=4" 2
$ GOSUB base
$ n0 = 100000
$ n1 = 100000
$ dps1 = 5
$ CALL case B04 E1MA.FDL E1.FDL "/GRANULARITY=4" 2
$ GOSUB base
$ n0 = 100000
$ n1 = 100000
$ dps1 = 9
$ CALL case B05 E1MA.FDL E1.FDL "/GRANULARITY=4" 2
$ GOSUB base
$ n0 = 100000
$ n1 = 100000
$ dps1 = 20
$ CALL case B06 E1MA.FDL E1.FDL "/GRANULARITY=4" 2
$ GOSUB base
$ n0 = 100000
$ n1 = 100000
$ dps1 = 99
$ CALL case B07 E1MA.FDL E1.FDL "/GRANULARITY=4" 2
$ GOSUB base
$ n0 = 100000
$ n1 = 10000
$ dps1 = 0
$ CALL case H00 E1A.FDL E1.FDL "/GRANULARITY=4" 2
$ GOSUB base
$ n0 = 100000
$ n1 = 10000
$ dps1 = 9
$ CALL case H01 E1A.FDL E1.FDL "/GRANULARITY=4" 2
$ GOSUB base
$ n0 = 100000
$ n1 = 10000
$ dps1 = 99
$ CALL case H02 E1A.FDL E1.FDL "/GRANULARITY=4" 2
$ GOSUB base
$ n0 = 100000
$ n1 = 1000
$ dps1 = 99
$ CALL case H03 E1A.FDL E1.FDL "/GRANULARITY=4" 2
$ GOSUB base
$ n0 = 100000
$ n1 = 100000
$ dps1 = 0
$ dkc1 = 0
$ CALL case J00 E1A.FDL E1.FDL "/GRANULARITY=4" 2
$ GOSUB base
$ n0 = 100000
$ n1 = 100000
$ dps1 = 0
$ dkc1 = 25
$ CALL case J01 E1A.FDL E1.FDL "/GRANULARITY=4" 2
$ GOSUB base
$ n0 = 100000
$ n1 = 100000
$ dps1 = 0
$ dkc1 = 75
$ CALL case J02 E1A.FDL E1.FDL "/GRANULARITY=4" 2
$ GOSUB base
$ n0 = 100000
$ n1 = 100000
$ dps1 = 0
$ CALL case N00 E2MA.FDL E2.FDL "/GRANULARITY=4" 2
$ GOSUB base
$ n0 = 100000
$ n1 = 100000
$ dps1 = 9
$ CALL case N01 E2MA.FDL E2.FDL "/GRANULARITY=4" 2
$ GOSUB base
$ n0 = 100000
$ n1 = 100000
$ dps1 = 0
$ CALL case N02 E3MA.FDL E3.FDL "/GRANULARITY=4" 2
$ GOSUB base
$ n0 = 100000
$ n1 = 100000
$ dps1 = 9
$ CALL case N03 E3MA.FDL E3.FDL "/GRANULARITY=4" 2
$ GOSUB base
$ n0 = 100000
$ n1 = 100000
$ dps1 = 0
$ CALL case N04 E4MA.FDL E4.FDL "/GRANULARITY=4" 2
$ WRITE SYS$OUTPUT "@@ end"
$ EXIT
$base:
$ n0 = 1000
$ df0 = 72
$ dkc0 = 49
$ drc0 = 73
$ dso0 = 94
$ dep0 = 1
$ ic0 = 28
$ if0 = 34
$ iso0 = 2
$ l10 = 47
$ mdl0 = 64
$ mil0 = 10
$ lrl0 = 64
$ n1 = 50
$ df1 = 66
$ dkc1 = 56
$ dso1 = 16
$ dep1 = 1
$ dps1 = 19
$ ic1 = 44
$ if1 = 6
$ iso1 = 2
$ l11 = 8
$ mdl1 = 106
$ mil1 = 12
$ n2 = 50
$ df2 = 66
$ dkc2 = 56
$ dso2 = 16
$ dep2 = 1
$ dps2 = 19
$ ic2 = 44
$ if2 = 6
$ iso2 = 2
$ l12 = 8
$ mdl2 = 106
$ mil2 = 12
$ n3 = 50
$ df3 = 66
$ dkc3 = 56
$ dso3 = 16
$ dep3 = 1
$ dps3 = 19
$ ic3 = 44
$ if3 = 6
$ iso3 = 2
$ l13 = 8
$ mdl3 = 106
$ mil3 = 12
$ RETURN
$case: SUBROUTINE
$ SET NOON
$ OPEN/WRITE t T.TMP
$ WRITE t ""
$ WRITE t "ANALYSIS_OF_AREA 0"
$ WRITE t "  RECLAIMED_SPACE 0"
$ CALL aok 0
$ IF P5 .GT. 1 THEN CALL aok 1
$ IF P5 .GT. 2 THEN CALL aok 2
$ IF P5 .GT. 3 THEN CALL aok 3
$ CLOSE t
$ COPY 'P2'+T.TMP 'P1'A.FDL
$ DELETE T.TMP;*
$ EDIT/FDL/NOINTERACTIVE/ANALYSIS='P1'A.FDL/OUTPUT='P1'O.FDL'P4' 'P3'
$ st = $STATUS
$ WRITE SYS$OUTPUT "@@ ", P1, " ", P3, " ", P4, " ", F$FAO("!XL", F$INTEGER(st))
$ TYPE 'P1'A.FDL
$ WRITE SYS$OUTPUT "@@ ", P1, " output"
$ TYPE 'P1'O.FDL
$ ENDSUBROUTINE
$aok: SUBROUTINE
$ WRITE t ""
$ WRITE t "ANALYSIS_OF_KEY ", P1
$ WRITE t "  DATA_FILL ", df'P1'
$ WRITE t "  DATA_KEY_COMPRESSION ", dkc'P1'
$ IF P1 .EQ. 0 THEN WRITE t "  DATA_RECORD_COMPRESSION ", drc0
$ WRITE t "  DATA_RECORD_COUNT ", n'P1'
$ WRITE t "  DATA_SPACE_OCCUPIED ", dso'P1'
$ WRITE t "  DEPTH ", dep'P1'
$ IF P1 .GT. 0 THEN WRITE t "  DUPLICATES_PER_SIDR ", dps'P1'
$ WRITE t "  INDEX_COMPRESSION ", ic'P1'
$ WRITE t "  INDEX_FILL ", if'P1'
$ WRITE t "  INDEX_SPACE_OCCUPIED ", iso'P1'
$ WRITE t "  LEVEL1_RECORD_COUNT ", l1'P1'
$ WRITE t "  MEAN_DATA_LENGTH ", mdl'P1'
$ WRITE t "  MEAN_INDEX_LENGTH ", mil'P1'
$ IF P1 .EQ. 0 THEN WRITE t "  LONGEST_RECORD_LENGTH ", lrl0
$ ENDSUBROUTINE
*EXIT*
$ @RUN
%COPY-W-INCOMPAT, SYS$SYSROOT:[SYSMGR.EDF4C]T.TMP;1 (input) and SYS$SYSROOT:[SYSMGR.EDF4C]B00A.FDL;1 (output) have incompatible attr
ibutes
@@ B00 E1.FDL /GRANULARITY=4 00000001
FILE
  CLUSTER_SIZE 1
  ORGANIZATION indexed

ANALYSIS_OF_AREA 0
  RECLAIMED_SPACE 0

ANALYSIS_OF_KEY 0
  DATA_FILL 72
  DATA_KEY_COMPRESSION 49
  DATA_RECORD_COMPRESSION 73
  DATA_RECORD_COUNT 100000
  DATA_SPACE_OCCUPIED 94
  DEPTH 1
  INDEX_COMPRESSION 28
  INDEX_FILL 34
  INDEX_SPACE_OCCUPIED 2
  LEVEL1_RECORD_COUNT 47
  MEAN_DATA_LENGTH 64
  MEAN_INDEX_LENGTH 10
  LONGEST_RECORD_LENGTH 64

ANALYSIS_OF_KEY 1
  DATA_FILL 66
  DATA_KEY_COMPRESSION 56
  DATA_RECORD_COUNT 100000
  DATA_SPACE_OCCUPIED 16
  DEPTH 1
  DUPLICATES_PER_SIDR 0
  INDEX_COMPRESSION 44
  INDEX_FILL 6
  INDEX_SPACE_OCCUPIED 2
  LEVEL1_RECORD_COUNT 8
  MEAN_DATA_LENGTH 106
  MEAN_INDEX_LENGTH 12
@@ B00 output
IDENT	FDL_VERSION 02	" 7-OCT-2026 05:21:01  OpenVMS FDL Editor"

SYSTEM
	SOURCE			"OpenVMS"

FILE
	ORGANIZATION		indexed
	GLBUFF_FLAGS_V83	none

RECORD
	CARRIAGE_CONTROL	carriage_return
	FORMAT			fixed
	SIZE			64

AREA 0
	ALLOCATION		6893
	BEST_TRY_CONTIGUOUS	yes
	BUCKET_SIZE		13
	EXTENSION		1729

AREA 1
	ALLOCATION		13
	BEST_TRY_CONTIGUOUS	yes
	BUCKET_SIZE		13
	EXTENSION		13

AREA 2
	ALLOCATION		3540
	BEST_TRY_CONTIGUOUS	yes
	BUCKET_SIZE		10
	EXTENSION		890

AREA 3
	ALLOCATION		10
	BEST_TRY_CONTIGUOUS	yes
	BUCKET_SIZE		10
	EXTENSION		10

KEY 0
	CHANGES			no
	DATA_AREA		0
	DATA_FILL		100
	DATA_KEY_COMPRESSION	yes
	DATA_RECORD_COMPRESSION	yes
	DUPLICATES		no
	INDEX_AREA		1
	INDEX_COMPRESSION	no
	INDEX_FILL		100
	LEVEL1_INDEX_AREA	1
	PROLOG			3
	SEG0_LENGTH		8
	SEG0_POSITION		0
	TYPE			string

KEY 1
	CHANGES			yes
	DATA_AREA		2
	DATA_FILL		100
	DATA_KEY_COMPRESSION	yes
	DUPLICATES		yes
	INDEX_AREA		3
	INDEX_COMPRESSION	no
	INDEX_FILL		100
	LEVEL1_INDEX_AREA	3
	SEG0_LENGTH		10
	SEG0_POSITION		8
	TYPE			string
%COPY-W-INCOMPAT, SYS$SYSROOT:[SYSMGR.EDF4C]T.TMP;1 (input) and SYS$SYSROOT:[SYSMGR.EDF4C]B01A.FDL;1 (output) have incompatible attr
ibutes
@@ B01 E1.FDL /GRANULARITY=4 00000001
FILE
  CLUSTER_SIZE 1
  ORGANIZATION indexed

ANALYSIS_OF_AREA 0
  RECLAIMED_SPACE 0

ANALYSIS_OF_KEY 0
  DATA_FILL 72
  DATA_KEY_COMPRESSION 49
  DATA_RECORD_COMPRESSION 73
  DATA_RECORD_COUNT 100000
  DATA_SPACE_OCCUPIED 94
  DEPTH 1
  INDEX_COMPRESSION 28
  INDEX_FILL 34
  INDEX_SPACE_OCCUPIED 2
  LEVEL1_RECORD_COUNT 47
  MEAN_DATA_LENGTH 64
  MEAN_INDEX_LENGTH 10
  LONGEST_RECORD_LENGTH 64

ANALYSIS_OF_KEY 1
  DATA_FILL 66
  DATA_KEY_COMPRESSION 56
  DATA_RECORD_COUNT 100000
  DATA_SPACE_OCCUPIED 16
  DEPTH 1
  DUPLICATES_PER_SIDR 1
  INDEX_COMPRESSION 44
  INDEX_FILL 6
  INDEX_SPACE_OCCUPIED 2
  LEVEL1_RECORD_COUNT 8
  MEAN_DATA_LENGTH 106
  MEAN_INDEX_LENGTH 12
@@ B01 output
IDENT	FDL_VERSION 02	" 7-OCT-2026 05:21:01  OpenVMS FDL Editor"

SYSTEM
	SOURCE			"OpenVMS"

FILE
	ORGANIZATION		indexed
	GLBUFF_FLAGS_V83	none

RECORD
	CARRIAGE_CONTROL	carriage_return
	FORMAT			fixed
	SIZE			64

AREA 0
	ALLOCATION		6893
	BEST_TRY_CONTIGUOUS	yes
	BUCKET_SIZE		13
	EXTENSION		1729

AREA 1
	ALLOCATION		13
	BEST_TRY_CONTIGUOUS	yes
	BUCKET_SIZE		13
	EXTENSION		13

AREA 2
	ALLOCATION		3938
	BEST_TRY_CONTIGUOUS	yes
	BUCKET_SIZE		11
	EXTENSION		990

AREA 3
	ALLOCATION		11
	BEST_TRY_CONTIGUOUS	yes
	BUCKET_SIZE		11
	EXTENSION		11

KEY 0
	CHANGES			no
	DATA_AREA		0
	DATA_FILL		100
	DATA_KEY_COMPRESSION	yes
	DATA_RECORD_COMPRESSION	yes
	DUPLICATES		no
	INDEX_AREA		1
	INDEX_COMPRESSION	no
	INDEX_FILL		100
	LEVEL1_INDEX_AREA	1
	PROLOG			3
	SEG0_LENGTH		8
	SEG0_POSITION		0
	TYPE			string

KEY 1
	CHANGES			yes
	DATA_AREA		2
	DATA_FILL		100
	DATA_KEY_COMPRESSION	yes
	DUPLICATES		yes
	INDEX_AREA		3
	INDEX_COMPRESSION	no
	INDEX_FILL		100
	LEVEL1_INDEX_AREA	3
	SEG0_LENGTH		10
	SEG0_POSITION		8
	TYPE			string
%COPY-W-INCOMPAT, SYS$SYSROOT:[SYSMGR.EDF4C]T.TMP;1 (input) and SYS$SYSROOT:[SYSMGR.EDF4C]B02A.FDL;1 (output) have incompatible attr
ibutes
@@ B02 E1.FDL /GRANULARITY=4 00000001
FILE
  CLUSTER_SIZE 1
  ORGANIZATION indexed

ANALYSIS_OF_AREA 0
  RECLAIMED_SPACE 0

ANALYSIS_OF_KEY 0
  DATA_FILL 72
  DATA_KEY_COMPRESSION 49
  DATA_RECORD_COMPRESSION 73
  DATA_RECORD_COUNT 100000
  DATA_SPACE_OCCUPIED 94
  DEPTH 1
  INDEX_COMPRESSION 28
  INDEX_FILL 34
  INDEX_SPACE_OCCUPIED 2
  LEVEL1_RECORD_COUNT 47
  MEAN_DATA_LENGTH 64
  MEAN_INDEX_LENGTH 10
  LONGEST_RECORD_LENGTH 64

ANALYSIS_OF_KEY 1
  DATA_FILL 66
  DATA_KEY_COMPRESSION 56
  DATA_RECORD_COUNT 100000
  DATA_SPACE_OCCUPIED 16
  DEPTH 1
  DUPLICATES_PER_SIDR 2
  INDEX_COMPRESSION 44
  INDEX_FILL 6
  INDEX_SPACE_OCCUPIED 2
  LEVEL1_RECORD_COUNT 8
  MEAN_DATA_LENGTH 106
  MEAN_INDEX_LENGTH 12
@@ B02 output
IDENT	FDL_VERSION 02	" 7-OCT-2026 05:21:01  OpenVMS FDL Editor"

SYSTEM
	SOURCE			"OpenVMS"

FILE
	ORGANIZATION		indexed
	GLBUFF_FLAGS_V83	none

RECORD
	CARRIAGE_CONTROL	carriage_return
	FORMAT			fixed
	SIZE			64

AREA 0
	ALLOCATION		6893
	BEST_TRY_CONTIGUOUS	yes
	BUCKET_SIZE		13
	EXTENSION		1729

AREA 1
	ALLOCATION		13
	BEST_TRY_CONTIGUOUS	yes
	BUCKET_SIZE		13
	EXTENSION		13

AREA 2
	ALLOCATION		4125
	BEST_TRY_CONTIGUOUS	yes
	BUCKET_SIZE		11
	EXTENSION		1034

AREA 3
	ALLOCATION		11
	BEST_TRY_CONTIGUOUS	yes
	BUCKET_SIZE		11
	EXTENSION		11

KEY 0
	CHANGES			no
	DATA_AREA		0
	DATA_FILL		100
	DATA_KEY_COMPRESSION	yes
	DATA_RECORD_COMPRESSION	yes
	DUPLICATES		no
	INDEX_AREA		1
	INDEX_COMPRESSION	no
	INDEX_FILL		100
	LEVEL1_INDEX_AREA	1
	PROLOG			3
	SEG0_LENGTH		8
	SEG0_POSITION		0
	TYPE			string

KEY 1
	CHANGES			yes
	DATA_AREA		2
	DATA_FILL		100
	DATA_KEY_COMPRESSION	yes
	DUPLICATES		yes
	INDEX_AREA		3
	INDEX_COMPRESSION	no
	INDEX_FILL		100
	LEVEL1_INDEX_AREA	3
	SEG0_LENGTH		10
	SEG0_POSITION		8
	TYPE			string
%COPY-W-INCOMPAT, SYS$SYSROOT:[SYSMGR.EDF4C]T.TMP;1 (input) and SYS$SYSROOT:[SYSMGR.EDF4C]B03A.FDL;1 (output) have incompatible attr
ibutes
@@ B03 E1.FDL /GRANULARITY=4 00000001
FILE
  CLUSTER_SIZE 1
  ORGANIZATION indexed

ANALYSIS_OF_AREA 0
  RECLAIMED_SPACE 0

ANALYSIS_OF_KEY 0
  DATA_FILL 72
  DATA_KEY_COMPRESSION 49
  DATA_RECORD_COMPRESSION 73
  DATA_RECORD_COUNT 100000
  DATA_SPACE_OCCUPIED 94
  DEPTH 1
  INDEX_COMPRESSION 28
  INDEX_FILL 34
  INDEX_SPACE_OCCUPIED 2
  LEVEL1_RECORD_COUNT 47
  MEAN_DATA_LENGTH 64
  MEAN_INDEX_LENGTH 10
  LONGEST_RECORD_LENGTH 64

ANALYSIS_OF_KEY 1
  DATA_FILL 66
  DATA_KEY_COMPRESSION 56
  DATA_RECORD_COUNT 100000
  DATA_SPACE_OCCUPIED 16
  DEPTH 1
  DUPLICATES_PER_SIDR 3
  INDEX_COMPRESSION 44
  INDEX_FILL 6
  INDEX_SPACE_OCCUPIED 2
  LEVEL1_RECORD_COUNT 8
  MEAN_DATA_LENGTH 106
  MEAN_INDEX_LENGTH 12
@@ B03 output
IDENT	FDL_VERSION 02	" 7-OCT-2026 05:21:01  OpenVMS FDL Editor"

SYSTEM
	SOURCE			"OpenVMS"

FILE
	ORGANIZATION		indexed
	GLBUFF_FLAGS_V83	none

RECORD
	CARRIAGE_CONTROL	carriage_return
	FORMAT			fixed
	SIZE			64

AREA 0
	ALLOCATION		6893
	BEST_TRY_CONTIGUOUS	yes
	BUCKET_SIZE		13
	EXTENSION		1729

AREA 1
	ALLOCATION		13
	BEST_TRY_CONTIGUOUS	yes
	BUCKET_SIZE		13
	EXTENSION		13

AREA 2
	ALLOCATION		4125
	BEST_TRY_CONTIGUOUS	yes
	BUCKET_SIZE		11
	EXTENSION		1034

AREA 3
	ALLOCATION		11
	BEST_TRY_CONTIGUOUS	yes
	BUCKET_SIZE		11
	EXTENSION		11

KEY 0
	CHANGES			no
	DATA_AREA		0
	DATA_FILL		100
	DATA_KEY_COMPRESSION	yes
	DATA_RECORD_COMPRESSION	yes
	DUPLICATES		no
	INDEX_AREA		1
	INDEX_COMPRESSION	no
	INDEX_FILL		100
	LEVEL1_INDEX_AREA	1
	PROLOG			3
	SEG0_LENGTH		8
	SEG0_POSITION		0
	TYPE			string

KEY 1
	CHANGES			yes
	DATA_AREA		2
	DATA_FILL		100
	DATA_KEY_COMPRESSION	yes
	DUPLICATES		yes
	INDEX_AREA		3
	INDEX_COMPRESSION	no
	INDEX_FILL		100
	LEVEL1_INDEX_AREA	3
	SEG0_LENGTH		10
	SEG0_POSITION		8
	TYPE			string
%COPY-W-INCOMPAT, SYS$SYSROOT:[SYSMGR.EDF4C]T.TMP;1 (input) and SYS$SYSROOT:[SYSMGR.EDF4C]B04A.FDL;1 (output) have incompatible attr
ibutes
@@ B04 E1.FDL /GRANULARITY=4 00000001
FILE
  CLUSTER_SIZE 1
  ORGANIZATION indexed

ANALYSIS_OF_AREA 0
  RECLAIMED_SPACE 0

ANALYSIS_OF_KEY 0
  DATA_FILL 72
  DATA_KEY_COMPRESSION 49
  DATA_RECORD_COMPRESSION 73
  DATA_RECORD_COUNT 100000
  DATA_SPACE_OCCUPIED 94
  DEPTH 1
  INDEX_COMPRESSION 28
  INDEX_FILL 34
  INDEX_SPACE_OCCUPIED 2
  LEVEL1_RECORD_COUNT 47
  MEAN_DATA_LENGTH 64
  MEAN_INDEX_LENGTH 10
  LONGEST_RECORD_LENGTH 64

ANALYSIS_OF_KEY 1
  DATA_FILL 66
  DATA_KEY_COMPRESSION 56
  DATA_RECORD_COUNT 100000
  DATA_SPACE_OCCUPIED 16
  DEPTH 1
  DUPLICATES_PER_SIDR 5
  INDEX_COMPRESSION 44
  INDEX_FILL 6
  INDEX_SPACE_OCCUPIED 2
  LEVEL1_RECORD_COUNT 8
  MEAN_DATA_LENGTH 106
  MEAN_INDEX_LENGTH 12
@@ B04 output
IDENT	FDL_VERSION 02	" 7-OCT-2026 05:21:02  OpenVMS FDL Editor"

SYSTEM
	SOURCE			"OpenVMS"

FILE
	ORGANIZATION		indexed
	GLBUFF_FLAGS_V83	none

RECORD
	CARRIAGE_CONTROL	carriage_return
	FORMAT			fixed
	SIZE			64

AREA 0
	ALLOCATION		6893
	BEST_TRY_CONTIGUOUS	yes
	BUCKET_SIZE		13
	EXTENSION		1729

AREA 1
	ALLOCATION		13
	BEST_TRY_CONTIGUOUS	yes
	BUCKET_SIZE		13
	EXTENSION		13

AREA 2
	ALLOCATION		4323
	BEST_TRY_CONTIGUOUS	yes
	BUCKET_SIZE		11
	EXTENSION		1089

AREA 3
	ALLOCATION		11
	BEST_TRY_CONTIGUOUS	yes
	BUCKET_SIZE		11
	EXTENSION		11

KEY 0
	CHANGES			no
	DATA_AREA		0
	DATA_FILL		100
	DATA_KEY_COMPRESSION	yes
	DATA_RECORD_COMPRESSION	yes
	DUPLICATES		no
	INDEX_AREA		1
	INDEX_COMPRESSION	no
	INDEX_FILL		100
	LEVEL1_INDEX_AREA	1
	PROLOG			3
	SEG0_LENGTH		8
	SEG0_POSITION		0
	TYPE			string

KEY 1
	CHANGES			yes
	DATA_AREA		2
	DATA_FILL		100
	DATA_KEY_COMPRESSION	yes
	DUPLICATES		yes
	INDEX_AREA		3
	INDEX_COMPRESSION	no
	INDEX_FILL		100
	LEVEL1_INDEX_AREA	3
	SEG0_LENGTH		10
	SEG0_POSITION		8
	TYPE			string
%COPY-W-INCOMPAT, SYS$SYSROOT:[SYSMGR.EDF4C]T.TMP;1 (input) and SYS$SYSROOT:[SYSMGR.EDF4C]B05A.FDL;1 (output) have incompatible attr
ibutes
@@ B05 E1.FDL /GRANULARITY=4 00000001
FILE
  CLUSTER_SIZE 1
  ORGANIZATION indexed

ANALYSIS_OF_AREA 0
  RECLAIMED_SPACE 0

ANALYSIS_OF_KEY 0
  DATA_FILL 72
  DATA_KEY_COMPRESSION 49
  DATA_RECORD_COMPRESSION 73
  DATA_RECORD_COUNT 100000
  DATA_SPACE_OCCUPIED 94
  DEPTH 1
  INDEX_COMPRESSION 28
  INDEX_FILL 34
  INDEX_SPACE_OCCUPIED 2
  LEVEL1_RECORD_COUNT 47
  MEAN_DATA_LENGTH 64
  MEAN_INDEX_LENGTH 10
  LONGEST_RECORD_LENGTH 64

ANALYSIS_OF_KEY 1
  DATA_FILL 66
  DATA_KEY_COMPRESSION 56
  DATA_RECORD_COUNT 100000
  DATA_SPACE_OCCUPIED 16
  DEPTH 1
  DUPLICATES_PER_SIDR 9
  INDEX_COMPRESSION 44
  INDEX_FILL 6
  INDEX_SPACE_OCCUPIED 2
  LEVEL1_RECORD_COUNT 8
  MEAN_DATA_LENGTH 106
  MEAN_INDEX_LENGTH 12
@@ B05 output
IDENT	FDL_VERSION 02	" 7-OCT-2026 05:21:02  OpenVMS FDL Editor"

SYSTEM
	SOURCE			"OpenVMS"

FILE
	ORGANIZATION		indexed
	GLBUFF_FLAGS_V83	none

RECORD
	CARRIAGE_CONTROL	carriage_return
	FORMAT			fixed
	SIZE			64

AREA 0
	ALLOCATION		6893
	BEST_TRY_CONTIGUOUS	yes
	BUCKET_SIZE		13
	EXTENSION		1729

AREA 1
	ALLOCATION		13
	BEST_TRY_CONTIGUOUS	yes
	BUCKET_SIZE		13
	EXTENSION		13

AREA 2
	ALLOCATION		4323
	BEST_TRY_CONTIGUOUS	yes
	BUCKET_SIZE		11
	EXTENSION		1089

AREA 3
	ALLOCATION		11
	BEST_TRY_CONTIGUOUS	yes
	BUCKET_SIZE		11
	EXTENSION		11

KEY 0
	CHANGES			no
	DATA_AREA		0
	DATA_FILL		100
	DATA_KEY_COMPRESSION	yes
	DATA_RECORD_COMPRESSION	yes
	DUPLICATES		no
	INDEX_AREA		1
	INDEX_COMPRESSION	no
	INDEX_FILL		100
	LEVEL1_INDEX_AREA	1
	PROLOG			3
	SEG0_LENGTH		8
	SEG0_POSITION		0
	TYPE			string

KEY 1
	CHANGES			yes
	DATA_AREA		2
	DATA_FILL		100
	DATA_KEY_COMPRESSION	yes
	DUPLICATES		yes
	INDEX_AREA		3
	INDEX_COMPRESSION	no
	INDEX_FILL		100
	LEVEL1_INDEX_AREA	3
	SEG0_LENGTH		10
	SEG0_POSITION		8
	TYPE			string
%COPY-W-INCOMPAT, SYS$SYSROOT:[SYSMGR.EDF4C]T.TMP;1 (input) and SYS$SYSROOT:[SYSMGR.EDF4C]B06A.FDL;1 (output) have incompatible attr
ibutes
@@ B06 E1.FDL /GRANULARITY=4 00000001
FILE
  CLUSTER_SIZE 1
  ORGANIZATION indexed

ANALYSIS_OF_AREA 0
  RECLAIMED_SPACE 0

ANALYSIS_OF_KEY 0
  DATA_FILL 72
  DATA_KEY_COMPRESSION 49
  DATA_RECORD_COMPRESSION 73
  DATA_RECORD_COUNT 100000
  DATA_SPACE_OCCUPIED 94
  DEPTH 1
  INDEX_COMPRESSION 28
  INDEX_FILL 34
  INDEX_SPACE_OCCUPIED 2
  LEVEL1_RECORD_COUNT 47
  MEAN_DATA_LENGTH 64
  MEAN_INDEX_LENGTH 10
  LONGEST_RECORD_LENGTH 64

ANALYSIS_OF_KEY 1
  DATA_FILL 66
  DATA_KEY_COMPRESSION 56
  DATA_RECORD_COUNT 100000
  DATA_SPACE_OCCUPIED 16
  DEPTH 1
  DUPLICATES_PER_SIDR 20
  INDEX_COMPRESSION 44
  INDEX_FILL 6
  INDEX_SPACE_OCCUPIED 2
  LEVEL1_RECORD_COUNT 8
  MEAN_DATA_LENGTH 106
  MEAN_INDEX_LENGTH 12
@@ B06 output
IDENT	FDL_VERSION 02	" 7-OCT-2026 05:21:02  OpenVMS FDL Editor"

SYSTEM
	SOURCE			"OpenVMS"

FILE
	ORGANIZATION		indexed
	GLBUFF_FLAGS_V83	none

RECORD
	CARRIAGE_CONTROL	carriage_return
	FORMAT			fixed
	SIZE			64

AREA 0
	ALLOCATION		6893
	BEST_TRY_CONTIGUOUS	yes
	BUCKET_SIZE		13
	EXTENSION		1729

AREA 1
	ALLOCATION		13
	BEST_TRY_CONTIGUOUS	yes
	BUCKET_SIZE		13
	EXTENSION		13

AREA 2
	ALLOCATION		4323
	BEST_TRY_CONTIGUOUS	yes
	BUCKET_SIZE		11
	EXTENSION		1089

AREA 3
	ALLOCATION		11
	BEST_TRY_CONTIGUOUS	yes
	BUCKET_SIZE		11
	EXTENSION		11

KEY 0
	CHANGES			no
	DATA_AREA		0
	DATA_FILL		100
	DATA_KEY_COMPRESSION	yes
	DATA_RECORD_COMPRESSION	yes
	DUPLICATES		no
	INDEX_AREA		1
	INDEX_COMPRESSION	no
	INDEX_FILL		100
	LEVEL1_INDEX_AREA	1
	PROLOG			3
	SEG0_LENGTH		8
	SEG0_POSITION		0
	TYPE			string

KEY 1
	CHANGES			yes
	DATA_AREA		2
	DATA_FILL		100
	DATA_KEY_COMPRESSION	yes
	DUPLICATES		yes
	INDEX_AREA		3
	INDEX_COMPRESSION	no
	INDEX_FILL		100
	LEVEL1_INDEX_AREA	3
	SEG0_LENGTH		10
	SEG0_POSITION		8
	TYPE			string
%COPY-W-INCOMPAT, SYS$SYSROOT:[SYSMGR.EDF4C]T.TMP;1 (input) and SYS$SYSROOT:[SYSMGR.EDF4C]B07A.FDL;1 (output) have incompatible attr
ibutes
@@ B07 E1.FDL /GRANULARITY=4 00000001
FILE
  CLUSTER_SIZE 1
  ORGANIZATION indexed

ANALYSIS_OF_AREA 0
  RECLAIMED_SPACE 0

ANALYSIS_OF_KEY 0
  DATA_FILL 72
  DATA_KEY_COMPRESSION 49
  DATA_RECORD_COMPRESSION 73
  DATA_RECORD_COUNT 100000
  DATA_SPACE_OCCUPIED 94
  DEPTH 1
  INDEX_COMPRESSION 28
  INDEX_FILL 34
  INDEX_SPACE_OCCUPIED 2
  LEVEL1_RECORD_COUNT 47
  MEAN_DATA_LENGTH 64
  MEAN_INDEX_LENGTH 10
  LONGEST_RECORD_LENGTH 64

ANALYSIS_OF_KEY 1
  DATA_FILL 66
  DATA_KEY_COMPRESSION 56
  DATA_RECORD_COUNT 100000
  DATA_SPACE_OCCUPIED 16
  DEPTH 1
  DUPLICATES_PER_SIDR 99
  INDEX_COMPRESSION 44
  INDEX_FILL 6
  INDEX_SPACE_OCCUPIED 2
  LEVEL1_RECORD_COUNT 8
  MEAN_DATA_LENGTH 106
  MEAN_INDEX_LENGTH 12
@@ B07 output
IDENT	FDL_VERSION 02	" 7-OCT-2026 05:21:03  OpenVMS FDL Editor"

SYSTEM
	SOURCE			"OpenVMS"

FILE
	ORGANIZATION		indexed
	GLBUFF_FLAGS_V83	none

RECORD
	CARRIAGE_CONTROL	carriage_return
	FORMAT			fixed
	SIZE			64

AREA 0
	ALLOCATION		6893
	BEST_TRY_CONTIGUOUS	yes
	BUCKET_SIZE		13
	EXTENSION		1729

AREA 1
	ALLOCATION		13
	BEST_TRY_CONTIGUOUS	yes
	BUCKET_SIZE		13
	EXTENSION		13

AREA 2
	ALLOCATION		4323
	BEST_TRY_CONTIGUOUS	yes
	BUCKET_SIZE		11
	EXTENSION		1089

AREA 3
	ALLOCATION		11
	BEST_TRY_CONTIGUOUS	yes
	BUCKET_SIZE		11
	EXTENSION		11

KEY 0
	CHANGES			no
	DATA_AREA		0
	DATA_FILL		100
	DATA_KEY_COMPRESSION	yes
	DATA_RECORD_COMPRESSION	yes
	DUPLICATES		no
	INDEX_AREA		1
	INDEX_COMPRESSION	no
	INDEX_FILL		100
	LEVEL1_INDEX_AREA	1
	PROLOG			3
	SEG0_LENGTH		8
	SEG0_POSITION		0
	TYPE			string

KEY 1
	CHANGES			yes
	DATA_AREA		2
	DATA_FILL		100
	DATA_KEY_COMPRESSION	yes
	DUPLICATES		yes
	INDEX_AREA		3
	INDEX_COMPRESSION	no
	INDEX_FILL		100
	LEVEL1_INDEX_AREA	3
	SEG0_LENGTH		10
	SEG0_POSITION		8
	TYPE			string
%COPY-E-OPENIN, error opening SYS$COMMON:[SYSMGR.EDF4C]E1A.FDL; as input
-RMS-E-DNF, directory not found
-SYSTEM-W-NOSUCHFILE, no such file
@@ H00 E1.FDL /GRANULARITY=4 00000001

ANALYSIS_OF_AREA 0
  RECLAIMED_SPACE 0

ANALYSIS_OF_KEY 0
  DATA_FILL 72
  DATA_KEY_COMPRESSION 49
  DATA_RECORD_COMPRESSION 73
  DATA_RECORD_COUNT 100000
  DATA_SPACE_OCCUPIED 94
  DEPTH 1
  INDEX_COMPRESSION 28
  INDEX_FILL 34
  INDEX_SPACE_OCCUPIED 2
  LEVEL1_RECORD_COUNT 47
  MEAN_DATA_LENGTH 64
  MEAN_INDEX_LENGTH 10
  LONGEST_RECORD_LENGTH 64

ANALYSIS_OF_KEY 1
  DATA_FILL 66
  DATA_KEY_COMPRESSION 56
  DATA_RECORD_COUNT 10000
  DATA_SPACE_OCCUPIED 16
  DEPTH 1
  DUPLICATES_PER_SIDR 0
  INDEX_COMPRESSION 44
  INDEX_FILL 6
  INDEX_SPACE_OCCUPIED 2
  LEVEL1_RECORD_COUNT 8
  MEAN_DATA_LENGTH 106
  MEAN_INDEX_LENGTH 12
@@ H00 output
IDENT	FDL_VERSION 02	" 7-OCT-2026 05:21:03  OpenVMS FDL Editor"

SYSTEM
	SOURCE			"OpenVMS"

FILE
	ORGANIZATION		indexed
	GLBUFF_FLAGS_V83	none

RECORD
	CARRIAGE_CONTROL	carriage_return
	FORMAT			fixed
	SIZE			64

AREA 0
	ALLOCATION		6888
	BEST_TRY_CONTIGUOUS	yes
	BUCKET_SIZE		15
	EXTENSION		1725

AREA 1
	ALLOCATION		15
	BEST_TRY_CONTIGUOUS	yes
	BUCKET_SIZE		15
	EXTENSION		15

AREA 2
	ALLOCATION		360
	BEST_TRY_CONTIGUOUS	yes
	BUCKET_SIZE		4
	EXTENSION		96

AREA 3
	ALLOCATION		12
	BEST_TRY_CONTIGUOUS	yes
	BUCKET_SIZE		4
	EXTENSION		12

KEY 0
	CHANGES			no
	DATA_AREA		0
	DATA_FILL		100
	DATA_KEY_COMPRESSION	yes
	DATA_RECORD_COMPRESSION	yes
	DUPLICATES		no
	INDEX_AREA		1
	INDEX_COMPRESSION	no
	INDEX_FILL		100
	LEVEL1_INDEX_AREA	1
	PROLOG			3
	SEG0_LENGTH		8
	SEG0_POSITION		0
	TYPE			string

KEY 1
	CHANGES			yes
	DATA_AREA		2
	DATA_FILL		100
	DATA_KEY_COMPRESSION	yes
	DUPLICATES		yes
	INDEX_AREA		3
	INDEX_COMPRESSION	no
	INDEX_FILL		100
	LEVEL1_INDEX_AREA	3
	SEG0_LENGTH		10
	SEG0_POSITION		8
	TYPE			string
%COPY-E-OPENIN, error opening SYS$COMMON:[SYSMGR.EDF4C]E1A.FDL; as input
-RMS-E-DNF, directory not found
-SYSTEM-W-NOSUCHFILE, no such file
@@ H01 E1.FDL /GRANULARITY=4 00000001

ANALYSIS_OF_AREA 0
  RECLAIMED_SPACE 0

ANALYSIS_OF_KEY 0
  DATA_FILL 72
  DATA_KEY_COMPRESSION 49
  DATA_RECORD_COMPRESSION 73
  DATA_RECORD_COUNT 100000
  DATA_SPACE_OCCUPIED 94
  DEPTH 1
  INDEX_COMPRESSION 28
  INDEX_FILL 34
  INDEX_SPACE_OCCUPIED 2
  LEVEL1_RECORD_COUNT 47
  MEAN_DATA_LENGTH 64
  MEAN_INDEX_LENGTH 10
  LONGEST_RECORD_LENGTH 64

ANALYSIS_OF_KEY 1
  DATA_FILL 66
  DATA_KEY_COMPRESSION 56
  DATA_RECORD_COUNT 10000
  DATA_SPACE_OCCUPIED 16
  DEPTH 1
  DUPLICATES_PER_SIDR 9
  INDEX_COMPRESSION 44
  INDEX_FILL 6
  INDEX_SPACE_OCCUPIED 2
  LEVEL1_RECORD_COUNT 8
  MEAN_DATA_LENGTH 106
  MEAN_INDEX_LENGTH 12
@@ H01 output
IDENT	FDL_VERSION 02	" 7-OCT-2026 05:21:03  OpenVMS FDL Editor"

SYSTEM
	SOURCE			"OpenVMS"

FILE
	ORGANIZATION		indexed
	GLBUFF_FLAGS_V83	none

RECORD
	CARRIAGE_CONTROL	carriage_return
	FORMAT			fixed
	SIZE			64

AREA 0
	ALLOCATION		6888
	BEST_TRY_CONTIGUOUS	yes
	BUCKET_SIZE		15
	EXTENSION		1725

AREA 1
	ALLOCATION		15
	BEST_TRY_CONTIGUOUS	yes
	BUCKET_SIZE		15
	EXTENSION		15

AREA 2
	ALLOCATION		444
	BEST_TRY_CONTIGUOUS	yes
	BUCKET_SIZE		4
	EXTENSION		120

AREA 3
	ALLOCATION		12
	BEST_TRY_CONTIGUOUS	yes
	BUCKET_SIZE		4
	EXTENSION		12

KEY 0
	CHANGES			no
	DATA_AREA		0
	DATA_FILL		100
	DATA_KEY_COMPRESSION	yes
	DATA_RECORD_COMPRESSION	yes
	DUPLICATES		no
	INDEX_AREA		1
	INDEX_COMPRESSION	no
	INDEX_FILL		100
	LEVEL1_INDEX_AREA	1
	PROLOG			3
	SEG0_LENGTH		8
	SEG0_POSITION		0
	TYPE			string

KEY 1
	CHANGES			yes
	DATA_AREA		2
	DATA_FILL		100
	DATA_KEY_COMPRESSION	yes
	DUPLICATES		yes
	INDEX_AREA		3
	INDEX_COMPRESSION	no
	INDEX_FILL		100
	LEVEL1_INDEX_AREA	3
	SEG0_LENGTH		10
	SEG0_POSITION		8
	TYPE			string
%COPY-E-OPENIN, error opening SYS$COMMON:[SYSMGR.EDF4C]E1A.FDL; as input
-RMS-E-DNF, directory not found
-SYSTEM-W-NOSUCHFILE, no such file
@@ H02 E1.FDL /GRANULARITY=4 00000001

ANALYSIS_OF_AREA 0
  RECLAIMED_SPACE 0

ANALYSIS_OF_KEY 0
  DATA_FILL 72
  DATA_KEY_COMPRESSION 49
  DATA_RECORD_COMPRESSION 73
  DATA_RECORD_COUNT 100000
  DATA_SPACE_OCCUPIED 94
  DEPTH 1
  INDEX_COMPRESSION 28
  INDEX_FILL 34
  INDEX_SPACE_OCCUPIED 2
  LEVEL1_RECORD_COUNT 47
  MEAN_DATA_LENGTH 64
  MEAN_INDEX_LENGTH 10
  LONGEST_RECORD_LENGTH 64

ANALYSIS_OF_KEY 1
  DATA_FILL 66
  DATA_KEY_COMPRESSION 56
  DATA_RECORD_COUNT 10000
  DATA_SPACE_OCCUPIED 16
  DEPTH 1
  DUPLICATES_PER_SIDR 99
  INDEX_COMPRESSION 44
  INDEX_FILL 6
  INDEX_SPACE_OCCUPIED 2
  LEVEL1_RECORD_COUNT 8
  MEAN_DATA_LENGTH 106
  MEAN_INDEX_LENGTH 12
@@ H02 output
IDENT	FDL_VERSION 02	" 7-OCT-2026 05:21:03  OpenVMS FDL Editor"

SYSTEM
	SOURCE			"OpenVMS"

FILE
	ORGANIZATION		indexed
	GLBUFF_FLAGS_V83	none

RECORD
	CARRIAGE_CONTROL	carriage_return
	FORMAT			fixed
	SIZE			64

AREA 0
	ALLOCATION		6888
	BEST_TRY_CONTIGUOUS	yes
	BUCKET_SIZE		15
	EXTENSION		1725

AREA 1
	ALLOCATION		15
	BEST_TRY_CONTIGUOUS	yes
	BUCKET_SIZE		15
	EXTENSION		15

AREA 2
	ALLOCATION		444
	BEST_TRY_CONTIGUOUS	yes
	BUCKET_SIZE		4
	EXTENSION		120

AREA 3
	ALLOCATION		12
	BEST_TRY_CONTIGUOUS	yes
	BUCKET_SIZE		4
	EXTENSION		12

KEY 0
	CHANGES			no
	DATA_AREA		0
	DATA_FILL		100
	DATA_KEY_COMPRESSION	yes
	DATA_RECORD_COMPRESSION	yes
	DUPLICATES		no
	INDEX_AREA		1
	INDEX_COMPRESSION	no
	INDEX_FILL		100
	LEVEL1_INDEX_AREA	1
	PROLOG			3
	SEG0_LENGTH		8
	SEG0_POSITION		0
	TYPE			string

KEY 1
	CHANGES			yes
	DATA_AREA		2
	DATA_FILL		100
	DATA_KEY_COMPRESSION	yes
	DUPLICATES		yes
	INDEX_AREA		3
	INDEX_COMPRESSION	no
	INDEX_FILL		100
	LEVEL1_INDEX_AREA	3
	SEG0_LENGTH		10
	SEG0_POSITION		8
	TYPE			string
%COPY-E-OPENIN, error opening SYS$COMMON:[SYSMGR.EDF4C]E1A.FDL; as input
-RMS-E-DNF, directory not found
-SYSTEM-W-NOSUCHFILE, no such file
@@ H03 E1.FDL /GRANULARITY=4 00000001

ANALYSIS_OF_AREA 0
  RECLAIMED_SPACE 0

ANALYSIS_OF_KEY 0
  DATA_FILL 72
  DATA_KEY_COMPRESSION 49
  DATA_RECORD_COMPRESSION 73
  DATA_RECORD_COUNT 100000
  DATA_SPACE_OCCUPIED 94
  DEPTH 1
  INDEX_COMPRESSION 28
  INDEX_FILL 34
  INDEX_SPACE_OCCUPIED 2
  LEVEL1_RECORD_COUNT 47
  MEAN_DATA_LENGTH 64
  MEAN_INDEX_LENGTH 10
  LONGEST_RECORD_LENGTH 64

ANALYSIS_OF_KEY 1
  DATA_FILL 66
  DATA_KEY_COMPRESSION 56
  DATA_RECORD_COUNT 1000
  DATA_SPACE_OCCUPIED 16
  DEPTH 1
  DUPLICATES_PER_SIDR 99
  INDEX_COMPRESSION 44
  INDEX_FILL 6
  INDEX_SPACE_OCCUPIED 2
  LEVEL1_RECORD_COUNT 8
  MEAN_DATA_LENGTH 106
  MEAN_INDEX_LENGTH 12
@@ H03 output
IDENT	FDL_VERSION 02	" 7-OCT-2026 05:21:04  OpenVMS FDL Editor"

SYSTEM
	SOURCE			"OpenVMS"

FILE
	ORGANIZATION		indexed
	GLBUFF_FLAGS_V83	none

RECORD
	CARRIAGE_CONTROL	carriage_return
	FORMAT			fixed
	SIZE			64

AREA 0
	ALLOCATION		6888
	BEST_TRY_CONTIGUOUS	yes
	BUCKET_SIZE		15
	EXTENSION		1725

AREA 1
	ALLOCATION		15
	BEST_TRY_CONTIGUOUS	yes
	BUCKET_SIZE		15
	EXTENSION		15

AREA 2
	ALLOCATION		48
	BEST_TRY_CONTIGUOUS	yes
	BUCKET_SIZE		2
	EXTENSION		12

AREA 3
	ALLOCATION		6
	BEST_TRY_CONTIGUOUS	yes
	BUCKET_SIZE		2
	EXTENSION		6

KEY 0
	CHANGES			no
	DATA_AREA		0
	DATA_FILL		100
	DATA_KEY_COMPRESSION	yes
	DATA_RECORD_COMPRESSION	yes
	DUPLICATES		no
	INDEX_AREA		1
	INDEX_COMPRESSION	no
	INDEX_FILL		100
	LEVEL1_INDEX_AREA	1
	PROLOG			3
	SEG0_LENGTH		8
	SEG0_POSITION		0
	TYPE			string

KEY 1
	CHANGES			yes
	DATA_AREA		2
	DATA_FILL		100
	DATA_KEY_COMPRESSION	yes
	DUPLICATES		yes
	INDEX_AREA		3
	INDEX_COMPRESSION	no
	INDEX_FILL		100
	LEVEL1_INDEX_AREA	3
	SEG0_LENGTH		10
	SEG0_POSITION		8
	TYPE			string
%COPY-E-OPENIN, error opening SYS$COMMON:[SYSMGR.EDF4C]E1A.FDL; as input
-RMS-E-DNF, directory not found
-SYSTEM-W-NOSUCHFILE, no such file
@@ J00 E1.FDL /GRANULARITY=4 00000001

ANALYSIS_OF_AREA 0
  RECLAIMED_SPACE 0

ANALYSIS_OF_KEY 0
  DATA_FILL 72
  DATA_KEY_COMPRESSION 49
  DATA_RECORD_COMPRESSION 73
  DATA_RECORD_COUNT 100000
  DATA_SPACE_OCCUPIED 94
  DEPTH 1
  INDEX_COMPRESSION 28
  INDEX_FILL 34
  INDEX_SPACE_OCCUPIED 2
  LEVEL1_RECORD_COUNT 47
  MEAN_DATA_LENGTH 64
  MEAN_INDEX_LENGTH 10
  LONGEST_RECORD_LENGTH 64

ANALYSIS_OF_KEY 1
  DATA_FILL 66
  DATA_KEY_COMPRESSION 0
  DATA_RECORD_COUNT 100000
  DATA_SPACE_OCCUPIED 16
  DEPTH 1
  DUPLICATES_PER_SIDR 0
  INDEX_COMPRESSION 44
  INDEX_FILL 6
  INDEX_SPACE_OCCUPIED 2
  LEVEL1_RECORD_COUNT 8
  MEAN_DATA_LENGTH 106
  MEAN_INDEX_LENGTH 12
@@ J00 output
IDENT	FDL_VERSION 02	" 7-OCT-2026 05:21:04  OpenVMS FDL Editor"

SYSTEM
	SOURCE			"OpenVMS"

FILE
	ORGANIZATION		indexed
	GLBUFF_FLAGS_V83	none

RECORD
	CARRIAGE_CONTROL	carriage_return
	FORMAT			fixed
	SIZE			64

AREA 0
	ALLOCATION		6888
	BEST_TRY_CONTIGUOUS	yes
	BUCKET_SIZE		15
	EXTENSION		1725

AREA 1
	ALLOCATION		15
	BEST_TRY_CONTIGUOUS	yes
	BUCKET_SIZE		15
	EXTENSION		15

AREA 2
	ALLOCATION		4512
	BEST_TRY_CONTIGUOUS	yes
	BUCKET_SIZE		12
	EXTENSION		1128

AREA 3
	ALLOCATION		12
	BEST_TRY_CONTIGUOUS	yes
	BUCKET_SIZE		12
	EXTENSION		12

KEY 0
	CHANGES			no
	DATA_AREA		0
	DATA_FILL		100
	DATA_KEY_COMPRESSION	yes
	DATA_RECORD_COMPRESSION	yes
	DUPLICATES		no
	INDEX_AREA		1
	INDEX_COMPRESSION	no
	INDEX_FILL		100
	LEVEL1_INDEX_AREA	1
	PROLOG			3
	SEG0_LENGTH		8
	SEG0_POSITION		0
	TYPE			string

KEY 1
	CHANGES			yes
	DATA_AREA		2
	DATA_FILL		100
	DATA_KEY_COMPRESSION	yes
	DUPLICATES		yes
	INDEX_AREA		3
	INDEX_COMPRESSION	no
	INDEX_FILL		100
	LEVEL1_INDEX_AREA	3
	SEG0_LENGTH		10
	SEG0_POSITION		8
	TYPE			string
%COPY-E-OPENIN, error opening SYS$COMMON:[SYSMGR.EDF4C]E1A.FDL; as input
-RMS-E-DNF, directory not found
-SYSTEM-W-NOSUCHFILE, no such file
@@ J01 E1.FDL /GRANULARITY=4 00000001

ANALYSIS_OF_AREA 0
  RECLAIMED_SPACE 0

ANALYSIS_OF_KEY 0
  DATA_FILL 72
  DATA_KEY_COMPRESSION 49
  DATA_RECORD_COMPRESSION 73
  DATA_RECORD_COUNT 100000
  DATA_SPACE_OCCUPIED 94
  DEPTH 1
  INDEX_COMPRESSION 28
  INDEX_FILL 34
  INDEX_SPACE_OCCUPIED 2
  LEVEL1_RECORD_COUNT 47
  MEAN_DATA_LENGTH 64
  MEAN_INDEX_LENGTH 10
  LONGEST_RECORD_LENGTH 64

ANALYSIS_OF_KEY 1
  DATA_FILL 66
  DATA_KEY_COMPRESSION 25
  DATA_RECORD_COUNT 100000
  DATA_SPACE_OCCUPIED 16
  DEPTH 1
  DUPLICATES_PER_SIDR 0
  INDEX_COMPRESSION 44
  INDEX_FILL 6
  INDEX_SPACE_OCCUPIED 2
  LEVEL1_RECORD_COUNT 8
  MEAN_DATA_LENGTH 106
  MEAN_INDEX_LENGTH 12
@@ J01 output
IDENT	FDL_VERSION 02	" 7-OCT-2026 05:21:04  OpenVMS FDL Editor"

SYSTEM
	SOURCE			"OpenVMS"

FILE
	ORGANIZATION		indexed
	GLBUFF_FLAGS_V83	none

RECORD
	CARRIAGE_CONTROL	carriage_return
	FORMAT			fixed
	SIZE			64

AREA 0
	ALLOCATION		6888
	BEST_TRY_CONTIGUOUS	yes
	BUCKET_SIZE		15
	EXTENSION		1725

AREA 1
	ALLOCATION		15
	BEST_TRY_CONTIGUOUS	yes
	BUCKET_SIZE		15
	EXTENSION		15

AREA 2
	ALLOCATION		4125
	BEST_TRY_CONTIGUOUS	yes
	BUCKET_SIZE		11
	EXTENSION		1056

AREA 3
	ALLOCATION		33
	BEST_TRY_CONTIGUOUS	yes
	BUCKET_SIZE		11
	EXTENSION		33

KEY 0
	CHANGES			no
	DATA_AREA		0
	DATA_FILL		100
	DATA_KEY_COMPRESSION	yes
	DATA_RECORD_COMPRESSION	yes
	DUPLICATES		no
	INDEX_AREA		1
	INDEX_COMPRESSION	no
	INDEX_FILL		100
	LEVEL1_INDEX_AREA	1
	PROLOG			3
	SEG0_LENGTH		8
	SEG0_POSITION		0
	TYPE			string

KEY 1
	CHANGES			yes
	DATA_AREA		2
	DATA_FILL		100
	DATA_KEY_COMPRESSION	yes
	DUPLICATES		yes
	INDEX_AREA		3
	INDEX_COMPRESSION	no
	INDEX_FILL		100
	LEVEL1_INDEX_AREA	3
	SEG0_LENGTH		10
	SEG0_POSITION		8
	TYPE			string
%COPY-E-OPENIN, error opening SYS$COMMON:[SYSMGR.EDF4C]E1A.FDL; as input
-RMS-E-DNF, directory not found
-SYSTEM-W-NOSUCHFILE, no such file
@@ J02 E1.FDL /GRANULARITY=4 00000001

ANALYSIS_OF_AREA 0
  RECLAIMED_SPACE 0

ANALYSIS_OF_KEY 0
  DATA_FILL 72
  DATA_KEY_COMPRESSION 49
  DATA_RECORD_COMPRESSION 73
  DATA_RECORD_COUNT 100000
  DATA_SPACE_OCCUPIED 94
  DEPTH 1
  INDEX_COMPRESSION 28
  INDEX_FILL 34
  INDEX_SPACE_OCCUPIED 2
  LEVEL1_RECORD_COUNT 47
  MEAN_DATA_LENGTH 64
  MEAN_INDEX_LENGTH 10
  LONGEST_RECORD_LENGTH 64

ANALYSIS_OF_KEY 1
  DATA_FILL 66
  DATA_KEY_COMPRESSION 75
  DATA_RECORD_COUNT 100000
  DATA_SPACE_OCCUPIED 16
  DEPTH 1
  DUPLICATES_PER_SIDR 0
  INDEX_COMPRESSION 44
  INDEX_FILL 6
  INDEX_SPACE_OCCUPIED 2
  LEVEL1_RECORD_COUNT 8
  MEAN_DATA_LENGTH 106
  MEAN_INDEX_LENGTH 12
@@ J02 output
IDENT	FDL_VERSION 02	" 7-OCT-2026 05:21:05  OpenVMS FDL Editor"

SYSTEM
	SOURCE			"OpenVMS"

FILE
	ORGANIZATION		indexed
	GLBUFF_FLAGS_V83	none

RECORD
	CARRIAGE_CONTROL	carriage_return
	FORMAT			fixed
	SIZE			64

AREA 0
	ALLOCATION		6888
	BEST_TRY_CONTIGUOUS	yes
	BUCKET_SIZE		15
	EXTENSION		1725

AREA 1
	ALLOCATION		15
	BEST_TRY_CONTIGUOUS	yes
	BUCKET_SIZE		15
	EXTENSION		15

AREA 2
	ALLOCATION		3150
	BEST_TRY_CONTIGUOUS	yes
	BUCKET_SIZE		10
	EXTENSION		810

AREA 3
	ALLOCATION		30
	BEST_TRY_CONTIGUOUS	yes
	BUCKET_SIZE		10
	EXTENSION		30

KEY 0
	CHANGES			no
	DATA_AREA		0
	DATA_FILL		100
	DATA_KEY_COMPRESSION	yes
	DATA_RECORD_COMPRESSION	yes
	DUPLICATES		no
	INDEX_AREA		1
	INDEX_COMPRESSION	no
	INDEX_FILL		100
	LEVEL1_INDEX_AREA	1
	PROLOG			3
	SEG0_LENGTH		8
	SEG0_POSITION		0
	TYPE			string

KEY 1
	CHANGES			yes
	DATA_AREA		2
	DATA_FILL		100
	DATA_KEY_COMPRESSION	yes
	DUPLICATES		yes
	INDEX_AREA		3
	INDEX_COMPRESSION	no
	INDEX_FILL		100
	LEVEL1_INDEX_AREA	3
	SEG0_LENGTH		10
	SEG0_POSITION		8
	TYPE			string
%COPY-W-INCOMPAT, SYS$SYSROOT:[SYSMGR.EDF4C]T.TMP;1 (input) and SYS$SYSROOT:[SYSMGR.EDF4C]N00A.FDL;1 (output) have incompatible attr
ibutes
@@ N00 E2.FDL /GRANULARITY=4 00000001
FILE
  CLUSTER_SIZE 1
  ORGANIZATION indexed

ANALYSIS_OF_AREA 0
  RECLAIMED_SPACE 0

ANALYSIS_OF_KEY 0
  DATA_FILL 72
  DATA_KEY_COMPRESSION 49
  DATA_RECORD_COMPRESSION 73
  DATA_RECORD_COUNT 100000
  DATA_SPACE_OCCUPIED 94
  DEPTH 1
  INDEX_COMPRESSION 28
  INDEX_FILL 34
  INDEX_SPACE_OCCUPIED 2
  LEVEL1_RECORD_COUNT 47
  MEAN_DATA_LENGTH 64
  MEAN_INDEX_LENGTH 10
  LONGEST_RECORD_LENGTH 64

ANALYSIS_OF_KEY 1
  DATA_FILL 66
  DATA_KEY_COMPRESSION 56
  DATA_RECORD_COUNT 100000
  DATA_SPACE_OCCUPIED 16
  DEPTH 1
  DUPLICATES_PER_SIDR 0
  INDEX_COMPRESSION 44
  INDEX_FILL 6
  INDEX_SPACE_OCCUPIED 2
  LEVEL1_RECORD_COUNT 8
  MEAN_DATA_LENGTH 106
  MEAN_INDEX_LENGTH 12
@@ N00 output
IDENT	FDL_VERSION 02	" 7-OCT-2026 05:21:05  OpenVMS FDL Editor"

SYSTEM
	SOURCE			"OpenVMS"

FILE
	ORGANIZATION		indexed
	GLBUFF_FLAGS_V83	none

RECORD
	CARRIAGE_CONTROL	carriage_return
	FORMAT			fixed
	SIZE			64

AREA 0
	ALLOCATION		6893
	BEST_TRY_CONTIGUOUS	yes
	BUCKET_SIZE		13
	EXTENSION		1729

AREA 1
	ALLOCATION		13
	BEST_TRY_CONTIGUOUS	yes
	BUCKET_SIZE		13
	EXTENSION		13

AREA 2
	ALLOCATION		2954
	BEST_TRY_CONTIGUOUS	yes
	BUCKET_SIZE		7
	EXTENSION		742

AREA 3
	ALLOCATION		7
	BEST_TRY_CONTIGUOUS	yes
	BUCKET_SIZE		7
	EXTENSION		7

KEY 0
	CHANGES			no
	DATA_AREA		0
	DATA_FILL		100
	DATA_KEY_COMPRESSION	yes
	DATA_RECORD_COMPRESSION	yes
	DUPLICATES		no
	INDEX_AREA		1
	INDEX_COMPRESSION	no
	INDEX_FILL		100
	LEVEL1_INDEX_AREA	1
	PROLOG			3
	SEG0_LENGTH		8
	SEG0_POSITION		0
	TYPE			string

KEY 1
	CHANGES			yes
	DATA_AREA		2
	DATA_FILL		100
	DATA_KEY_COMPRESSION	yes
	DUPLICATES		yes
	INDEX_AREA		3
	INDEX_COMPRESSION	no
	INDEX_FILL		100
	LEVEL1_INDEX_AREA	3
	SEG0_LENGTH		4
	SEG0_POSITION		8
	TYPE			string
%COPY-W-INCOMPAT, SYS$SYSROOT:[SYSMGR.EDF4C]T.TMP;1 (input) and SYS$SYSROOT:[SYSMGR.EDF4C]N01A.FDL;1 (output) have incompatible attr
ibutes
@@ N01 E2.FDL /GRANULARITY=4 00000001
FILE
  CLUSTER_SIZE 1
  ORGANIZATION indexed

ANALYSIS_OF_AREA 0
  RECLAIMED_SPACE 0

ANALYSIS_OF_KEY 0
  DATA_FILL 72
  DATA_KEY_COMPRESSION 49
  DATA_RECORD_COMPRESSION 73
  DATA_RECORD_COUNT 100000
  DATA_SPACE_OCCUPIED 94
  DEPTH 1
  INDEX_COMPRESSION 28
  INDEX_FILL 34
  INDEX_SPACE_OCCUPIED 2
  LEVEL1_RECORD_COUNT 47
  MEAN_DATA_LENGTH 64
  MEAN_INDEX_LENGTH 10
  LONGEST_RECORD_LENGTH 64

ANALYSIS_OF_KEY 1
  DATA_FILL 66
  DATA_KEY_COMPRESSION 56
  DATA_RECORD_COUNT 100000
  DATA_SPACE_OCCUPIED 16
  DEPTH 1
  DUPLICATES_PER_SIDR 9
  INDEX_COMPRESSION 44
  INDEX_FILL 6
  INDEX_SPACE_OCCUPIED 2
  LEVEL1_RECORD_COUNT 8
  MEAN_DATA_LENGTH 106
  MEAN_INDEX_LENGTH 12
@@ N01 output
IDENT	FDL_VERSION 02	" 7-OCT-2026 05:21:05  OpenVMS FDL Editor"

SYSTEM
	SOURCE			"OpenVMS"

FILE
	ORGANIZATION		indexed
	GLBUFF_FLAGS_V83	none

RECORD
	CARRIAGE_CONTROL	carriage_return
	FORMAT			fixed
	SIZE			64

AREA 0
	ALLOCATION		6893
	BEST_TRY_CONTIGUOUS	yes
	BUCKET_SIZE		13
	EXTENSION		1729

AREA 1
	ALLOCATION		13
	BEST_TRY_CONTIGUOUS	yes
	BUCKET_SIZE		13
	EXTENSION		13

AREA 2
	ALLOCATION		4329
	BEST_TRY_CONTIGUOUS	yes
	BUCKET_SIZE		9
	EXTENSION		1089

AREA 3
	ALLOCATION		9
	BEST_TRY_CONTIGUOUS	yes
	BUCKET_SIZE		9
	EXTENSION		9

KEY 0
	CHANGES			no
	DATA_AREA		0
	DATA_FILL		100
	DATA_KEY_COMPRESSION	yes
	DATA_RECORD_COMPRESSION	yes
	DUPLICATES		no
	INDEX_AREA		1
	INDEX_COMPRESSION	no
	INDEX_FILL		100
	LEVEL1_INDEX_AREA	1
	PROLOG			3
	SEG0_LENGTH		8
	SEG0_POSITION		0
	TYPE			string

KEY 1
	CHANGES			yes
	DATA_AREA		2
	DATA_FILL		100
	DATA_KEY_COMPRESSION	yes
	DUPLICATES		yes
	INDEX_AREA		3
	INDEX_COMPRESSION	no
	INDEX_FILL		100
	LEVEL1_INDEX_AREA	3
	SEG0_LENGTH		4
	SEG0_POSITION		8
	TYPE			string
%COPY-W-INCOMPAT, SYS$SYSROOT:[SYSMGR.EDF4C]T.TMP;1 (input) and SYS$SYSROOT:[SYSMGR.EDF4C]N02A.FDL;1 (output) have incompatible attr
ibutes
@@ N02 E3.FDL /GRANULARITY=4 00000001
FILE
  CLUSTER_SIZE 1
  ORGANIZATION indexed

ANALYSIS_OF_AREA 0
  RECLAIMED_SPACE 0

ANALYSIS_OF_KEY 0
  DATA_FILL 72
  DATA_KEY_COMPRESSION 49
  DATA_RECORD_COMPRESSION 73
  DATA_RECORD_COUNT 100000
  DATA_SPACE_OCCUPIED 94
  DEPTH 1
  INDEX_COMPRESSION 28
  INDEX_FILL 34
  INDEX_SPACE_OCCUPIED 2
  LEVEL1_RECORD_COUNT 47
  MEAN_DATA_LENGTH 64
  MEAN_INDEX_LENGTH 10
  LONGEST_RECORD_LENGTH 64

ANALYSIS_OF_KEY 1
  DATA_FILL 66
  DATA_KEY_COMPRESSION 56
  DATA_RECORD_COUNT 100000
  DATA_SPACE_OCCUPIED 16
  DEPTH 1
  DUPLICATES_PER_SIDR 0
  INDEX_COMPRESSION 44
  INDEX_FILL 6
  INDEX_SPACE_OCCUPIED 2
  LEVEL1_RECORD_COUNT 8
  MEAN_DATA_LENGTH 106
  MEAN_INDEX_LENGTH 12
@@ N02 output
IDENT	FDL_VERSION 02	" 7-OCT-2026 05:21:05  OpenVMS FDL Editor"

SYSTEM
	SOURCE			"OpenVMS"

FILE
	ORGANIZATION		indexed
	GLBUFF_FLAGS_V83	none

RECORD
	CARRIAGE_CONTROL	carriage_return
	FORMAT			fixed
	SIZE			64

AREA 0
	ALLOCATION		6893
	BEST_TRY_CONTIGUOUS	yes
	BUCKET_SIZE		13
	EXTENSION		1729

AREA 1
	ALLOCATION		13
	BEST_TRY_CONTIGUOUS	yes
	BUCKET_SIZE		13
	EXTENSION		13

AREA 2
	ALLOCATION		5556
	BEST_TRY_CONTIGUOUS	yes
	BUCKET_SIZE		4
	EXTENSION		1392

AREA 3
	ALLOCATION		104
	BEST_TRY_CONTIGUOUS	yes
	BUCKET_SIZE		4
	EXTENSION		28

KEY 0
	CHANGES			no
	DATA_AREA		0
	DATA_FILL		100
	DATA_KEY_COMPRESSION	yes
	DATA_RECORD_COMPRESSION	yes
	DUPLICATES		no
	INDEX_AREA		1
	INDEX_COMPRESSION	no
	INDEX_FILL		100
	LEVEL1_INDEX_AREA	1
	PROLOG			3
	SEG0_LENGTH		8
	SEG0_POSITION		0
	TYPE			string

KEY 1
	CHANGES			yes
	DATA_AREA		2
	DATA_FILL		100
	DATA_KEY_COMPRESSION	yes
	DUPLICATES		yes
	INDEX_AREA		3
	INDEX_COMPRESSION	no
	INDEX_FILL		100
	LEVEL1_INDEX_AREA	3
	SEG0_LENGTH		32
	SEG0_POSITION		8
	TYPE			string
%COPY-W-INCOMPAT, SYS$SYSROOT:[SYSMGR.EDF4C]T.TMP;1 (input) and SYS$SYSROOT:[SYSMGR.EDF4C]N03A.FDL;1 (output) have incompatible attr
ibutes
@@ N03 E3.FDL /GRANULARITY=4 00000001
FILE
  CLUSTER_SIZE 1
  ORGANIZATION indexed

ANALYSIS_OF_AREA 0
  RECLAIMED_SPACE 0

ANALYSIS_OF_KEY 0
  DATA_FILL 72
  DATA_KEY_COMPRESSION 49
  DATA_RECORD_COMPRESSION 73
  DATA_RECORD_COUNT 100000
  DATA_SPACE_OCCUPIED 94
  DEPTH 1
  INDEX_COMPRESSION 28
  INDEX_FILL 34
  INDEX_SPACE_OCCUPIED 2
  LEVEL1_RECORD_COUNT 47
  MEAN_DATA_LENGTH 64
  MEAN_INDEX_LENGTH 10
  LONGEST_RECORD_LENGTH 64

ANALYSIS_OF_KEY 1
  DATA_FILL 66
  DATA_KEY_COMPRESSION 56
  DATA_RECORD_COUNT 100000
  DATA_SPACE_OCCUPIED 16
  DEPTH 1
  DUPLICATES_PER_SIDR 9
  INDEX_COMPRESSION 44
  INDEX_FILL 6
  INDEX_SPACE_OCCUPIED 2
  LEVEL1_RECORD_COUNT 8
  MEAN_DATA_LENGTH 106
  MEAN_INDEX_LENGTH 12
@@ N03 output
IDENT	FDL_VERSION 02	" 7-OCT-2026 05:21:06  OpenVMS FDL Editor"

SYSTEM
	SOURCE			"OpenVMS"

FILE
	ORGANIZATION		indexed
	GLBUFF_FLAGS_V83	none

RECORD
	CARRIAGE_CONTROL	carriage_return
	FORMAT			fixed
	SIZE			64

AREA 0
	ALLOCATION		6893
	BEST_TRY_CONTIGUOUS	yes
	BUCKET_SIZE		13
	EXTENSION		1729

AREA 1
	ALLOCATION		13
	BEST_TRY_CONTIGUOUS	yes
	BUCKET_SIZE		13
	EXTENSION		13

AREA 2
	ALLOCATION		4500
	BEST_TRY_CONTIGUOUS	yes
	BUCKET_SIZE		18
	EXTENSION		1134

AREA 3
	ALLOCATION		18
	BEST_TRY_CONTIGUOUS	yes
	BUCKET_SIZE		18
	EXTENSION		18

KEY 0
	CHANGES			no
	DATA_AREA		0
	DATA_FILL		100
	DATA_KEY_COMPRESSION	yes
	DATA_RECORD_COMPRESSION	yes
	DUPLICATES		no
	INDEX_AREA		1
	INDEX_COMPRESSION	no
	INDEX_FILL		100
	LEVEL1_INDEX_AREA	1
	PROLOG			3
	SEG0_LENGTH		8
	SEG0_POSITION		0
	TYPE			string

KEY 1
	CHANGES			yes
	DATA_AREA		2
	DATA_FILL		100
	DATA_KEY_COMPRESSION	yes
	DUPLICATES		yes
	INDEX_AREA		3
	INDEX_COMPRESSION	no
	INDEX_FILL		100
	LEVEL1_INDEX_AREA	3
	SEG0_LENGTH		32
	SEG0_POSITION		8
	TYPE			string
%COPY-W-INCOMPAT, SYS$SYSROOT:[SYSMGR.EDF4C]T.TMP;1 (input) and SYS$SYSROOT:[SYSMGR.EDF4C]N04A.FDL;1 (output) have incompatible attr
ibutes
@@ N04 E4.FDL /GRANULARITY=4 00000001
FILE
  CLUSTER_SIZE 1
  ORGANIZATION indexed

ANALYSIS_OF_AREA 0
  RECLAIMED_SPACE 0

ANALYSIS_OF_KEY 0
  DATA_FILL 72
  DATA_KEY_COMPRESSION 49
  DATA_RECORD_COMPRESSION 73
  DATA_RECORD_COUNT 100000
  DATA_SPACE_OCCUPIED 94
  DEPTH 1
  INDEX_COMPRESSION 28
  INDEX_FILL 34
  INDEX_SPACE_OCCUPIED 2
  LEVEL1_RECORD_COUNT 47
  MEAN_DATA_LENGTH 64
  MEAN_INDEX_LENGTH 10
  LONGEST_RECORD_LENGTH 64

ANALYSIS_OF_KEY 1
  DATA_FILL 66
  DATA_KEY_COMPRESSION 56
  DATA_RECORD_COUNT 100000
  DATA_SPACE_OCCUPIED 16
  DEPTH 1
  DUPLICATES_PER_SIDR 0
  INDEX_COMPRESSION 44
  INDEX_FILL 6
  INDEX_SPACE_OCCUPIED 2
  LEVEL1_RECORD_COUNT 8
  MEAN_DATA_LENGTH 106
  MEAN_INDEX_LENGTH 12
@@ N04 output
IDENT	FDL_VERSION 02	" 7-OCT-2026 05:21:06  OpenVMS FDL Editor"

SYSTEM
	SOURCE			"OpenVMS"

FILE
	ORGANIZATION		indexed
	GLBUFF_FLAGS_V83	none

RECORD
	CARRIAGE_CONTROL	carriage_return
	FORMAT			fixed
	SIZE			64

AREA 0
	ALLOCATION		6893
	BEST_TRY_CONTIGUOUS	yes
	BUCKET_SIZE		13
	EXTENSION		1729

AREA 1
	ALLOCATION		13
	BEST_TRY_CONTIGUOUS	yes
	BUCKET_SIZE		13
	EXTENSION		13

AREA 2
	ALLOCATION		3540
	BEST_TRY_CONTIGUOUS	yes
	BUCKET_SIZE		10
	EXTENSION		890

AREA 3
	ALLOCATION		10
	BEST_TRY_CONTIGUOUS	yes
	BUCKET_SIZE		10
	EXTENSION		10

KEY 0
	CHANGES			no
	DATA_AREA		0
	DATA_FILL		100
	DATA_KEY_COMPRESSION	yes
	DATA_RECORD_COMPRESSION	yes
	DUPLICATES		no
	INDEX_AREA		1
	INDEX_COMPRESSION	no
	INDEX_FILL		100
	LEVEL1_INDEX_AREA	1
	PROLOG			3
	SEG0_LENGTH		8
	SEG0_POSITION		0
	TYPE			string

KEY 1
	CHANGES			no
	DATA_AREA		2
	DATA_FILL		100
	DATA_KEY_COMPRESSION	yes
	DUPLICATES		no
	INDEX_AREA		3
	INDEX_COMPRESSION	no
	INDEX_FILL		100
	LEVEL1_INDEX_AREA	3
	SEG0_LENGTH		10
	SEG0_POSITION		8
	TYPE			string
@@ end
$ 