$ SET DEFAULT SYS$LOGIN
$ CREATE/DIRECTORY [.EDF4A]
$ SET DEFAULT [.EDF4A]
$ CREATE D1.FDL
FILE
  ORGANIZATION indexed
RECORD
  FORMAT fixed
  SIZE 64
KEY 0
  SEG0_LENGTH 8
  SEG0_POSITION 0
  DUPLICATES no
  CHANGES no
*EXIT*
$ CREATE D1A.FDL
FILE
  ALLOCATION 128
  BEST_TRY_CONTIGUOUS no
  BUCKET_SIZE 2
  CLUSTER_SIZE 1
  CONTIGUOUS no
  EXTENSION 0
  ORGANIZATION indexed
RECORD
  BLOCK_SPAN yes
  CARRIAGE_CONTROL carriage_return
  FORMAT fixed
  SIZE 64
AREA 0
  ALLOCATION 128
  BUCKET_SIZE 2
  EXTENSION 0
KEY 0
  CHANGES no
  DATA_KEY_COMPRESSION yes
  DATA_RECORD_COMPRESSION yes
  DATA_AREA 0
  DATA_FILL 100
  DUPLICATES no
  INDEX_AREA 0
  INDEX_COMPRESSION yes
  INDEX_FILL 100
  LEVEL1_INDEX_AREA 0
  NAME ""
  NULL_KEY no
  PROLOG 3
  SEG0_LENGTH 8
  SEG0_POSITION 0
  TYPE string
*EXIT*
$ CREATE D1C3A.FDL
FILE
  ALLOCATION 128
  BEST_TRY_CONTIGUOUS no
  BUCKET_SIZE 2
  CLUSTER_SIZE 3
  CONTIGUOUS no
  EXTENSION 0
  ORGANIZATION indexed
RECORD
  BLOCK_SPAN yes
  CARRIAGE_CONTROL carriage_return
  FORMAT fixed
  SIZE 64
AREA 0
  ALLOCATION 128
  BUCKET_SIZE 2
  EXTENSION 0
KEY 0
  CHANGES no
  DATA_KEY_COMPRESSION yes
  DATA_RECORD_COMPRESSION yes
  DATA_AREA 0
  DATA_FILL 100
  DUPLICATES no
  INDEX_AREA 0
  INDEX_COMPRESSION yes
  INDEX_FILL 100
  LEVEL1_INDEX_AREA 0
  NAME ""
  NULL_KEY no
  PROLOG 3
  SEG0_LENGTH 8
  SEG0_POSITION 0
  TYPE string
*EXIT*
$ CREATE D1C4A.FDL
FILE
  ALLOCATION 128
  BEST_TRY_CONTIGUOUS no
  BUCKET_SIZE 2
  CLUSTER_SIZE 4
  CONTIGUOUS no
  EXTENSION 0
  ORGANIZATION indexed
RECORD
  BLOCK_SPAN yes
  CARRIAGE_CONTROL carriage_return
  FORMAT fixed
  SIZE 64
AREA 0
  ALLOCATION 128
  BUCKET_SIZE 2
  EXTENSION 0
KEY 0
  CHANGES no
  DATA_KEY_COMPRESSION yes
  DATA_RECORD_COMPRESSION yes
  DATA_AREA 0
  DATA_FILL 100
  DUPLICATES no
  INDEX_AREA 0
  INDEX_COMPRESSION yes
  INDEX_FILL 100
  LEVEL1_INDEX_AREA 0
  NAME ""
  NULL_KEY no
  PROLOG 3
  SEG0_LENGTH 8
  SEG0_POSITION 0
  TYPE string
*EXIT*
$ CREATE D1C7A.FDL
FILE
  ALLOCATION 128
  BEST_TRY_CONTIGUOUS no
  BUCKET_SIZE 2
  CLUSTER_SIZE 7
  CONTIGUOUS no
  EXTENSION 0
  ORGANIZATION indexed
RECORD
  BLOCK_SPAN yes
  CARRIAGE_CONTROL carriage_return
  FORMAT fixed
  SIZE 64
AREA 0
  ALLOCATION 128
  BUCKET_SIZE 2
  EXTENSION 0
KEY 0
  CHANGES no
  DATA_KEY_COMPRESSION yes
  DATA_RECORD_COMPRESSION yes
  DATA_AREA 0
  DATA_FILL 100
  DUPLICATES no
  INDEX_AREA 0
  INDEX_COMPRESSION yes
  INDEX_FILL 100
  LEVEL1_INDEX_AREA 0
  NAME ""
  NULL_KEY no
  PROLOG 3
  SEG0_LENGTH 8
  SEG0_POSITION 0
  TYPE string
*EXIT*
$ CREATE D1C16A.FDL
FILE
  ALLOCATION 128
  BEST_TRY_CONTIGUOUS no
  BUCKET_SIZE 2
  CLUSTER_SIZE 16
  CONTIGUOUS no
  EXTENSION 0
  ORGANIZATION indexed
RECORD
  BLOCK_SPAN yes
  CARRIAGE_CONTROL carriage_return
  FORMAT fixed
  SIZE 64
AREA 0
  ALLOCATION 128
  BUCKET_SIZE 2
  EXTENSION 0
KEY 0
  CHANGES no
  DATA_KEY_COMPRESSION yes
  DATA_RECORD_COMPRESSION yes
  DATA_AREA 0
  DATA_FILL 100
  DUPLICATES no
  INDEX_AREA 0
  INDEX_COMPRESSION yes
  INDEX_FILL 100
  LEVEL1_INDEX_AREA 0
  NAME ""
  NULL_KEY no
  PROLOG 3
  SEG0_LENGTH 8
  SEG0_POSITION 0
  TYPE string
*EXIT*
$ CREATE D1MA.FDL
FILE
  CLUSTER_SIZE 1
  ORGANIZATION indexed
*EXIT*
$ CREATE D1MC16A.FDL
FILE
  CLUSTER_SIZE 16
  ORGANIZATION indexed
*EXIT*
$ CREATE RUN.COM
$ SET NOON
$ SET TERMINAL/TAB
$ GOSUB base
$ n0 = 230000
$ CALL case X00 D1A.FDL D1.FDL "" 1
$ GOSUB base
$ n0 = 250000
$ CALL case X01 D1A.FDL D1.FDL "" 1
$ GOSUB base
$ n0 = 260000
$ CALL case X02 D1A.FDL D1.FDL "" 1
$ GOSUB base
$ n0 = 270000
$ CALL case X03 D1A.FDL D1.FDL "" 1
$ GOSUB base
$ n0 = 280000
$ CALL case X04 D1A.FDL D1.FDL "" 1
$ GOSUB base
$ n0 = 1000
$ CALL case Y00 D1C3A.FDL D1.FDL "" 1
$ GOSUB base
$ n0 = 3000
$ CALL case Y01 D1C3A.FDL D1.FDL "" 1
$ GOSUB base
$ n0 = 5000
$ CALL case Y02 D1C3A.FDL D1.FDL "" 1
$ GOSUB base
$ n0 = 1000
$ CALL case Y03 D1C4A.FDL D1.FDL "" 1
$ GOSUB base
$ n0 = 3000
$ CALL case Y04 D1C4A.FDL D1.FDL "" 1
$ GOSUB base
$ n0 = 7000
$ CALL case Y05 D1C4A.FDL D1.FDL "" 1
$ GOSUB base
$ n0 = 30000
$ CALL case Y06 D1C4A.FDL D1.FDL "" 1
$ GOSUB base
$ n0 = 10000
$ CALL case Y07 D1C7A.FDL D1.FDL "" 1
$ GOSUB base
$ n0 = 100000
$ CALL case Y08 D1C7A.FDL D1.FDL "" 1
$ GOSUB base
$ n0 = 50000
$ CALL case Y09 D1C16A.FDL D1.FDL "" 1
$ GOSUB base
$ n0 = 70000
$ CALL case Y10 D1C16A.FDL D1.FDL "" 1
$ GOSUB base
$ n0 = 150000
$ CALL case Y11 D1C16A.FDL D1.FDL "" 1
$ GOSUB base
$ n0 = 200000
$ CALL case Y12 D1C16A.FDL D1.FDL "" 1
$ GOSUB base
$ n0 = 100000
$ CALL case M00 D1MA.FDL D1.FDL "" 1
$ GOSUB base
$ n0 = 100000
$ CALL case M01 D1MC16A.FDL D1.FDL "" 1
$ GOSUB base
$ n0 = 10000
$ CALL case M02 D1MC16A.FDL D1.FDL "" 1
$ WRITE SYS$OUTPUT "@@ end"
$ EXIT
$base:
$ n0 = 1000
$ df0 = 72
$ dkc0 = 49
$ drc0 = 73
$ dso0 = 94
$ dep0 = 1
$ ic0 = 28
$ if0 = 34
$ iso0 = 2
$ l10 = 47
$ mdl0 = 64
$ mil0 = 10
$ lrl0 = 64
$ n1 = 50
$ df1 = 66
$ dkc1 = 56
$ dso1 = 16
$ dep1 = 1
$ dps1 = 19
$ ic1 = 44
$ if1 = 6
$ iso1 = 2
$ l11 = 8
$ mdl1 = 106
$ mil1 = 12
$ n2 = 50
$ df2 = 66
$ dkc2 = 56
$ dso2 = 16
$ dep2 = 1
$ dps2 = 19
$ ic2 = 44
$ if2 = 6
$ iso2 = 2
$ l12 = 8
$ mdl2 = 106
$ mil2 = 12
$ n3 = 50
$ df3 = 66
$ dkc3 = 56
$ dso3 = 16
$ dep3 = 1
$ dps3 = 19
$ ic3 = 44
$ if3 = 6
$ iso3 = 2
$ l13 = 8
$ mdl3 = 106
$ mil3 = 12
$ RETURN
$case: SUBROUTINE
$ SET NOON
$ OPEN/WRITE t T.TMP
$ WRITE t ""
$ WRITE t "ANALYSIS_OF_AREA 0"
$ WRITE t "  RECLAIMED_SPACE 0"
$ CALL aok 0
$ IF P5 .GT. 1 THEN CALL aok 1
$ IF P5 .GT. 2 THEN CALL aok 2
$ IF P5 .GT. 3 THEN CALL aok 3
$ CLOSE t
$ COPY 'P2'+T.TMP 'P1'A.FDL
$ DELETE T.TMP;*
$ EDIT/FDL/NOINTERACTIVE/ANALYSIS='P1'A.FDL/OUTPUT='P1'O.FDL'P4' 'P3'
$ st = $STATUS
$ WRITE SYS$OUTPUT "@@ ", P1, " ", P3, " ", P4, " ", F$FAO("!XL", F$INTEGER(st))
$ TYPE 'P1'A.FDL
$ WRITE SYS$OUTPUT "@@ ", P1, " output"
$ TYPE 'P1'O.FDL
$ ENDSUBROUTINE
$aok: SUBROUTINE
$ WRITE t ""
$ WRITE t "ANALYSIS_OF_KEY ", P1
$ WRITE t "  DATA_FILL ", df'P1'
$ WRITE t "  DATA_KEY_COMPRESSION ", dkc'P1'
$ IF P1 .EQ. 0 THEN WRITE t "  DATA_RECORD_COMPRESSION ", drc0
$ WRITE t "  DATA_RECORD_COUNT ", n'P1'
$ WRITE t "  DATA_SPACE_OCCUPIED ", dso'P1'
$ WRITE t "  DEPTH ", dep'P1'
$ IF P1 .GT. 0 THEN WRITE t "  DUPLICATES_PER_SIDR ", dps'P1'
$ WRITE t "  INDEX_COMPRESSION ", ic'P1'
$ WRITE t "  INDEX_FILL ", if'P1'
$ WRITE t "  INDEX_SPACE_OCCUPIED ", iso'P1'
$ WRITE t "  LEVEL1_RECORD_COUNT ", l1'P1'
$ WRITE t "  MEAN_DATA_LENGTH ", mdl'P1'
$ WRITE t "  MEAN_INDEX_LENGTH ", mil'P1'
$ IF P1 .EQ. 0 THEN WRITE t "  LONGEST_RECORD_LENGTH ", lrl0
$ ENDSUBROUTINE
*EXIT*
$ @RUN
%COPY-W-INCOMPAT, SYS$SYSROOT:[SYSMGR.EDF4A]T.TMP;1 (input) and SYS$SYSROOT:[SYSMGR.EDF4A]X00A.FDL;1 (output) have incompatible attr
ibutes
@@ X00 D1.FDL  00000001
FILE
  ALLOCATION 128
  BEST_TRY_CONTIGUOUS no
  BUCKET_SIZE 2
  CLUSTER_SIZE 1
  CONTIGUOUS no
  EXTENSION 0
  ORGANIZATION indexed
RECORD
  BLOCK_SPAN yes
  CARRIAGE_CONTROL carriage_return
  FORMAT fixed
  SIZE 64
AREA 0
  ALLOCATION 128
  BUCKET_SIZE 2
  EXTENSION 0
KEY 0
  CHANGES no
  DATA_KEY_COMPRESSION yes
  DATA_RECORD_COMPRESSION yes
  DATA_AREA 0
  DATA_FILL 100
  DUPLICATES no
  INDEX_AREA 0
  INDEX_COMPRESSION yes
  INDEX_FILL 100
  LEVEL1_INDEX_AREA 0
  NAME ""
  NULL_KEY no
  PROLOG 3
  SEG0_LENGTH 8
  SEG0_POSITION 0
  TYPE string

ANALYSIS_OF_AREA 0
  RECLAIMED_SPACE 0

ANALYSIS_OF_KEY 0
  DATA_FILL 72
  DATA_KEY_COMPRESSION 49
  DATA_RECORD_COMPRESSION 73
  DATA_RECORD_COUNT 230000
  DATA_SPACE_OCCUPIED 94
  DEPTH 1
  INDEX_COMPRESSION 28
  INDEX_FILL 34
  INDEX_SPACE_OCCUPIED 2
  LEVEL1_RECORD_COUNT 47
  MEAN_DATA_LENGTH 64
  MEAN_INDEX_LENGTH 10
  LONGEST_RECORD_LENGTH 64
@@ X00 output
IDENT	FDL_VERSION 02	" 7-OCT-2026 05:09:56  OpenVMS FDL Editor"

SYSTEM
	SOURCE			"OpenVMS"

FILE
	ORGANIZATION		indexed
	GLBUFF_FLAGS_V83	none

RECORD
	CARRIAGE_CONTROL	carriage_return
	FORMAT			fixed
	SIZE			64

AREA 0
	ALLOCATION		16049
	BEST_TRY_CONTIGUOUS	yes
	BUCKET_SIZE		3
	EXTENSION		4011

AREA 1
	ALLOCATION		132
	BEST_TRY_CONTIGUOUS	yes
	BUCKET_SIZE		3
	EXTENSION		33

KEY 0
	CHANGES			no
	DATA_AREA		0
	DATA_FILL		100
	DATA_KEY_COMPRESSION	yes
	DATA_RECORD_COMPRESSION	yes
	DUPLICATES		no
	INDEX_AREA		1
	INDEX_COMPRESSION	no
	INDEX_FILL		100
	LEVEL1_INDEX_AREA	1
	PROLOG			3
	SEG0_LENGTH		8
	SEG0_POSITION		0
	TYPE			string
%COPY-W-INCOMPAT, SYS$SYSROOT:[SYSMGR.EDF4A]T.TMP;1 (input) and SYS$SYSROOT:[SYSMGR.EDF4A]X01A.FDL;1 (output) have incompatible attr
ibutes
@@ X01 D1.FDL  00000001
FILE
  ALLOCATION 128
  BEST_TRY_CONTIGUOUS no
  BUCKET_SIZE 2
  CLUSTER_SIZE 1
  CONTIGUOUS no
  EXTENSION 0
  ORGANIZATION indexed
RECORD
  BLOCK_SPAN yes
  CARRIAGE_CONTROL carriage_return
  FORMAT fixed
  SIZE 64
AREA 0
  ALLOCATION 128
  BUCKET_SIZE 2
  EXTENSION 0
KEY 0
  CHANGES no
  DATA_KEY_COMPRESSION yes
  DATA_RECORD_COMPRESSION yes
  DATA_AREA 0
  DATA_FILL 100
  DUPLICATES no
  INDEX_AREA 0
  INDEX_COMPRESSION yes
  INDEX_FILL 100
  LEVEL1_INDEX_AREA 0
  NAME ""
  NULL_KEY no
  PROLOG 3
  SEG0_LENGTH 8
  SEG0_POSITION 0
  TYPE string

ANALYSIS_OF_AREA 0
  RECLAIMED_SPACE 0

ANALYSIS_OF_KEY 0
  DATA_FILL 72
  DATA_KEY_COMPRESSION 49
  DATA_RECORD_COMPRESSION 73
  DATA_RECORD_COUNT 250000
  DATA_SPACE_OCCUPIED 94
  DEPTH 1
  INDEX_COMPRESSION 28
  INDEX_FILL 34
  INDEX_SPACE_OCCUPIED 2
  LEVEL1_RECORD_COUNT 47
  MEAN_DATA_LENGTH 64
  MEAN_INDEX_LENGTH 10
  LONGEST_RECORD_LENGTH 64
@@ X01 output
IDENT	FDL_VERSION 02	" 7-OCT-2026 05:09:57  OpenVMS FDL Editor"

SYSTEM
	SOURCE			"OpenVMS"

FILE
	ORGANIZATION		indexed
	GLBUFF_FLAGS_V83	none

RECORD
	CARRIAGE_CONTROL	carriage_return
	FORMAT			fixed
	SIZE			64

AREA 0
	ALLOCATION		17444
	BEST_TRY_CONTIGUOUS	yes
	BUCKET_SIZE		3
	EXTENSION		4362

AREA 1
	ALLOCATION		144
	BEST_TRY_CONTIGUOUS	yes
	BUCKET_SIZE		3
	EXTENSION		36

KEY 0
	CHANGES			no
	DATA_AREA		0
	DATA_FILL		100
	DATA_KEY_COMPRESSION	yes
	DATA_RECORD_COMPRESSION	yes
	DUPLICATES		no
	INDEX_AREA		1
	INDEX_COMPRESSION	no
	INDEX_FILL		100
	LEVEL1_INDEX_AREA	1
	PROLOG			3
	SEG0_LENGTH		8
	SEG0_POSITION		0
	TYPE			string
%COPY-W-INCOMPAT, SYS$SYSROOT:[SYSMGR.EDF4A]T.TMP;1 (input) and SYS$SYSROOT:[SYSMGR.EDF4A]X02A.FDL;1 (output) have incompatible attr
ibutes
@@ X02 D1.FDL  00000001
FILE
  ALLOCATION 128
  BEST_TRY_CONTIGUOUS no
  BUCKET_SIZE 2
  CLUSTER_SIZE 1
  CONTIGUOUS no
  EXTENSION 0
  ORGANIZATION indexed
RECORD
  BLOCK_SPAN yes
  CARRIAGE_CONTROL carriage_return
  FORMAT fixed
  SIZE 64
AREA 0
  ALLOCATION 128
  BUCKET_SIZE 2
  EXTENSION 0
KEY 0
  CHANGES no
  DATA_KEY_COMPRESSION yes
  DATA_RECORD_COMPRESSION yes
  DATA_AREA 0
  DATA_FILL 100
  DUPLICATES no
  INDEX_AREA 0
  INDEX_COMPRESSION yes
  INDEX_FILL 100
  LEVEL1_INDEX_AREA 0
  NAME ""
  NULL_KEY no
  PROLOG 3
  SEG0_LENGTH 8
  SEG0_POSITION 0
  TYPE string

ANALYSIS_OF_AREA 0
  RECLAIMED_SPACE 0

ANALYSIS_OF_KEY 0
  DATA_FILL 72
  DATA_KEY_COMPRESSION 49
  DATA_RECORD_COMPRESSION 73
  DATA_RECORD_COUNT 260000
  DATA_SPACE_OCCUPIED 94
  DEPTH 1
  INDEX_COMPRESSION 28
  INDEX_FILL 34
  INDEX_SPACE_OCCUPIED 2
  LEVEL1_RECORD_COUNT 47
  MEAN_DATA_LENGTH 64
  MEAN_INDEX_LENGTH 10
  LONGEST_RECORD_LENGTH 64
@@ X02 output
IDENT	FDL_VERSION 02	" 7-OCT-2026 05:09:57  OpenVMS FDL Editor"

SYSTEM
	SOURCE			"OpenVMS"

FILE
	ORGANIZATION		indexed
	GLBUFF_FLAGS_V83	none

RECORD
	CARRIAGE_CONTROL	carriage_return
	FORMAT			fixed
	SIZE			64

AREA 0
	ALLOCATION		18143
	BEST_TRY_CONTIGUOUS	yes
	BUCKET_SIZE		3
	EXTENSION		4536

AREA 1
	ALLOCATION		147
	BEST_TRY_CONTIGUOUS	yes
	BUCKET_SIZE		3
	EXTENSION		36

KEY 0
	CHANGES			no
	DATA_AREA		0
	DATA_FILL		100
	DATA_KEY_COMPRESSION	yes
	DATA_RECORD_COMPRESSION	yes
	DUPLICATES		no
	INDEX_AREA		1
	INDEX_COMPRESSION	no
	INDEX_FILL		100
	LEVEL1_INDEX_AREA	1
	PROLOG			3
	SEG0_LENGTH		8
	SEG0_POSITION		0
	TYPE			string
%COPY-W-INCOMPAT, SYS$SYSROOT:[SYSMGR.EDF4A]T.TMP;1 (input) and SYS$SYSROOT:[SYSMGR.EDF4A]X03A.FDL;1 (output) have incompatible attr
ibutes
@@ X03 D1.FDL  00000001
FILE
  ALLOCATION 128
  BEST_TRY_CONTIGUOUS no
  BUCKET_SIZE 2
  CLUSTER_SIZE 1
  CONTIGUOUS no
  EXTENSION 0
  ORGANIZATION indexed
RECORD
  BLOCK_SPAN yes
  CARRIAGE_CONTROL carriage_return
  FORMAT fixed
  SIZE 64
AREA 0
  ALLOCATION 128
  BUCKET_SIZE 2
  EXTENSION 0
KEY 0
  CHANGES no
  DATA_KEY_COMPRESSION yes
  DATA_RECORD_COMPRESSION yes
  DATA_AREA 0
  DATA_FILL 100
  DUPLICATES no
  INDEX_AREA 0
  INDEX_COMPRESSION yes
  INDEX_FILL 100
  LEVEL1_INDEX_AREA 0
  NAME ""
  NULL_KEY no
  PROLOG 3
  SEG0_LENGTH 8
  SEG0_POSITION 0
  TYPE string

ANALYSIS_OF_AREA 0
  RECLAIMED_SPACE 0

ANALYSIS_OF_KEY 0
  DATA_FILL 72
  DATA_KEY_COMPRESSION 49
  DATA_RECORD_COMPRESSION 73
  DATA_RECORD_COUNT 270000
  DATA_SPACE_OCCUPIED 94
  DEPTH 1
  INDEX_COMPRESSION 28
  INDEX_FILL 34
  INDEX_SPACE_OCCUPIED 2
  LEVEL1_RECORD_COUNT 47
  MEAN_DATA_LENGTH 64
  MEAN_INDEX_LENGTH 10
  LONGEST_RECORD_LENGTH 64
@@ X03 output
IDENT	FDL_VERSION 02	" 7-OCT-2026 05:09:57  OpenVMS FDL Editor"

SYSTEM
	SOURCE			"OpenVMS"

FILE
	ORGANIZATION		indexed
	GLBUFF_FLAGS_V83	none

RECORD
	CARRIAGE_CONTROL	carriage_return
	FORMAT			fixed
	SIZE			64

AREA 0
	ALLOCATION		18842
	BEST_TRY_CONTIGUOUS	yes
	BUCKET_SIZE		3
	EXTENSION		4710

AREA 1
	ALLOCATION		153
	BEST_TRY_CONTIGUOUS	yes
	BUCKET_SIZE		3
	EXTENSION		39

KEY 0
	CHANGES			no
	DATA_AREA		0
	DATA_FILL		100
	DATA_KEY_COMPRESSION	yes
	DATA_RECORD_COMPRESSION	yes
	DUPLICATES		no
	INDEX_AREA		1
	INDEX_COMPRESSION	no
	INDEX_FILL		100
	LEVEL1_INDEX_AREA	1
	PROLOG			3
	SEG0_LENGTH		8
	SEG0_POSITION		0
	TYPE			string
%COPY-W-INCOMPAT, SYS$SYSROOT:[SYSMGR.EDF4A]T.TMP;1 (input) and SYS$SYSROOT:[SYSMGR.EDF4A]X04A.FDL;1 (output) have incompatible attr
ibutes
@@ X04 D1.FDL  00000001
FILE
  ALLOCATION 128
  BEST_TRY_CONTIGUOUS no
  BUCKET_SIZE 2
  CLUSTER_SIZE 1
  CONTIGUOUS no
  EXTENSION 0
  ORGANIZATION indexed
RECORD
  BLOCK_SPAN yes
  CARRIAGE_CONTROL carriage_return
  FORMAT fixed
  SIZE 64
AREA 0
  ALLOCATION 128
  BUCKET_SIZE 2
  EXTENSION 0
KEY 0
  CHANGES no
  DATA_KEY_COMPRESSION yes
  DATA_RECORD_COMPRESSION yes
  DATA_AREA 0
  DATA_FILL 100
  DUPLICATES no
  INDEX_AREA 0
  INDEX_COMPRESSION yes
  INDEX_FILL 100
  LEVEL1_INDEX_AREA 0
  NAME ""
  NULL_KEY no
  PROLOG 3
  SEG0_LENGTH 8
  SEG0_POSITION 0
  TYPE string

ANALYSIS_OF_AREA 0
  RECLAIMED_SPACE 0

ANALYSIS_OF_KEY 0
  DATA_FILL 72
  DATA_KEY_COMPRESSION 49
  DATA_RECORD_COMPRESSION 73
  DATA_RECORD_COUNT 280000
  DATA_SPACE_OCCUPIED 94
  DEPTH 1
  INDEX_COMPRESSION 28
  INDEX_FILL 34
  INDEX_SPACE_OCCUPIED 2
  LEVEL1_RECORD_COUNT 47
  MEAN_DATA_LENGTH 64
  MEAN_INDEX_LENGTH 10
  LONGEST_RECORD_LENGTH 64
@@ X04 output
IDENT	FDL_VERSION 02	" 7-OCT-2026 05:09:57  OpenVMS FDL Editor"

SYSTEM
	SOURCE			"OpenVMS"

FILE
	ORGANIZATION		indexed
	GLBUFF_FLAGS_V83	none

RECORD
	CARRIAGE_CONTROL	carriage_return
	FORMAT			fixed
	SIZE			64

AREA 0
	ALLOCATION		19538
	BEST_TRY_CONTIGUOUS	yes
	BUCKET_SIZE		3
	EXTENSION		4884

AREA 1
	ALLOCATION		159
	BEST_TRY_CONTIGUOUS	yes
	BUCKET_SIZE		3
	EXTENSION		39

KEY 0
	CHANGES			no
	DATA_AREA		0
	DATA_FILL		100
	DATA_KEY_COMPRESSION	yes
	DATA_RECORD_COMPRESSION	yes
	DUPLICATES		no
	INDEX_AREA		1
	INDEX_COMPRESSION	no
	INDEX_FILL		100
	LEVEL1_INDEX_AREA	1
	PROLOG			3
	SEG0_LENGTH		8
	SEG0_POSITION		0
	TYPE			string
%COPY-W-INCOMPAT, SYS$SYSROOT:[SYSMGR.EDF4A]T.TMP;1 (input) and SYS$SYSROOT:[SYSMGR.EDF4A]Y00A.FDL;1 (output) have incompatible attr
ibutes
@@ Y00 D1.FDL  00000001
FILE
  ALLOCATION 128
  BEST_TRY_CONTIGUOUS no
  BUCKET_SIZE 2
  CLUSTER_SIZE 3
  CONTIGUOUS no
  EXTENSION 0
  ORGANIZATION indexed
RECORD
  BLOCK_SPAN yes
  CARRIAGE_CONTROL carriage_return
  FORMAT fixed
  SIZE 64
AREA 0
  ALLOCATION 128
  BUCKET_SIZE 2
  EXTENSION 0
KEY 0
  CHANGES no
  DATA_KEY_COMPRESSION yes
  DATA_RECORD_COMPRESSION yes
  DATA_AREA 0
  DATA_FILL 100
  DUPLICATES no
  INDEX_AREA 0
  INDEX_COMPRESSION yes
  INDEX_FILL 100
  LEVEL1_INDEX_AREA 0
  NAME ""
  NULL_KEY no
  PROLOG 3
  SEG0_LENGTH 8
  SEG0_POSITION 0
  TYPE string

ANALYSIS_OF_AREA 0
  RECLAIMED_SPACE 0

ANALYSIS_OF_KEY 0
  DATA_FILL 72
  DATA_KEY_COMPRESSION 49
  DATA_RECORD_COMPRESSION 73
  DATA_RECORD_COUNT 1000
  DATA_SPACE_OCCUPIED 94
  DEPTH 1
  INDEX_COMPRESSION 28
  INDEX_FILL 34
  INDEX_SPACE_OCCUPIED 2
  LEVEL1_RECORD_COUNT 47
  MEAN_DATA_LENGTH 64
  MEAN_INDEX_LENGTH 10
  LONGEST_RECORD_LENGTH 64
@@ Y00 output
IDENT	FDL_VERSION 02	" 7-OCT-2026 05:09:58  OpenVMS FDL Editor"

SYSTEM
	SOURCE			"OpenVMS"

FILE
	ORGANIZATION		indexed
	GLBUFF_FLAGS_V83	none

RECORD
	CARRIAGE_CONTROL	carriage_return
	FORMAT			fixed
	SIZE			64

AREA 0
	ALLOCATION		75
	BEST_TRY_CONTIGUOUS	yes
	BUCKET_SIZE		3
	EXTENSION		18

AREA 1
	ALLOCATION		3
	BEST_TRY_CONTIGUOUS	yes
	BUCKET_SIZE		3
	EXTENSION		3

KEY 0
	CHANGES			no
	DATA_AREA		0
	DATA_FILL		100
	DATA_KEY_COMPRESSION	yes
	DATA_RECORD_COMPRESSION	yes
	DUPLICATES		no
	INDEX_AREA		1
	INDEX_COMPRESSION	no
	INDEX_FILL		100
	LEVEL1_INDEX_AREA	1
	PROLOG			3
	SEG0_LENGTH		8
	SEG0_POSITION		0
	TYPE			string
%COPY-W-INCOMPAT, SYS$SYSROOT:[SYSMGR.EDF4A]T.TMP;1 (input) and SYS$SYSROOT:[SYSMGR.EDF4A]Y01A.FDL;1 (output) have incompatible attr
ibutes
@@ Y01 D1.FDL  00000001
FILE
  ALLOCATION 128
  BEST_TRY_CONTIGUOUS no
  BUCKET_SIZE 2
  CLUSTER_SIZE 3
  CONTIGUOUS no
  EXTENSION 0
  ORGANIZATION indexed
RECORD
  BLOCK_SPAN yes
  CARRIAGE_CONTROL carriage_return
  FORMAT fixed
  SIZE 64
AREA 0
  ALLOCATION 128
  BUCKET_SIZE 2
  EXTENSION 0
KEY 0
  CHANGES no
  DATA_KEY_COMPRESSION yes
  DATA_RECORD_COMPRESSION yes
  DATA_AREA 0
  DATA_FILL 100
  DUPLICATES no
  INDEX_AREA 0
  INDEX_COMPRESSION yes
  INDEX_FILL 100
  LEVEL1_INDEX_AREA 0
  NAME ""
  NULL_KEY no
  PROLOG 3
  SEG0_LENGTH 8
  SEG0_POSITION 0
  TYPE string

ANALYSIS_OF_AREA 0
  RECLAIMED_SPACE 0

ANALYSIS_OF_KEY 0
  DATA_FILL 72
  DATA_KEY_COMPRESSION 49
  DATA_RECORD_COMPRESSION 73
  DATA_RECORD_COUNT 3000
  DATA_SPACE_OCCUPIED 94
  DEPTH 1
  INDEX_COMPRESSION 28
  INDEX_FILL 34
  INDEX_SPACE_OCCUPIED 2
  LEVEL1_RECORD_COUNT 47
  MEAN_DATA_LENGTH 64
  MEAN_INDEX_LENGTH 10
  LONGEST_RECORD_LENGTH 64
@@ Y01 output
IDENT	FDL_VERSION 02	" 7-OCT-2026 05:09:58  OpenVMS FDL Editor"

SYSTEM
	SOURCE			"OpenVMS"

FILE
	ORGANIZATION		indexed
	GLBUFF_FLAGS_V83	none

RECORD
	CARRIAGE_CONTROL	carriage_return
	FORMAT			fixed
	SIZE			64

AREA 0
	ALLOCATION		213
	BEST_TRY_CONTIGUOUS	yes
	BUCKET_SIZE		3
	EXTENSION		54

AREA 1
	ALLOCATION		3
	BEST_TRY_CONTIGUOUS	yes
	BUCKET_SIZE		3
	EXTENSION		3

KEY 0
	CHANGES			no
	DATA_AREA		0
	DATA_FILL		100
	DATA_KEY_COMPRESSION	yes
	DATA_RECORD_COMPRESSION	yes
	DUPLICATES		no
	INDEX_AREA		1
	INDEX_COMPRESSION	no
	INDEX_FILL		100
	LEVEL1_INDEX_AREA	1
	PROLOG			3
	SEG0_LENGTH		8
	SEG0_POSITION		0
	TYPE			string
%COPY-W-INCOMPAT, SYS$SYSROOT:[SYSMGR.EDF4A]T.TMP;1 (input) and SYS$SYSROOT:[SYSMGR.EDF4A]Y02A.FDL;1 (output) have incompatible attr
ibutes
@@ Y02 D1.FDL  00000001
FILE
  ALLOCATION 128
  BEST_TRY_CONTIGUOUS no
  BUCKET_SIZE 2
  CLUSTER_SIZE 3
  CONTIGUOUS no
  EXTENSION 0
  ORGANIZATION indexed
RECORD
  BLOCK_SPAN yes
  CARRIAGE_CONTROL carriage_return
  FORMAT fixed
  SIZE 64
AREA 0
  ALLOCATION 128
  BUCKET_SIZE 2
  EXTENSION 0
KEY 0
  CHANGES no
  DATA_KEY_COMPRESSION yes
  DATA_RECORD_COMPRESSION yes
  DATA_AREA 0
  DATA_FILL 100
  DUPLICATES no
  INDEX_AREA 0
  INDEX_COMPRESSION yes
  INDEX_FILL 100
  LEVEL1_INDEX_AREA 0
  NAME ""
  NULL_KEY no
  PROLOG 3
  SEG0_LENGTH 8
  SEG0_POSITION 0
  TYPE string

ANALYSIS_OF_AREA 0
  RECLAIMED_SPACE 0

ANALYSIS_OF_KEY 0
  DATA_FILL 72
  DATA_KEY_COMPRESSION 49
  DATA_RECORD_COMPRESSION 73
  DATA_RECORD_COUNT 5000
  DATA_SPACE_OCCUPIED 94
  DEPTH 1
  INDEX_COMPRESSION 28
  INDEX_FILL 34
  INDEX_SPACE_OCCUPIED 2
  LEVEL1_RECORD_COUNT 47
  MEAN_DATA_LENGTH 64
  MEAN_INDEX_LENGTH 10
  LONGEST_RECORD_LENGTH 64
@@ Y02 output
IDENT	FDL_VERSION 02	" 7-OCT-2026 05:09:58  OpenVMS FDL Editor"

SYSTEM
	SOURCE			"OpenVMS"

FILE
	ORGANIZATION		indexed
	GLBUFF_FLAGS_V83	none

RECORD
	CARRIAGE_CONTROL	carriage_return
	FORMAT			fixed
	SIZE			64

AREA 0
	ALLOCATION		354
	BEST_TRY_CONTIGUOUS	yes
	BUCKET_SIZE		3
	EXTENSION		87

AREA 1
	ALLOCATION		3
	BEST_TRY_CONTIGUOUS	yes
	BUCKET_SIZE		3
	EXTENSION		3

KEY 0
	CHANGES			no
	DATA_AREA		0
	DATA_FILL		100
	DATA_KEY_COMPRESSION	yes
	DATA_RECORD_COMPRESSION	yes
	DUPLICATES		no
	INDEX_AREA		1
	INDEX_COMPRESSION	no
	INDEX_FILL		100
	LEVEL1_INDEX_AREA	1
	PROLOG			3
	SEG0_LENGTH		8
	SEG0_POSITION		0
	TYPE			string
%COPY-W-INCOMPAT, SYS$SYSROOT:[SYSMGR.EDF4A]T.TMP;1 (input) and SYS$SYSROOT:[SYSMGR.EDF4A]Y03A.FDL;1 (output) have incompatible attr
ibutes
@@ Y03 D1.FDL  00000001
FILE
  ALLOCATION 128
  BEST_TRY_CONTIGUOUS no
  BUCKET_SIZE 2
  CLUSTER_SIZE 4
  CONTIGUOUS no
  EXTENSION 0
  ORGANIZATION indexed
RECORD
  BLOCK_SPAN yes
  CARRIAGE_CONTROL carriage_return
  FORMAT fixed
  SIZE 64
AREA 0
  ALLOCATION 128
  BUCKET_SIZE 2
  EXTENSION 0
KEY 0
  CHANGES no
  DATA_KEY_COMPRESSION yes
  DATA_RECORD_COMPRESSION yes
  DATA_AREA 0
  DATA_FILL 100
  DUPLICATES no
  INDEX_AREA 0
  INDEX_COMPRESSION yes
  INDEX_FILL 100
  LEVEL1_INDEX_AREA 0
  NAME ""
  NULL_KEY no
  PROLOG 3
  SEG0_LENGTH 8
  SEG0_POSITION 0
  TYPE string

ANALYSIS_OF_AREA 0
  RECLAIMED_SPACE 0

ANALYSIS_OF_KEY 0
  DATA_FILL 72
  DATA_KEY_COMPRESSION 49
  DATA_RECORD_COMPRESSION 73
  DATA_RECORD_COUNT 1000
  DATA_SPACE_OCCUPIED 94
  DEPTH 1
  INDEX_COMPRESSION 28
  INDEX_FILL 34
  INDEX_SPACE_OCCUPIED 2
  LEVEL1_RECORD_COUNT 47
  MEAN_DATA_LENGTH 64
  MEAN_INDEX_LENGTH 10
  LONGEST_RECORD_LENGTH 64
@@ Y03 output
IDENT	FDL_VERSION 02	" 7-OCT-2026 05:09:58  OpenVMS FDL Editor"

SYSTEM
	SOURCE			"OpenVMS"

FILE
	ORGANIZATION		indexed
	GLBUFF_FLAGS_V83	none

RECORD
	CARRIAGE_CONTROL	carriage_return
	FORMAT			fixed
	SIZE			64

AREA 0
	ALLOCATION		76
	BEST_TRY_CONTIGUOUS	yes
	BUCKET_SIZE		2
	EXTENSION		20

AREA 1
	ALLOCATION		4
	BEST_TRY_CONTIGUOUS	yes
	BUCKET_SIZE		2
	EXTENSION		4

KEY 0
	CHANGES			no
	DATA_AREA		0
	DATA_FILL		100
	DATA_KEY_COMPRESSION	yes
	DATA_RECORD_COMPRESSION	yes
	DUPLICATES		no
	INDEX_AREA		1
	INDEX_COMPRESSION	no
	INDEX_FILL		100
	LEVEL1_INDEX_AREA	1
	PROLOG			3
	SEG0_LENGTH		8
	SEG0_POSITION		0
	TYPE			string
%COPY-W-INCOMPAT, SYS$SYSROOT:[SYSMGR.EDF4A]T.TMP;1 (input) and SYS$SYSROOT:[SYSMGR.EDF4A]Y04A.FDL;1 (output) have incompatible attr
ibutes
@@ Y04 D1.FDL  00000001
FILE
  ALLOCATION 128
  BEST_TRY_CONTIGUOUS no
  BUCKET_SIZE 2
  CLUSTER_SIZE 4
  CONTIGUOUS no
  EXTENSION 0
  ORGANIZATION indexed
RECORD
  BLOCK_SPAN yes
  CARRIAGE_CONTROL carriage_return
  FORMAT fixed
  SIZE 64
AREA 0
  ALLOCATION 128
  BUCKET_SIZE 2
  EXTENSION 0
KEY 0
  CHANGES no
  DATA_KEY_COMPRESSION yes
  DATA_RECORD_COMPRESSION yes
  DATA_AREA 0
  DATA_FILL 100
  DUPLICATES no
  INDEX_AREA 0
  INDEX_COMPRESSION yes
  INDEX_FILL 100
  LEVEL1_INDEX_AREA 0
  NAME ""
  NULL_KEY no
  PROLOG 3
  SEG0_LENGTH 8
  SEG0_POSITION 0
  TYPE string

ANALYSIS_OF_AREA 0
  RECLAIMED_SPACE 0

ANALYSIS_OF_KEY 0
  DATA_FILL 72
  DATA_KEY_COMPRESSION 49
  DATA_RECORD_COMPRESSION 73
  DATA_RECORD_COUNT 3000
  DATA_SPACE_OCCUPIED 94
  DEPTH 1
  INDEX_COMPRESSION 28
  INDEX_FILL 34
  INDEX_SPACE_OCCUPIED 2
  LEVEL1_RECORD_COUNT 47
  MEAN_DATA_LENGTH 64
  MEAN_INDEX_LENGTH 10
  LONGEST_RECORD_LENGTH 64
@@ Y04 output
IDENT	FDL_VERSION 02	" 7-OCT-2026 05:09:59  OpenVMS FDL Editor"

SYSTEM
	SOURCE			"OpenVMS"

FILE
	ORGANIZATION		indexed
	GLBUFF_FLAGS_V83	none

RECORD
	CARRIAGE_CONTROL	carriage_return
	FORMAT			fixed
	SIZE			64

AREA 0
	ALLOCATION		212
	BEST_TRY_CONTIGUOUS	yes
	BUCKET_SIZE		4
	EXTENSION		52

AREA 1
	ALLOCATION		4
	BEST_TRY_CONTIGUOUS	yes
	BUCKET_SIZE		4
	EXTENSION		4

KEY 0
	CHANGES			no
	DATA_AREA		0
	DATA_FILL		100
	DATA_KEY_COMPRESSION	yes
	DATA_RECORD_COMPRESSION	yes
	DUPLICATES		no
	INDEX_AREA		1
	INDEX_COMPRESSION	no
	INDEX_FILL		100
	LEVEL1_INDEX_AREA	1
	PROLOG			3
	SEG0_LENGTH		8
	SEG0_POSITION		0
	TYPE			string
%COPY-W-INCOMPAT, SYS$SYSROOT:[SYSMGR.EDF4A]T.TMP;1 (input) and SYS$SYSROOT:[SYSMGR.EDF4A]Y05A.FDL;1 (output) have incompatible attr
ibutes
@@ Y05 D1.FDL  00000001
FILE
  ALLOCATION 128
  BEST_TRY_CONTIGUOUS no
  BUCKET_SIZE 2
  CLUSTER_SIZE 4
  CONTIGUOUS no
  EXTENSION 0
  ORGANIZATION indexed
RECORD
  BLOCK_SPAN yes
  CARRIAGE_CONTROL carriage_return
  FORMAT fixed
  SIZE 64
AREA 0
  ALLOCATION 128
  BUCKET_SIZE 2
  EXTENSION 0
KEY 0
  CHANGES no
  DATA_KEY_COMPRESSION yes
  DATA_RECORD_COMPRESSION yes
  DATA_AREA 0
  DATA_FILL 100
  DUPLICATES no
  INDEX_AREA 0
  INDEX_COMPRESSION yes
  INDEX_FILL 100
  LEVEL1_INDEX_AREA 0
  NAME ""
  NULL_KEY no
  PROLOG 3
  SEG0_LENGTH 8
  SEG0_POSITION 0
  TYPE string

ANALYSIS_OF_AREA 0
  RECLAIMED_SPACE 0

ANALYSIS_OF_KEY 0
  DATA_FILL 72
  DATA_KEY_COMPRESSION 49
  DATA_RECORD_COMPRESSION 73
  DATA_RECORD_COUNT 7000
  DATA_SPACE_OCCUPIED 94
  DEPTH 1
  INDEX_COMPRESSION 28
  INDEX_FILL 34
  INDEX_SPACE_OCCUPIED 2
  LEVEL1_RECORD_COUNT 47
  MEAN_DATA_LENGTH 64
  MEAN_INDEX_LENGTH 10
  LONGEST_RECORD_LENGTH 64
@@ Y05 output
IDENT	FDL_VERSION 02	" 7-OCT-2026 05:09:59  OpenVMS FDL Editor"

SYSTEM
	SOURCE			"OpenVMS"

FILE
	ORGANIZATION		indexed
	GLBUFF_FLAGS_V83	none

RECORD
	CARRIAGE_CONTROL	carriage_return
	FORMAT			fixed
	SIZE			64

AREA 0
	ALLOCATION		488
	BEST_TRY_CONTIGUOUS	yes
	BUCKET_SIZE		4
	EXTENSION		124

AREA 1
	ALLOCATION		4
	BEST_TRY_CONTIGUOUS	yes
	BUCKET_SIZE		4
	EXTENSION		4

KEY 0
	CHANGES			no
	DATA_AREA		0
	DATA_FILL		100
	DATA_KEY_COMPRESSION	yes
	DATA_RECORD_COMPRESSION	yes
	DUPLICATES		no
	INDEX_AREA		1
	INDEX_COMPRESSION	no
	INDEX_FILL		100
	LEVEL1_INDEX_AREA	1
	PROLOG			3
	SEG0_LENGTH		8
	SEG0_POSITION		0
	TYPE			string
%COPY-W-INCOMPAT, SYS$SYSROOT:[SYSMGR.EDF4A]T.TMP;1 (input) and SYS$SYSROOT:[SYSMGR.EDF4A]Y06A.FDL;1 (output) have incompatible attr
ibutes
@@ Y06 D1.FDL  00000001
FILE
  ALLOCATION 128
  BEST_TRY_CONTIGUOUS no
  BUCKET_SIZE 2
  CLUSTER_SIZE 4
  CONTIGUOUS no
  EXTENSION 0
  ORGANIZATION indexed
RECORD
  BLOCK_SPAN yes
  CARRIAGE_CONTROL carriage_return
  FORMAT fixed
  SIZE 64
AREA 0
  ALLOCATION 128
  BUCKET_SIZE 2
  EXTENSION 0
KEY 0
  CHANGES no
  DATA_KEY_COMPRESSION yes
  DATA_RECORD_COMPRESSION yes
  DATA_AREA 0
  DATA_FILL 100
  DUPLICATES no
  INDEX_AREA 0
  INDEX_COMPRESSION yes
  INDEX_FILL 100
  LEVEL1_INDEX_AREA 0
  NAME ""
  NULL_KEY no
  PROLOG 3
  SEG0_LENGTH 8
  SEG0_POSITION 0
  TYPE string

ANALYSIS_OF_AREA 0
  RECLAIMED_SPACE 0

ANALYSIS_OF_KEY 0
  DATA_FILL 72
  DATA_KEY_COMPRESSION 49
  DATA_RECORD_COMPRESSION 73
  DATA_RECORD_COUNT 30000
  DATA_SPACE_OCCUPIED 94
  DEPTH 1
  INDEX_COMPRESSION 28
  INDEX_FILL 34
  INDEX_SPACE_OCCUPIED 2
  LEVEL1_RECORD_COUNT 47
  MEAN_DATA_LENGTH 64
  MEAN_INDEX_LENGTH 10
  LONGEST_RECORD_LENGTH 64
@@ Y06 output
IDENT	FDL_VERSION 02	" 7-OCT-2026 05:09:59  OpenVMS FDL Editor"

SYSTEM
	SOURCE			"OpenVMS"

FILE
	ORGANIZATION		indexed
	GLBUFF_FLAGS_V83	none

RECORD
	CARRIAGE_CONTROL	carriage_return
	FORMAT			fixed
	SIZE			64

AREA 0
	ALLOCATION		2076
	BEST_TRY_CONTIGUOUS	yes
	BUCKET_SIZE		8
	EXTENSION		520

AREA 1
	ALLOCATION		8
	BEST_TRY_CONTIGUOUS	yes
	BUCKET_SIZE		8
	EXTENSION		8

KEY 0
	CHANGES			no
	DATA_AREA		0
	DATA_FILL		100
	DATA_KEY_COMPRESSION	yes
	DATA_RECORD_COMPRESSION	yes
	DUPLICATES		no
	INDEX_AREA		1
	INDEX_COMPRESSION	no
	INDEX_FILL		100
	LEVEL1_INDEX_AREA	1
	PROLOG			3
	SEG0_LENGTH		8
	SEG0_POSITION		0
	TYPE			string
%COPY-W-INCOMPAT, SYS$SYSROOT:[SYSMGR.EDF4A]T.TMP;1 (input) and SYS$SYSROOT:[SYSMGR.EDF4A]Y07A.FDL;1 (output) have incompatible attr
ibutes
@@ Y07 D1.FDL  00000001
FILE
  ALLOCATION 128
  BEST_TRY_CONTIGUOUS no
  BUCKET_SIZE 2
  CLUSTER_SIZE 7
  CONTIGUOUS no
  EXTENSION 0
  ORGANIZATION indexed
RECORD
  BLOCK_SPAN yes
  CARRIAGE_CONTROL carriage_return
  FORMAT fixed
  SIZE 64
AREA 0
  ALLOCATION 128
  BUCKET_SIZE 2
  EXTENSION 0
KEY 0
  CHANGES no
  DATA_KEY_COMPRESSION yes
  DATA_RECORD_COMPRESSION yes
  DATA_AREA 0
  DATA_FILL 100
  DUPLICATES no
  INDEX_AREA 0
  INDEX_COMPRESSION yes
  INDEX_FILL 100
  LEVEL1_INDEX_AREA 0
  NAME ""
  NULL_KEY no
  PROLOG 3
  SEG0_LENGTH 8
  SEG0_POSITION 0
  TYPE string

ANALYSIS_OF_AREA 0
  RECLAIMED_SPACE 0

ANALYSIS_OF_KEY 0
  DATA_FILL 72
  DATA_KEY_COMPRESSION 49
  DATA_RECORD_COMPRESSION 73
  DATA_RECORD_COUNT 10000
  DATA_SPACE_OCCUPIED 94
  DEPTH 1
  INDEX_COMPRESSION 28
  INDEX_FILL 34
  INDEX_SPACE_OCCUPIED 2
  LEVEL1_RECORD_COUNT 47
  MEAN_DATA_LENGTH 64
  MEAN_INDEX_LENGTH 10
  LONGEST_RECORD_LENGTH 64
@@ Y07 output
IDENT	FDL_VERSION 02	" 7-OCT-2026 05:09:59  OpenVMS FDL Editor"

SYSTEM
	SOURCE			"OpenVMS"

FILE
	ORGANIZATION		indexed
	GLBUFF_FLAGS_V83	none

RECORD
	CARRIAGE_CONTROL	carriage_return
	FORMAT			fixed
	SIZE			64

AREA 0
	ALLOCATION		707
	BEST_TRY_CONTIGUOUS	yes
	BUCKET_SIZE		7
	EXTENSION		175

AREA 1
	ALLOCATION		7
	BEST_TRY_CONTIGUOUS	yes
	BUCKET_SIZE		7
	EXTENSION		7

KEY 0
	CHANGES			no
	DATA_AREA		0
	DATA_FILL		100
	DATA_KEY_COMPRESSION	yes
	DATA_RECORD_COMPRESSION	yes
	DUPLICATES		no
	INDEX_AREA		1
	INDEX_COMPRESSION	no
	INDEX_FILL		100
	LEVEL1_INDEX_AREA	1
	PROLOG			3
	SEG0_LENGTH		8
	SEG0_POSITION		0
	TYPE			string
%COPY-W-INCOMPAT, SYS$SYSROOT:[SYSMGR.EDF4A]T.TMP;1 (input) and SYS$SYSROOT:[SYSMGR.EDF4A]Y08A.FDL;1 (output) have incompatible attr
ibutes
@@ Y08 D1.FDL  00000001
FILE
  ALLOCATION 128
  BEST_TRY_CONTIGUOUS no
  BUCKET_SIZE 2
  CLUSTER_SIZE 7
  CONTIGUOUS no
  EXTENSION 0
  ORGANIZATION indexed
RECORD
  BLOCK_SPAN yes
  CARRIAGE_CONTROL carriage_return
  FORMAT fixed
  SIZE 64
AREA 0
  ALLOCATION 128
  BUCKET_SIZE 2
  EXTENSION 0
KEY 0
  CHANGES no
  DATA_KEY_COMPRESSION yes
  DATA_RECORD_COMPRESSION yes
  DATA_AREA 0
  DATA_FILL 100
  DUPLICATES no
  INDEX_AREA 0
  INDEX_COMPRESSION yes
  INDEX_FILL 100
  LEVEL1_INDEX_AREA 0
  NAME ""
  NULL_KEY no
  PROLOG 3
  SEG0_LENGTH 8
  SEG0_POSITION 0
  TYPE string

ANALYSIS_OF_AREA 0
  RECLAIMED_SPACE 0

ANALYSIS_OF_KEY 0
  DATA_FILL 72
  DATA_KEY_COMPRESSION 49
  DATA_RECORD_COMPRESSION 73
  DATA_RECORD_COUNT 100000
  DATA_SPACE_OCCUPIED 94
  DEPTH 1
  INDEX_COMPRESSION 28
  INDEX_FILL 34
  INDEX_SPACE_OCCUPIED 2
  LEVEL1_RECORD_COUNT 47
  MEAN_DATA_LENGTH 64
  MEAN_INDEX_LENGTH 10
  LONGEST_RECORD_LENGTH 64
@@ Y08 output
IDENT	FDL_VERSION 02	" 7-OCT-2026 05:10:00  OpenVMS FDL Editor"

SYSTEM
	SOURCE			"OpenVMS"

FILE
	ORGANIZATION		indexed
	GLBUFF_FLAGS_V83	none

RECORD
	CARRIAGE_CONTROL	carriage_return
	FORMAT			fixed
	SIZE			64

AREA 0
	ALLOCATION		6881
	BEST_TRY_CONTIGUOUS	yes
	BUCKET_SIZE		14
	EXTENSION		1722

AREA 1
	ALLOCATION		14
	BEST_TRY_CONTIGUOUS	yes
	BUCKET_SIZE		14
	EXTENSION		14

KEY 0
	CHANGES			no
	DATA_AREA		0
	DATA_FILL		100
	DATA_KEY_COMPRESSION	yes
	DATA_RECORD_COMPRESSION	yes
	DUPLICATES		no
	INDEX_AREA		1
	INDEX_COMPRESSION	no
	INDEX_FILL		100
	LEVEL1_INDEX_AREA	1
	PROLOG			3
	SEG0_LENGTH		8
	SEG0_POSITION		0
	TYPE			string
%COPY-W-INCOMPAT, SYS$SYSROOT:[SYSMGR.EDF4A]T.TMP;1 (input) and SYS$SYSROOT:[SYSMGR.EDF4A]Y09A.FDL;1 (output) have incompatible attr
ibutes
@@ Y09 D1.FDL  00000001
FILE
  ALLOCATION 128
  BEST_TRY_CONTIGUOUS no
  BUCKET_SIZE 2
  CLUSTER_SIZE 16
  CONTIGUOUS no
  EXTENSION 0
  ORGANIZATION indexed
RECORD
  BLOCK_SPAN yes
  CARRIAGE_CONTROL carriage_return
  FORMAT fixed
  SIZE 64
AREA 0
  ALLOCATION 128
  BUCKET_SIZE 2
  EXTENSION 0
KEY 0
  CHANGES no
  DATA_KEY_COMPRESSION yes
  DATA_RECORD_COMPRESSION yes
  DATA_AREA 0
  DATA_FILL 100
  DUPLICATES no
  INDEX_AREA 0
  INDEX_COMPRESSION yes
  INDEX_FILL 100
  LEVEL1_INDEX_AREA 0
  NAME ""
  NULL_KEY no
  PROLOG 3
  SEG0_LENGTH 8
  SEG0_POSITION 0
  TYPE string

ANALYSIS_OF_AREA 0
  RECLAIMED_SPACE 0

ANALYSIS_OF_KEY 0
  DATA_FILL 72
  DATA_KEY_COMPRESSION 49
  DATA_RECORD_COMPRESSION 73
  DATA_RECORD_COUNT 50000
  DATA_SPACE_OCCUPIED 94
  DEPTH 1
  INDEX_COMPRESSION 28
  INDEX_FILL 34
  INDEX_SPACE_OCCUPIED 2
  LEVEL1_RECORD_COUNT 47
  MEAN_DATA_LENGTH 64
  MEAN_INDEX_LENGTH 10
  LONGEST_RECORD_LENGTH 64
@@ Y09 output
IDENT	FDL_VERSION 02	" 7-OCT-2026 05:10:00  OpenVMS FDL Editor"

SYSTEM
	SOURCE			"OpenVMS"

FILE
	ORGANIZATION		indexed
	GLBUFF_FLAGS_V83	none

RECORD
	CARRIAGE_CONTROL	carriage_return
	FORMAT			fixed
	SIZE			64

AREA 0
	ALLOCATION		3472
	BEST_TRY_CONTIGUOUS	yes
	BUCKET_SIZE		12
	EXTENSION		864

AREA 1
	ALLOCATION		48
	BEST_TRY_CONTIGUOUS	yes
	BUCKET_SIZE		12
	EXTENSION		48

KEY 0
	CHANGES			no
	DATA_AREA		0
	DATA_FILL		100
	DATA_KEY_COMPRESSION	yes
	DATA_RECORD_COMPRESSION	yes
	DUPLICATES		no
	INDEX_AREA		1
	INDEX_COMPRESSION	no
	INDEX_FILL		100
	LEVEL1_INDEX_AREA	1
	PROLOG			3
	SEG0_LENGTH		8
	SEG0_POSITION		0
	TYPE			string
%COPY-W-INCOMPAT, SYS$SYSROOT:[SYSMGR.EDF4A]T.TMP;1 (input) and SYS$SYSROOT:[SYSMGR.EDF4A]Y10A.FDL;1 (output) have incompatible attr
ibutes
@@ Y10 D1.FDL  00000001
FILE
  ALLOCATION 128
  BEST_TRY_CONTIGUOUS no
  BUCKET_SIZE 2
  CLUSTER_SIZE 16
  CONTIGUOUS no
  EXTENSION 0
  ORGANIZATION indexed
RECORD
  BLOCK_SPAN yes
  CARRIAGE_CONTROL carriage_return
  FORMAT fixed
  SIZE 64
AREA 0
  ALLOCATION 128
  BUCKET_SIZE 2
  EXTENSION 0
KEY 0
  CHANGES no
  DATA_KEY_COMPRESSION yes
  DATA_RECORD_COMPRESSION yes
  DATA_AREA 0
  DATA_FILL 100
  DUPLICATES no
  INDEX_AREA 0
  INDEX_COMPRESSION yes
  INDEX_FILL 100
  LEVEL1_INDEX_AREA 0
  NAME ""
  NULL_KEY no
  PROLOG 3
  SEG0_LENGTH 8
  SEG0_POSITION 0
  TYPE string

ANALYSIS_OF_AREA 0
  RECLAIMED_SPACE 0

ANALYSIS_OF_KEY 0
  DATA_FILL 72
  DATA_KEY_COMPRESSION 49
  DATA_RECORD_COMPRESSION 73
  DATA_RECORD_COUNT 70000
  DATA_SPACE_OCCUPIED 94
  DEPTH 1
  INDEX_COMPRESSION 28
  INDEX_FILL 34
  INDEX_SPACE_OCCUPIED 2
  LEVEL1_RECORD_COUNT 47
  MEAN_DATA_LENGTH 64
  MEAN_INDEX_LENGTH 10
  LONGEST_RECORD_LENGTH 64
@@ Y10 output
IDENT	FDL_VERSION 02	" 7-OCT-2026 05:10:00  OpenVMS FDL Editor"

SYSTEM
	SOURCE			"OpenVMS"

FILE
	ORGANIZATION		indexed
	GLBUFF_FLAGS_V83	none

RECORD
	CARRIAGE_CONTROL	carriage_return
	FORMAT			fixed
	SIZE			64

AREA 0
	ALLOCATION		4832
	BEST_TRY_CONTIGUOUS	yes
	BUCKET_SIZE		16
	EXTENSION		1216

AREA 1
	ALLOCATION		16
	BEST_TRY_CONTIGUOUS	yes
	BUCKET_SIZE		16
	EXTENSION		16

KEY 0
	CHANGES			no
	DATA_AREA		0
	DATA_FILL		100
	DATA_KEY_COMPRESSION	yes
	DATA_RECORD_COMPRESSION	yes
	DUPLICATES		no
	INDEX_AREA		1
	INDEX_COMPRESSION	no
	INDEX_FILL		100
	LEVEL1_INDEX_AREA	1
	PROLOG			3
	SEG0_LENGTH		8
	SEG0_POSITION		0
	TYPE			string
%COPY-W-INCOMPAT, SYS$SYSROOT:[SYSMGR.EDF4A]T.TMP;1 (input) and SYS$SYSROOT:[SYSMGR.EDF4A]Y11A.FDL;1 (output) have incompatible attr
ibutes
@@ Y11 D1.FDL  00000001
FILE
  ALLOCATION 128
  BEST_TRY_CONTIGUOUS no
  BUCKET_SIZE 2
  CLUSTER_SIZE 16
  CONTIGUOUS no
  EXTENSION 0
  ORGANIZATION indexed
RECORD
  BLOCK_SPAN yes
  CARRIAGE_CONTROL carriage_return
  FORMAT fixed
  SIZE 64
AREA 0
  ALLOCATION 128
  BUCKET_SIZE 2
  EXTENSION 0
KEY 0
  CHANGES no
  DATA_KEY_COMPRESSION yes
  DATA_RECORD_COMPRESSION yes
  DATA_AREA 0
  DATA_FILL 100
  DUPLICATES no
  INDEX_AREA 0
  INDEX_COMPRESSION yes
  INDEX_FILL 100
  LEVEL1_INDEX_AREA 0
  NAME ""
  NULL_KEY no
  PROLOG 3
  SEG0_LENGTH 8
  SEG0_POSITION 0
  TYPE string

ANALYSIS_OF_AREA 0
  RECLAIMED_SPACE 0

ANALYSIS_OF_KEY 0
  DATA_FILL 72
  DATA_KEY_COMPRESSION 49
  DATA_RECORD_COMPRESSION 73
  DATA_RECORD_COUNT 150000
  DATA_SPACE_OCCUPIED 94
  DEPTH 1
  INDEX_COMPRESSION 28
  INDEX_FILL 34
  INDEX_SPACE_OCCUPIED 2
  LEVEL1_RECORD_COUNT 47
  MEAN_DATA_LENGTH 64
  MEAN_INDEX_LENGTH 10
  LONGEST_RECORD_LENGTH 64
@@ Y11 output
IDENT	FDL_VERSION 02	" 7-OCT-2026 05:10:00  OpenVMS FDL Editor"

SYSTEM
	SOURCE			"OpenVMS"

FILE
	ORGANIZATION		indexed
	GLBUFF_FLAGS_V83	none

RECORD
	CARRIAGE_CONTROL	carriage_return
	FORMAT			fixed
	SIZE			64

AREA 0
	ALLOCATION		10320
	BEST_TRY_CONTIGUOUS	yes
	BUCKET_SIZE		16
	EXTENSION		2576

AREA 1
	ALLOCATION		16
	BEST_TRY_CONTIGUOUS	yes
	BUCKET_SIZE		16
	EXTENSION		16

KEY 0
	CHANGES			no
	DATA_AREA		0
	DATA_FILL		100
	DATA_KEY_COMPRESSION	yes
	DATA_RECORD_COMPRESSION	yes
	DUPLICATES		no
	INDEX_AREA		1
	INDEX_COMPRESSION	no
	INDEX_FILL		100
	LEVEL1_INDEX_AREA	1
	PROLOG			3
	SEG0_LENGTH		8
	SEG0_POSITION		0
	TYPE			string
%COPY-W-INCOMPAT, SYS$SYSROOT:[SYSMGR.EDF4A]T.TMP;1 (input) and SYS$SYSROOT:[SYSMGR.EDF4A]Y12A.FDL;1 (output) have incompatible attr
ibutes
@@ Y12 D1.FDL  00000001
FILE
  ALLOCATION 128
  BEST_TRY_CONTIGUOUS no
  BUCKET_SIZE 2
  CLUSTER_SIZE 16
  CONTIGUOUS no
  EXTENSION 0
  ORGANIZATION indexed
RECORD
  BLOCK_SPAN yes
  CARRIAGE_CONTROL carriage_return
  FORMAT fixed
  SIZE 64
AREA 0
  ALLOCATION 128
  BUCKET_SIZE 2
  EXTENSION 0
KEY 0
  CHANGES no
  DATA_KEY_COMPRESSION yes
  DATA_RECORD_COMPRESSION yes
  DATA_AREA 0
  DATA_FILL 100
  DUPLICATES no
  INDEX_AREA 0
  INDEX_COMPRESSION yes
  INDEX_FILL 100
  LEVEL1_INDEX_AREA 0
  NAME ""
  NULL_KEY no
  PROLOG 3
  SEG0_LENGTH 8
  SEG0_POSITION 0
  TYPE string

ANALYSIS_OF_AREA 0
  RECLAIMED_SPACE 0

ANALYSIS_OF_KEY 0
  DATA_FILL 72
  DATA_KEY_COMPRESSION 49
  DATA_RECORD_COMPRESSION 73
  DATA_RECORD_COUNT 200000
  DATA_SPACE_OCCUPIED 94
  DEPTH 1
  INDEX_COMPRESSION 28
  INDEX_FILL 34
  INDEX_SPACE_OCCUPIED 2
  LEVEL1_RECORD_COUNT 47
  MEAN_DATA_LENGTH 64
  MEAN_INDEX_LENGTH 10
  LONGEST_RECORD_LENGTH 64
@@ Y12 output
IDENT	FDL_VERSION 02	" 7-OCT-2026 05:10:01  OpenVMS FDL Editor"

SYSTEM
	SOURCE			"OpenVMS"

FILE
	ORGANIZATION		indexed
	GLBUFF_FLAGS_V83	none

RECORD
	CARRIAGE_CONTROL	carriage_return
	FORMAT			fixed
	SIZE			64

AREA 0
	ALLOCATION		13744
	BEST_TRY_CONTIGUOUS	yes
	BUCKET_SIZE		24
	EXTENSION		3456

AREA 1
	ALLOCATION		48
	BEST_TRY_CONTIGUOUS	yes
	BUCKET_SIZE		24
	EXTENSION		48

KEY 0
	CHANGES			no
	DATA_AREA		0
	DATA_FILL		100
	DATA_KEY_COMPRESSION	yes
	DATA_RECORD_COMPRESSION	yes
	DUPLICATES		no
	INDEX_AREA		1
	INDEX_COMPRESSION	no
	INDEX_FILL		100
	LEVEL1_INDEX_AREA	1
	PROLOG			3
	SEG0_LENGTH		8
	SEG0_POSITION		0
	TYPE			string
%COPY-W-INCOMPAT, SYS$SYSROOT:[SYSMGR.EDF4A]T.TMP;1 (input) and SYS$SYSROOT:[SYSMGR.EDF4A]M00A.FDL;1 (output) have incompatible attr
ibutes
@@ M00 D1.FDL  00000001
FILE
  CLUSTER_SIZE 1
  ORGANIZATION indexed

ANALYSIS_OF_AREA 0
  RECLAIMED_SPACE 0

ANALYSIS_OF_KEY 0
  DATA_FILL 72
  DATA_KEY_COMPRESSION 49
  DATA_RECORD_COMPRESSION 73
  DATA_RECORD_COUNT 100000
  DATA_SPACE_OCCUPIED 94
  DEPTH 1
  INDEX_COMPRESSION 28
  INDEX_FILL 34
  INDEX_SPACE_OCCUPIED 2
  LEVEL1_RECORD_COUNT 47
  MEAN_DATA_LENGTH 64
  MEAN_INDEX_LENGTH 10
  LONGEST_RECORD_LENGTH 64
@@ M00 output
IDENT	FDL_VERSION 02	" 7-OCT-2026 05:10:01  OpenVMS FDL Editor"

SYSTEM
	SOURCE			"OpenVMS"

FILE
	ORGANIZATION		indexed
	GLBUFF_FLAGS_V83	none

RECORD
	CARRIAGE_CONTROL	carriage_return
	FORMAT			fixed
	SIZE			64

AREA 0
	ALLOCATION		6892
	BEST_TRY_CONTIGUOUS	yes
	BUCKET_SIZE		13
	EXTENSION		1729

AREA 1
	ALLOCATION		13
	BEST_TRY_CONTIGUOUS	yes
	BUCKET_SIZE		13
	EXTENSION		13

KEY 0
	CHANGES			no
	DATA_AREA		0
	DATA_FILL		100
	DATA_KEY_COMPRESSION	yes
	DATA_RECORD_COMPRESSION	yes
	DUPLICATES		no
	INDEX_AREA		1
	INDEX_COMPRESSION	no
	INDEX_FILL		100
	LEVEL1_INDEX_AREA	1
	PROLOG			3
	SEG0_LENGTH		8
	SEG0_POSITION		0
	TYPE			string
%COPY-W-INCOMPAT, SYS$SYSROOT:[SYSMGR.EDF4A]T.TMP;1 (input) and SYS$SYSROOT:[SYSMGR.EDF4A]M01A.FDL;1 (output) have incompatible attr
ibutes
@@ M01 D1.FDL  00000001
FILE
  CLUSTER_SIZE 16
  ORGANIZATION indexed

ANALYSIS_OF_AREA 0
  RECLAIMED_SPACE 0

ANALYSIS_OF_KEY 0
  DATA_FILL 72
  DATA_KEY_COMPRESSION 49
  DATA_RECORD_COMPRESSION 73
  DATA_RECORD_COUNT 100000
  DATA_SPACE_OCCUPIED 94
  DEPTH 1
  INDEX_COMPRESSION 28
  INDEX_FILL 34
  INDEX_SPACE_OCCUPIED 2
  LEVEL1_RECORD_COUNT 47
  MEAN_DATA_LENGTH 64
  MEAN_INDEX_LENGTH 10
  LONGEST_RECORD_LENGTH 64
@@ M01 output
IDENT	FDL_VERSION 02	" 7-OCT-2026 05:10:01  OpenVMS FDL Editor"

SYSTEM
	SOURCE			"OpenVMS"

FILE
	ORGANIZATION		indexed
	GLBUFF_FLAGS_V83	none

RECORD
	CARRIAGE_CONTROL	carriage_return
	FORMAT			fixed
	SIZE			64

AREA 0
	ALLOCATION		6896
	BEST_TRY_CONTIGUOUS	yes
	BUCKET_SIZE		16
	EXTENSION		1728

AREA 1
	ALLOCATION		16
	BEST_TRY_CONTIGUOUS	yes
	BUCKET_SIZE		16
	EXTENSION		16

KEY 0
	CHANGES			no
	DATA_AREA		0
	DATA_FILL		100
	DATA_KEY_COMPRESSION	yes
	DATA_RECORD_COMPRESSION	yes
	DUPLICATES		no
	INDEX_AREA		1
	INDEX_COMPRESSION	no
	INDEX_FILL		100
	LEVEL1_INDEX_AREA	1
	PROLOG			3
	SEG0_LENGTH		8
	SEG0_POSITION		0
	TYPE			string
%COPY-W-INCOMPAT, SYS$SYSROOT:[SYSMGR.EDF4A]T.TMP;1 (input) and SYS$SYSROOT:[SYSMGR.EDF4A]M02A.FDL;1 (output) have incompatible attr
ibutes
@@ M02 D1.FDL  00000001
FILE
  CLUSTER_SIZE 16
  ORGANIZATION indexed

ANALYSIS_OF_AREA 0
  RECLAIMED_SPACE 0

ANALYSIS_OF_KEY 0
  DATA_FILL 72
  DATA_KEY_COMPRESSION 49
  DATA_RECORD_COMPRESSION 73
  DATA_RECORD_COUNT 10000
  DATA_SPACE_OCCUPIED 94
  DEPTH 1
  INDEX_COMPRESSION 28
  INDEX_FILL 34
  INDEX_SPACE_OCCUPIED 2
  LEVEL1_RECORD_COUNT 47
  MEAN_DATA_LENGTH 64
  MEAN_INDEX_LENGTH 10
  LONGEST_RECORD_LENGTH 64
@@ M02 output
IDENT	FDL_VERSION 02	" 7-OCT-2026 05:10:01  OpenVMS FDL Editor"

SYSTEM
	SOURCE			"OpenVMS"

FILE
	ORGANIZATION		indexed
	GLBUFF_FLAGS_V83	none

RECORD
	CARRIAGE_CONTROL	carriage_return
	FORMAT			fixed
	SIZE			64

AREA 0
	ALLOCATION		736
	BEST_TRY_CONTIGUOUS	yes
	BUCKET_SIZE		5
	EXTENSION		240

AREA 1
	ALLOCATION		80
	BEST_TRY_CONTIGUOUS	yes
	BUCKET_SIZE		5
	EXTENSION		80

KEY 0
	CHANGES			no
	DATA_AREA		0
	DATA_FILL		100
	DATA_KEY_COMPRESSION	yes
	DATA_RECORD_COMPRESSION	yes
	DUPLICATES		no
	INDEX_AREA		1
	INDEX_COMPRESSION	no
	INDEX_FILL		100
	LEVEL1_INDEX_AREA	1
	PROLOG			3
	SEG0_LENGTH		8
	SEG0_POSITION		0
	TYPE			string
@@ end
$ 