$ SET DEFAULT SYS$LOGIN
$ CREATE/DIRECTORY [.EDF5]
$ SET DEFAULT [.EDF5]
$ CREATE D1A.FDL
FILE
  CLUSTER_SIZE 1
  ORGANIZATION indexed
*EXIT*
$ CREATE FN.FDL
FILE
  ORGANIZATION indexed
RECORD
  FORMAT fixed
  SIZE 64
KEY 0
  SEG0_LENGTH 8
  SEG0_POSITION 0
  DUPLICATES no
  CHANGES no
  DATA_KEY_COMPRESSION no
  DATA_RECORD_COMPRESSION no
*EXIT*
$ CREATE FK.FDL
FILE
  ORGANIZATION indexed
RECORD
  FORMAT fixed
  SIZE 64
KEY 0
  SEG0_LENGTH 8
  SEG0_POSITION 0
  DUPLICATES no
  CHANGES no
  DATA_KEY_COMPRESSION yes
  DATA_RECORD_COMPRESSION no
*EXIT*
$ CREATE E1.FDL
FILE
  ORGANIZATION indexed
RECORD
  FORMAT fixed
  SIZE 64
KEY 0
  SEG0_LENGTH 8
  SEG0_POSITION 0
  DUPLICATES no
  CHANGES no
KEY 1
  SEG0_LENGTH 10
  SEG0_POSITION 8
  DUPLICATES yes
  CHANGES yes
*EXIT*
$ CREATE E2.FDL
FILE
  ORGANIZATION indexed
RECORD
  FORMAT fixed
  SIZE 64
KEY 0
  SEG0_LENGTH 8
  SEG0_POSITION 0
  DUPLICATES no
  CHANGES no
KEY 1
  SEG0_LENGTH 4
  SEG0_POSITION 8
  DUPLICATES yes
  CHANGES yes
*EXIT*
$ CREATE E3.FDL
FILE
  ORGANIZATION indexed
RECORD
  FORMAT fixed
  SIZE 64
KEY 0
  SEG0_LENGTH 8
  SEG0_POSITION 0
  DUPLICATES no
  CHANGES no
KEY 1
  SEG0_LENGTH 32
  SEG0_POSITION 8
  DUPLICATES yes
  CHANGES yes
*EXIT*
$ CREATE E4.FDL
FILE
  ORGANIZATION indexed
RECORD
  FORMAT fixed
  SIZE 64
KEY 0
  SEG0_LENGTH 8
  SEG0_POSITION 0
  DUPLICATES no
  CHANGES no
KEY 1
  SEG0_LENGTH 10
  SEG0_POSITION 8
  DUPLICATES no
  CHANGES no
*EXIT*
$ CREATE E7.FDL
FILE
  ORGANIZATION indexed
RECORD
  FORMAT fixed
  SIZE 64
KEY 0
  SEG0_LENGTH 8
  SEG0_POSITION 0
  DUPLICATES no
  CHANGES no
KEY 1
  SEG0_LENGTH 10
  SEG0_POSITION 8
  DUPLICATES yes
  CHANGES yes
  DATA_FILL 70
*EXIT*
$ CREATE RUN.COM
$ SET NOON
$ SET TERMINAL/TAB
$ GOSUB base
$ n0 = 23742
$ CALL case R00 D1A.FDL FN.FDL "" 1
$ GOSUB base
$ n0 = 24016
$ CALL case R01 D1A.FDL FN.FDL "" 1
$ GOSUB base
$ n0 = 2781
$ CALL case R02 D1A.FDL FK.FDL "" 1
$ GOSUB base
$ n0 = 7439
$ CALL case R03 D1A.FDL FK.FDL "" 1
$ GOSUB base
$ n0 = 100000
$ n1 = 100000
$ dps1 = 0
$ mdl1 = 10
$ CALL case S00 D1A.FDL E1.FDL "/GRANULARITY=4" 2
$ GOSUB base
$ n0 = 100000
$ n1 = 100000
$ dps1 = 0
$ mdl1 = 50
$ CALL case S01 D1A.FDL E1.FDL "/GRANULARITY=4" 2
$ GOSUB base
$ n0 = 100000
$ n1 = 100000
$ dps1 = 0
$ mdl1 = 500
$ CALL case S02 D1A.FDL E1.FDL "/GRANULARITY=4" 2
$ GOSUB base
$ n0 = 100000
$ n1 = 100000
$ dps1 = 9
$ mdl1 = 10
$ CALL case S03 D1A.FDL E1.FDL "/GRANULARITY=4" 2
$ GOSUB base
$ n0 = 100000
$ n1 = 100000
$ dps1 = 9
$ mdl1 = 50
$ CALL case S04 D1A.FDL E1.FDL "/GRANULARITY=4" 2
$ GOSUB base
$ n0 = 100000
$ n1 = 100000
$ dps1 = 9
$ mdl1 = 500
$ CALL case S05 D1A.FDL E1.FDL "/GRANULARITY=4" 2
$ GOSUB base
$ n0 = 100000
$ n1 = 100000
$ dps1 = 1
$ mdl1 = 10
$ CALL case S06 D1A.FDL E1.FDL "/GRANULARITY=4" 2
$ GOSUB base
$ n0 = 100000
$ n1 = 100000
$ dps1 = 1
$ mdl1 = 500
$ CALL case S07 D1A.FDL E1.FDL "/GRANULARITY=4" 2
$ GOSUB base
$ n0 = 1000000
$ n1 = 100000
$ dps1 = 9
$ mdl1 = 106
$ CALL case S08 D1A.FDL E1.FDL "/GRANULARITY=4" 2
$ GOSUB base
$ n0 = 10000
$ n1 = 100000
$ dps1 = 9
$ mdl1 = 106
$ CALL case S09 D1A.FDL E1.FDL "/GRANULARITY=4" 2
$ GOSUB base
$ n0 = 100000
$ n1 = 100000
$ dps1 = 1
$ mdl1 = 106
$ CALL case S10 D1A.FDL E2.FDL "/GRANULARITY=4" 2
$ GOSUB base
$ n0 = 100000
$ n1 = 100000
$ dps1 = 3
$ mdl1 = 106
$ CALL case S11 D1A.FDL E2.FDL "/GRANULARITY=4" 2
$ GOSUB base
$ n0 = 100000
$ n1 = 100000
$ dps1 = 1
$ mdl1 = 106
$ CALL case S12 D1A.FDL E3.FDL "/GRANULARITY=4" 2
$ GOSUB base
$ n0 = 100000
$ n1 = 100000
$ dps1 = 3
$ mdl1 = 106
$ CALL case S13 D1A.FDL E3.FDL "/GRANULARITY=4" 2
$ GOSUB base
$ n0 = 100000
$ n1 = 100000
$ dps1 = 9
$ mdl1 = 106
$ dkc1 = 0
$ CALL case S14 D1A.FDL E1.FDL "/GRANULARITY=4" 2
$ GOSUB base
$ n0 = 100000
$ n1 = 100000
$ dps1 = 9
$ mdl1 = 106
$ dkc1 = 75
$ CALL case S15 D1A.FDL E1.FDL "/GRANULARITY=4" 2
$ GOSUB base
$ n0 = 100000
$ n1 = 100000
$ dps1 = 9
$ mdl1 = 106
$ CALL case S16 D1A.FDL E4.FDL "/GRANULARITY=4" 2
$ GOSUB base
$ n0 = 100000
$ n1 = 100000
$ dps1 = 0
$ mdl1 = 106
$ CALL case S17 D1A.FDL E7.FDL "/GRANULARITY=4" 2
$ WRITE SYS$OUTPUT "@@ end"
$ EXIT
$base:
$ n0 = 1000
$ df0 = 72
$ dkc0 = 49
$ drc0 = 73
$ dso0 = 94
$ dep0 = 1
$ ic0 = 28
$ if0 = 34
$ iso0 = 2
$ l10 = 47
$ mdl0 = 64
$ mil0 = 10
$ lrl0 = 64
$ n1 = 50
$ df1 = 66
$ dkc1 = 56
$ dso1 = 16
$ dep1 = 1
$ dps1 = 19
$ ic1 = 44
$ if1 = 6
$ iso1 = 2
$ l11 = 8
$ mdl1 = 106
$ mil1 = 12
$ n2 = 50
$ df2 = 66
$ dkc2 = 56
$ dso2 = 16
$ dep2 = 1
$ dps2 = 19
$ ic2 = 44
$ if2 = 6
$ iso2 = 2
$ l12 = 8
$ mdl2 = 106
$ mil2 = 12
$ n3 = 50
$ df3 = 66
$ dkc3 = 56
$ dso3 = 16
$ dep3 = 1
$ dps3 = 19
$ ic3 = 44
$ if3 = 6
$ iso3 = 2
$ l13 = 8
$ mdl3 = 106
$ mil3 = 12
$ RETURN
$case: SUBROUTINE
$ SET NOON
$ OPEN/WRITE t T.TMP
$ WRITE t ""
$ WRITE t "ANALYSIS_OF_AREA 0"
$ WRITE t "  RECLAIMED_SPACE 0"
$ CALL aok 0
$ IF P5 .GT. 1 THEN CALL aok 1
$ IF P5 .GT. 2 THEN CALL aok 2
$ IF P5 .GT. 3 THEN CALL aok 3
$ CLOSE t
$ COPY 'P2'+T.TMP 'P1'A.FDL
$ DELETE T.TMP;*
$ EDIT/FDL/NOINTERACTIVE/ANALYSIS='P1'A.FDL/OUTPUT='P1'O.FDL'P4' 'P3'
$ st = $STATUS
$ WRITE SYS$OUTPUT "@@ ", P1, " ", P3, " ", P4, " ", F$FAO("!XL", F$INTEGER(st))
$ TYPE 'P1'A.FDL
$ WRITE SYS$OUTPUT "@@ ", P1, " output"
$ TYPE 'P1'O.FDL
$ ENDSUBROUTINE
$aok: SUBROUTINE
$ WRITE t ""
$ WRITE t "ANALYSIS_OF_KEY ", P1
$ WRITE t "  DATA_FILL ", df'P1'
$ WRITE t "  DATA_KEY_COMPRESSION ", dkc'P1'
$ IF P1 .EQ. 0 THEN WRITE t "  DATA_RECORD_COMPRESSION ", drc0
$ WRITE t "  DATA_RECORD_COUNT ", n'P1'
$ WRITE t "  DATA_SPACE_OCCUPIED ", dso'P1'
$ WRITE t "  DEPTH ", dep'P1'
$ IF P1 .GT. 0 THEN WRITE t "  DUPLICATES_PER_SIDR ", dps'P1'
$ WRITE t "  INDEX_COMPRESSION ", ic'P1'
$ WRITE t "  INDEX_FILL ", if'P1'
$ WRITE t "  INDEX_SPACE_OCCUPIED ", iso'P1'
$ WRITE t "  LEVEL1_RECORD_COUNT ", l1'P1'
$ WRITE t "  MEAN_DATA_LENGTH ", mdl'P1'
$ WRITE t "  MEAN_INDEX_LENGTH ", mil'P1'
$ IF P1 .EQ. 0 THEN WRITE t "  LONGEST_RECORD_LENGTH ", lrl0
$ ENDSUBROUTINE
*EXIT*
$ @RUN
%COPY-W-INCOMPAT, SYS$SYSROOT:[SYSMGR.EDF5]T.TMP;1 (input) and SYS$SYSROOT:[SYSMGR.EDF5]R00A.FDL;1 (output) have incompatible attrib
utes
@@ R00 FN.FDL  00000001
FILE
  CLUSTER_SIZE 1
  ORGANIZATION indexed

ANALYSIS_OF_AREA 0
  RECLAIMED_SPACE 0

ANALYSIS_OF_KEY 0
  DATA_FILL 72
  DATA_KEY_COMPRESSION 49
  DATA_RECORD_COMPRESSION 73
  DATA_RECORD_COUNT 23742
  DATA_SPACE_OCCUPIED 94
  DEPTH 1
  INDEX_COMPRESSION 28
  INDEX_FILL 34
  INDEX_SPACE_OCCUPIED 2
  LEVEL1_RECORD_COUNT 47
  MEAN_DATA_LENGTH 64
  MEAN_INDEX_LENGTH 10
  LONGEST_RECORD_LENGTH 64
@@ R00 output
IDENT	FDL_VERSION 02	" 7-OCT-2026 05:27:38  OpenVMS FDL Editor"

SYSTEM
	SOURCE			"OpenVMS"

FILE
	ORGANIZATION		indexed
	GLBUFF_FLAGS_V83	none

RECORD
	CARRIAGE_CONTROL	carriage_return
	FORMAT			fixed
	SIZE			64

AREA 0
	ALLOCATION		3452
	BEST_TRY_CONTIGUOUS	yes
	BUCKET_SIZE		10
	EXTENSION		870

AREA 1
	ALLOCATION		10
	BEST_TRY_CONTIGUOUS	yes
	BUCKET_SIZE		10
	EXTENSION		10

KEY 0
	CHANGES			no
	DATA_AREA		0
	DATA_FILL		100
	DATA_KEY_COMPRESSION	no
	DATA_RECORD_COMPRESSION	no
	DUPLICATES		no
	INDEX_AREA		1
	INDEX_COMPRESSION	no
	INDEX_FILL		100
	LEVEL1_INDEX_AREA	1
	PROLOG			3
	SEG0_LENGTH		8
	SEG0_POSITION		0
	TYPE			string
%COPY-W-INCOMPAT, SYS$SYSROOT:[SYSMGR.EDF5]T.TMP;1 (input) and SYS$SYSROOT:[SYSMGR.EDF5]R01A.FDL;1 (output) have incompatible attrib
utes
@@ R01 FN.FDL  00000001
FILE
  CLUSTER_SIZE 1
  ORGANIZATION indexed

ANALYSIS_OF_AREA 0
  RECLAIMED_SPACE 0

ANALYSIS_OF_KEY 0
  DATA_FILL 72
  DATA_KEY_COMPRESSION 49
  DATA_RECORD_COMPRESSION 73
  DATA_RECORD_COUNT 24016
  DATA_SPACE_OCCUPIED 94
  DEPTH 1
  INDEX_COMPRESSION 28
  INDEX_FILL 34
  INDEX_SPACE_OCCUPIED 2
  LEVEL1_RECORD_COUNT 47
  MEAN_DATA_LENGTH 64
  MEAN_INDEX_LENGTH 10
  LONGEST_RECORD_LENGTH 64
@@ R01 output
IDENT	FDL_VERSION 02	" 7-OCT-2026 05:27:38  OpenVMS FDL Editor"

SYSTEM
	SOURCE			"OpenVMS"

FILE
	ORGANIZATION		indexed
	GLBUFF_FLAGS_V83	none

RECORD
	CARRIAGE_CONTROL	carriage_return
	FORMAT			fixed
	SIZE			64

AREA 0
	ALLOCATION		3492
	BEST_TRY_CONTIGUOUS	yes
	BUCKET_SIZE		10
	EXTENSION		880

AREA 1
	ALLOCATION		10
	BEST_TRY_CONTIGUOUS	yes
	BUCKET_SIZE		10
	EXTENSION		10

KEY 0
	CHANGES			no
	DATA_AREA		0
	DATA_FILL		100
	DATA_KEY_COMPRESSION	no
	DATA_RECORD_COMPRESSION	no
	DUPLICATES		no
	INDEX_AREA		1
	INDEX_COMPRESSION	no
	INDEX_FILL		100
	LEVEL1_INDEX_AREA	1
	PROLOG			3
	SEG0_LENGTH		8
	SEG0_POSITION		0
	TYPE			string
%COPY-W-INCOMPAT, SYS$SYSROOT:[SYSMGR.EDF5]T.TMP;1 (input) and SYS$SYSROOT:[SYSMGR.EDF5]R02A.FDL;1 (output) have incompatible attrib
utes
@@ R02 FK.FDL  00000001
FILE
  CLUSTER_SIZE 1
  ORGANIZATION indexed

ANALYSIS_OF_AREA 0
  RECLAIMED_SPACE 0

ANALYSIS_OF_KEY 0
  DATA_FILL 72
  DATA_KEY_COMPRESSION 49
  DATA_RECORD_COMPRESSION 73
  DATA_RECORD_COUNT 2781
  DATA_SPACE_OCCUPIED 94
  DEPTH 1
  INDEX_COMPRESSION 28
  INDEX_FILL 34
  INDEX_SPACE_OCCUPIED 2
  LEVEL1_RECORD_COUNT 47
  MEAN_DATA_LENGTH 64
  MEAN_INDEX_LENGTH 10
  LONGEST_RECORD_LENGTH 64
@@ R02 output
IDENT	FDL_VERSION 02	" 7-OCT-2026 05:27:38  OpenVMS FDL Editor"

SYSTEM
	SOURCE			"OpenVMS"

FILE
	ORGANIZATION		indexed
	GLBUFF_FLAGS_V83	none

RECORD
	CARRIAGE_CONTROL	carriage_return
	FORMAT			fixed
	SIZE			64

AREA 0
	ALLOCATION		402
	BEST_TRY_CONTIGUOUS	yes
	BUCKET_SIZE		4
	EXTENSION		100

AREA 1
	ALLOCATION		4
	BEST_TRY_CONTIGUOUS	yes
	BUCKET_SIZE		4
	EXTENSION		4

KEY 0
	CHANGES			no
	DATA_AREA		0
	DATA_FILL		100
	DATA_KEY_COMPRESSION	yes
	DATA_RECORD_COMPRESSION	no
	DUPLICATES		no
	INDEX_AREA		1
	INDEX_COMPRESSION	no
	INDEX_FILL		100
	LEVEL1_INDEX_AREA	1
	PROLOG			3
	SEG0_LENGTH		8
	SEG0_POSITION		0
	TYPE			string
%COPY-W-INCOMPAT, SYS$SYSROOT:[SYSMGR.EDF5]T.TMP;1 (input) and SYS$SYSROOT:[SYSMGR.EDF5]R03A.FDL;1 (output) have incompatible attrib
utes
@@ R03 FK.FDL  00000001
FILE
  CLUSTER_SIZE 1
  ORGANIZATION indexed

ANALYSIS_OF_AREA 0
  RECLAIMED_SPACE 0

ANALYSIS_OF_KEY 0
  DATA_FILL 72
  DATA_KEY_COMPRESSION 49
  DATA_RECORD_COMPRESSION 73
  DATA_RECORD_COUNT 7439
  DATA_SPACE_OCCUPIED 94
  DEPTH 1
  INDEX_COMPRESSION 28
  INDEX_FILL 34
  INDEX_SPACE_OCCUPIED 2
  LEVEL1_RECORD_COUNT 47
  MEAN_DATA_LENGTH 64
  MEAN_INDEX_LENGTH 10
  LONGEST_RECORD_LENGTH 64
@@ R03 output
IDENT	FDL_VERSION 02	" 7-OCT-2026 05:27:39  OpenVMS FDL Editor"

SYSTEM
	SOURCE			"OpenVMS"

FILE
	ORGANIZATION		indexed
	GLBUFF_FLAGS_V83	none

RECORD
	CARRIAGE_CONTROL	carriage_return
	FORMAT			fixed
	SIZE			64

AREA 0
	ALLOCATION		1070
	BEST_TRY_CONTIGUOUS	yes
	BUCKET_SIZE		6
	EXTENSION		270

AREA 1
	ALLOCATION		6
	BEST_TRY_CONTIGUOUS	yes
	BUCKET_SIZE		6
	EXTENSION		6

KEY 0
	CHANGES			no
	DATA_AREA		0
	DATA_FILL		100
	DATA_KEY_COMPRESSION	yes
	DATA_RECORD_COMPRESSION	no
	DUPLICATES		no
	INDEX_AREA		1
	INDEX_COMPRESSION	no
	INDEX_FILL		100
	LEVEL1_INDEX_AREA	1
	PROLOG			3
	SEG0_LENGTH		8
	SEG0_POSITION		0
	TYPE			string
%COPY-W-INCOMPAT, SYS$SYSROOT:[SYSMGR.EDF5]T.TMP;1 (input) and SYS$SYSROOT:[SYSMGR.EDF5]S00A.FDL;1 (output) have incompatible attrib
utes
@@ S00 E1.FDL /GRANULARITY=4 00000001
FILE
  CLUSTER_SIZE 1
  ORGANIZATION indexed

ANALYSIS_OF_AREA 0
  RECLAIMED_SPACE 0

ANALYSIS_OF_KEY 0
  DATA_FILL 72
  DATA_KEY_COMPRESSION 49
  DATA_RECORD_COMPRESSION 73
  DATA_RECORD_COUNT 100000
  DATA_SPACE_OCCUPIED 94
  DEPTH 1
  INDEX_COMPRESSION 28
  INDEX_FILL 34
  INDEX_SPACE_OCCUPIED 2
  LEVEL1_RECORD_COUNT 47
  MEAN_DATA_LENGTH 64
  MEAN_INDEX_LENGTH 10
  LONGEST_RECORD_LENGTH 64

ANALYSIS_OF_KEY 1
  DATA_FILL 66
  DATA_KEY_COMPRESSION 56
  DATA_RECORD_COUNT 100000
  DATA_SPACE_OCCUPIED 16
  DEPTH 1
  DUPLICATES_PER_SIDR 0
  INDEX_COMPRESSION 44
  INDEX_FILL 6
  INDEX_SPACE_OCCUPIED 2
  LEVEL1_RECORD_COUNT 8
  MEAN_DATA_LENGTH 10
  MEAN_INDEX_LENGTH 12
@@ S00 output
IDENT	FDL_VERSION 02	" 7-OCT-2026 05:27:39  OpenVMS FDL Editor"

SYSTEM
	SOURCE			"OpenVMS"

FILE
	ORGANIZATION		indexed
	GLBUFF_FLAGS_V83	none

RECORD
	CARRIAGE_CONTROL	carriage_return
	FORMAT			fixed
	SIZE			64

AREA 0
	ALLOCATION		6893
	BEST_TRY_CONTIGUOUS	yes
	BUCKET_SIZE		13
	EXTENSION		1729

AREA 1
	ALLOCATION		13
	BEST_TRY_CONTIGUOUS	yes
	BUCKET_SIZE		13
	EXTENSION		13

AREA 2
	ALLOCATION		3540
	BEST_TRY_CONTIGUOUS	yes
	BUCKET_SIZE		10
	EXTENSION		890

AREA 3
	ALLOCATION		10
	BEST_TRY_CONTIGUOUS	yes
	BUCKET_SIZE		10
	EXTENSION		10

KEY 0
	CHANGES			no
	DATA_AREA		0
	DATA_FILL		100
	DATA_KEY_COMPRESSION	yes
	DATA_RECORD_COMPRESSION	yes
	DUPLICATES		no
	INDEX_AREA		1
	INDEX_COMPRESSION	no
	INDEX_FILL		100
	LEVEL1_INDEX_AREA	1
	PROLOG			3
	SEG0_LENGTH		8
	SEG0_POSITION		0
	TYPE			string

KEY 1
	CHANGES			yes
	DATA_AREA		2
	DATA_FILL		100
	DATA_KEY_COMPRESSION	yes
	DUPLICATES		yes
	INDEX_AREA		3
	INDEX_COMPRESSION	no
	INDEX_FILL		100
	LEVEL1_INDEX_AREA	3
	SEG0_LENGTH		10
	SEG0_POSITION		8
	TYPE			string
%COPY-W-INCOMPAT, SYS$SYSROOT:[SYSMGR.EDF5]T.TMP;1 (input) and SYS$SYSROOT:[SYSMGR.EDF5]S01A.FDL;1 (output) have incompatible attrib
utes
@@ S01 E1.FDL /GRANULARITY=4 00000001
FILE
  CLUSTER_SIZE 1
  ORGANIZATION indexed

ANALYSIS_OF_AREA 0
  RECLAIMED_SPACE 0

ANALYSIS_OF_KEY 0
  DATA_FILL 72
  DATA_KEY_COMPRESSION 49
  DATA_RECORD_COMPRESSION 73
  DATA_RECORD_COUNT 100000
  DATA_SPACE_OCCUPIED 94
  DEPTH 1
  INDEX_COMPRESSION 28
  INDEX_FILL 34
  INDEX_SPACE_OCCUPIED 2
  LEVEL1_RECORD_COUNT 47
  MEAN_DATA_LENGTH 64
  MEAN_INDEX_LENGTH 10
  LONGEST_RECORD_LENGTH 64

ANALYSIS_OF_KEY 1
  DATA_FILL 66
  DATA_KEY_COMPRESSION 56
  DATA_RECORD_COUNT 100000
  DATA_SPACE_OCCUPIED 16
  DEPTH 1
  DUPLICATES_PER_SIDR 0
  INDEX_COMPRESSION 44
  INDEX_FILL 6
  INDEX_SPACE_OCCUPIED 2
  LEVEL1_RECORD_COUNT 8
  MEAN_DATA_LENGTH 50
  MEAN_INDEX_LENGTH 12
@@ S01 output
IDENT	FDL_VERSION 02	" 7-OCT-2026 05:27:39  OpenVMS FDL Editor"

SYSTEM
	SOURCE			"OpenVMS"

FILE
	ORGANIZATION		indexed
	GLBUFF_FLAGS_V83	none

RECORD
	CARRIAGE_CONTROL	carriage_return
	FORMAT			fixed
	SIZE			64

AREA 0
	ALLOCATION		6893
	BEST_TRY_CONTIGUOUS	yes
	BUCKET_SIZE		13
	EXTENSION		1729

AREA 1
	ALLOCATION		13
	BEST_TRY_CONTIGUOUS	yes
	BUCKET_SIZE		13
	EXTENSION		13

AREA 2
	ALLOCATION		3540
	BEST_TRY_CONTIGUOUS	yes
	BUCKET_SIZE		10
	EXTENSION		890

AREA 3
	ALLOCATION		10
	BEST_TRY_CONTIGUOUS	yes
	BUCKET_SIZE		10
	EXTENSION		10

KEY 0
	CHANGES			no
	DATA_AREA		0
	DATA_FILL		100
	DATA_KEY_COMPRESSION	yes
	DATA_RECORD_COMPRESSION	yes
	DUPLICATES		no
	INDEX_AREA		1
	INDEX_COMPRESSION	no
	INDEX_FILL		100
	LEVEL1_INDEX_AREA	1
	PROLOG			3
	SEG0_LENGTH		8
	SEG0_POSITION		0
	TYPE			string

KEY 1
	CHANGES			yes
	DATA_AREA		2
	DATA_FILL		100
	DATA_KEY_COMPRESSION	yes
	DUPLICATES		yes
	INDEX_AREA		3
	INDEX_COMPRESSION	no
	INDEX_FILL		100
	LEVEL1_INDEX_AREA	3
	SEG0_LENGTH		10
	SEG0_POSITION		8
	TYPE			string
%COPY-W-INCOMPAT, SYS$SYSROOT:[SYSMGR.EDF5]T.TMP;1 (input) and SYS$SYSROOT:[SYSMGR.EDF5]S02A.FDL;1 (output) have incompatible attrib
utes
@@ S02 E1.FDL /GRANULARITY=4 00000001
FILE
  CLUSTER_SIZE 1
  ORGANIZATION indexed

ANALYSIS_OF_AREA 0
  RECLAIMED_SPACE 0

ANALYSIS_OF_KEY 0
  DATA_FILL 72
  DATA_KEY_COMPRESSION 49
  DATA_RECORD_COMPRESSION 73
  DATA_RECORD_COUNT 100000
  DATA_SPACE_OCCUPIED 94
  DEPTH 1
  INDEX_COMPRESSION 28
  INDEX_FILL 34
  INDEX_SPACE_OCCUPIED 2
  LEVEL1_RECORD_COUNT 47
  MEAN_DATA_LENGTH 64
  MEAN_INDEX_LENGTH 10
  LONGEST_RECORD_LENGTH 64

ANALYSIS_OF_KEY 1
  DATA_FILL 66
  DATA_KEY_COMPRESSION 56
  DATA_RECORD_COUNT 100000
  DATA_SPACE_OCCUPIED 16
  DEPTH 1
  DUPLICATES_PER_SIDR 0
  INDEX_COMPRESSION 44
  INDEX_FILL 6
  INDEX_SPACE_OCCUPIED 2
  LEVEL1_RECORD_COUNT 8
  MEAN_DATA_LENGTH 500
  MEAN_INDEX_LENGTH 12
@@ S02 output
IDENT	FDL_VERSION 02	" 7-OCT-2026 05:27:39  OpenVMS FDL Editor"

SYSTEM
	SOURCE			"OpenVMS"

FILE
	ORGANIZATION		indexed
	GLBUFF_FLAGS_V83	none

RECORD
	CARRIAGE_CONTROL	carriage_return
	FORMAT			fixed
	SIZE			64

AREA 0
	ALLOCATION		6893
	BEST_TRY_CONTIGUOUS	yes
	BUCKET_SIZE		13
	EXTENSION		1729

AREA 1
	ALLOCATION		13
	BEST_TRY_CONTIGUOUS	yes
	BUCKET_SIZE		13
	EXTENSION		13

AREA 2
	ALLOCATION		3540
	BEST_TRY_CONTIGUOUS	yes
	BUCKET_SIZE		10
	EXTENSION		890

AREA 3
	ALLOCATION		10
	BEST_TRY_CONTIGUOUS	yes
	BUCKET_SIZE		10
	EXTENSION		10

KEY 0
	CHANGES			no
	DATA_AREA		0
	DATA_FILL		100
	DATA_KEY_COMPRESSION	yes
	DATA_RECORD_COMPRESSION	yes
	DUPLICATES		no
	INDEX_AREA		1
	INDEX_COMPRESSION	no
	INDEX_FILL		100
	LEVEL1_INDEX_AREA	1
	PROLOG			3
	SEG0_LENGTH		8
	SEG0_POSITION		0
	TYPE			string

KEY 1
	CHANGES			yes
	DATA_AREA		2
	DATA_FILL		100
	DATA_KEY_COMPRESSION	yes
	DUPLICATES		yes
	INDEX_AREA		3
	INDEX_COMPRESSION	no
	INDEX_FILL		100
	LEVEL1_INDEX_AREA	3
	SEG0_LENGTH		10
	SEG0_POSITION		8
	TYPE			string
%COPY-W-INCOMPAT, SYS$SYSROOT:[SYSMGR.EDF5]T.TMP;1 (input) and SYS$SYSROOT:[SYSMGR.EDF5]S03A.FDL;1 (output) have incompatible attrib
utes
@@ S03 E1.FDL /GRANULARITY=4 00000001
FILE
  CLUSTER_SIZE 1
  ORGANIZATION indexed

ANALYSIS_OF_AREA 0
  RECLAIMED_SPACE 0

ANALYSIS_OF_KEY 0
  DATA_FILL 72
  DATA_KEY_COMPRESSION 49
  DATA_RECORD_COMPRESSION 73
  DATA_RECORD_COUNT 100000
  DATA_SPACE_OCCUPIED 94
  DEPTH 1
  INDEX_COMPRESSION 28
  INDEX_FILL 34
  INDEX_SPACE_OCCUPIED 2
  LEVEL1_RECORD_COUNT 47
  MEAN_DATA_LENGTH 64
  MEAN_INDEX_LENGTH 10
  LONGEST_RECORD_LENGTH 64

ANALYSIS_OF_KEY 1
  DATA_FILL 66
  DATA_KEY_COMPRESSION 56
  DATA_RECORD_COUNT 100000
  DATA_SPACE_OCCUPIED 16
  DEPTH 1
  DUPLICATES_PER_SIDR 9
  INDEX_COMPRESSION 44
  INDEX_FILL 6
  INDEX_SPACE_OCCUPIED 2
  LEVEL1_RECORD_COUNT 8
  MEAN_DATA_LENGTH 10
  MEAN_INDEX_LENGTH 12
@@ S03 output
IDENT	FDL_VERSION 02	" 7-OCT-2026 05:27:40  OpenVMS FDL Editor"

SYSTEM
	SOURCE			"OpenVMS"

FILE
	ORGANIZATION		indexed
	GLBUFF_FLAGS_V83	none

RECORD
	CARRIAGE_CONTROL	carriage_return
	FORMAT			fixed
	SIZE			64

AREA 0
	ALLOCATION		6893
	BEST_TRY_CONTIGUOUS	yes
	BUCKET_SIZE		13
	EXTENSION		1729

AREA 1
	ALLOCATION		13
	BEST_TRY_CONTIGUOUS	yes
	BUCKET_SIZE		13
	EXTENSION		13

AREA 2
	ALLOCATION		4323
	BEST_TRY_CONTIGUOUS	yes
	BUCKET_SIZE		11
	EXTENSION		1089

AREA 3
	ALLOCATION		11
	BEST_TRY_CONTIGUOUS	yes
	BUCKET_SIZE		11
	EXTENSION		11

KEY 0
	CHANGES			no
	DATA_AREA		0
	DATA_FILL		100
	DATA_KEY_COMPRESSION	yes
	DATA_RECORD_COMPRESSION	yes
	DUPLICATES		no
	INDEX_AREA		1
	INDEX_COMPRESSION	no
	INDEX_FILL		100
	LEVEL1_INDEX_AREA	1
	PROLOG			3
	SEG0_LENGTH		8
	SEG0_POSITION		0
	TYPE			string

KEY 1
	CHANGES			yes
	DATA_AREA		2
	DATA_FILL		100
	DATA_KEY_COMPRESSION	yes
	DUPLICATES		yes
	INDEX_AREA		3
	INDEX_COMPRESSION	no
	INDEX_FILL		100
	LEVEL1_INDEX_AREA	3
	SEG0_LENGTH		10
	SEG0_POSITION		8
	TYPE			string
%COPY-W-INCOMPAT, SYS$SYSROOT:[SYSMGR.EDF5]T.TMP;1 (input) and SYS$SYSROOT:[SYSMGR.EDF5]S04A.FDL;1 (output) have incompatible attrib
utes
@@ S04 E1.FDL /GRANULARITY=4 00000001
FILE
  CLUSTER_SIZE 1
  ORGANIZATION indexed

ANALYSIS_OF_AREA 0
  RECLAIMED_SPACE 0

ANALYSIS_OF_KEY 0
  DATA_FILL 72
  DATA_KEY_COMPRESSION 49
  DATA_RECORD_COMPRESSION 73
  DATA_RECORD_COUNT 100000
  DATA_SPACE_OCCUPIED 94
  DEPTH 1
  INDEX_COMPRESSION 28
  INDEX_FILL 34
  INDEX_SPACE_OCCUPIED 2
  LEVEL1_RECORD_COUNT 47
  MEAN_DATA_LENGTH 64
  MEAN_INDEX_LENGTH 10
  LONGEST_RECORD_LENGTH 64

ANALYSIS_OF_KEY 1
  DATA_FILL 66
  DATA_KEY_COMPRESSION 56
  DATA_RECORD_COUNT 100000
  DATA_SPACE_OCCUPIED 16
  DEPTH 1
  DUPLICATES_PER_SIDR 9
  INDEX_COMPRESSION 44
  INDEX_FILL 6
  INDEX_SPACE_OCCUPIED 2
  LEVEL1_RECORD_COUNT 8
  MEAN_DATA_LENGTH 50
  MEAN_INDEX_LENGTH 12
@@ S04 output
IDENT	FDL_VERSION 02	" 7-OCT-2026 05:27:40  OpenVMS FDL Editor"

SYSTEM
	SOURCE			"OpenVMS"

FILE
	ORGANIZATION		indexed
	GLBUFF_FLAGS_V83	none

RECORD
	CARRIAGE_CONTROL	carriage_return
	FORMAT			fixed
	SIZE			64

AREA 0
	ALLOCATION		6893
	BEST_TRY_CONTIGUOUS	yes
	BUCKET_SIZE		13
	EXTENSION		1729

AREA 1
	ALLOCATION		13
	BEST_TRY_CONTIGUOUS	yes
	BUCKET_SIZE		13
	EXTENSION		13

AREA 2
	ALLOCATION		4323
	BEST_TRY_CONTIGUOUS	yes
	BUCKET_SIZE		11
	EXTENSION		1089

AREA 3
	ALLOCATION		11
	BEST_TRY_CONTIGUOUS	yes
	BUCKET_SIZE		11
	EXTENSION		11

KEY 0
	CHANGES			no
	DATA_AREA		0
	DATA_FILL		100
	DATA_KEY_COMPRESSION	yes
	DATA_RECORD_COMPRESSION	yes
	DUPLICATES		no
	INDEX_AREA		1
	INDEX_COMPRESSION	no
	INDEX_FILL		100
	LEVEL1_INDEX_AREA	1
	PROLOG			3
	SEG0_LENGTH		8
	SEG0_POSITION		0
	TYPE			string

KEY 1
	CHANGES			yes
	DATA_AREA		2
	DATA_FILL		100
	DATA_KEY_COMPRESSION	yes
	DUPLICATES		yes
	INDEX_AREA		3
	INDEX_COMPRESSION	no
	INDEX_FILL		100
	LEVEL1_INDEX_AREA	3
	SEG0_LENGTH		10
	SEG0_POSITION		8
	TYPE			string
%COPY-W-INCOMPAT, SYS$SYSROOT:[SYSMGR.EDF5]T.TMP;1 (input) and SYS$SYSROOT:[SYSMGR.EDF5]S05A.FDL;1 (output) have incompatible attrib
utes
@@ S05 E1.FDL /GRANULARITY=4 00000001
FILE
  CLUSTER_SIZE 1
  ORGANIZATION indexed

ANALYSIS_OF_AREA 0
  RECLAIMED_SPACE 0

ANALYSIS_OF_KEY 0
  DATA_FILL 72
  DATA_KEY_COMPRESSION 49
  DATA_RECORD_COMPRESSION 73
  DATA_RECORD_COUNT 100000
  DATA_SPACE_OCCUPIED 94
  DEPTH 1
  INDEX_COMPRESSION 28
  INDEX_FILL 34
  INDEX_SPACE_OCCUPIED 2
  LEVEL1_RECORD_COUNT 47
  MEAN_DATA_LENGTH 64
  MEAN_INDEX_LENGTH 10
  LONGEST_RECORD_LENGTH 64

ANALYSIS_OF_KEY 1
  DATA_FILL 66
  DATA_KEY_COMPRESSION 56
  DATA_RECORD_COUNT 100000
  DATA_SPACE_OCCUPIED 16
  DEPTH 1
  DUPLICATES_PER_SIDR 9
  INDEX_COMPRESSION 44
  INDEX_FILL 6
  INDEX_SPACE_OCCUPIED 2
  LEVEL1_RECORD_COUNT 8
  MEAN_DATA_LENGTH 500
  MEAN_INDEX_LENGTH 12
@@ S05 output
IDENT	FDL_VERSION 02	" 7-OCT-2026 05:27:40  OpenVMS FDL Editor"

SYSTEM
	SOURCE			"OpenVMS"

FILE
	ORGANIZATION		indexed
	GLBUFF_FLAGS_V83	none

RECORD
	CARRIAGE_CONTROL	carriage_return
	FORMAT			fixed
	SIZE			64

AREA 0
	ALLOCATION		6893
	BEST_TRY_CONTIGUOUS	yes
	BUCKET_SIZE		13
	EXTENSION		1729

AREA 1
	ALLOCATION		13
	BEST_TRY_CONTIGUOUS	yes
	BUCKET_SIZE		13
	EXTENSION		13

AREA 2
	ALLOCATION		4323
	BEST_TRY_CONTIGUOUS	yes
	BUCKET_SIZE		11
	EXTENSION		1089

AREA 3
	ALLOCATION		11
	BEST_TRY_CONTIGUOUS	yes
	BUCKET_SIZE		11
	EXTENSION		11

KEY 0
	CHANGES			no
	DATA_AREA		0
	DATA_FILL		100
	DATA_KEY_COMPRESSION	yes
	DATA_RECORD_COMPRESSION	yes
	DUPLICATES		no
	INDEX_AREA		1
	INDEX_COMPRESSION	no
	INDEX_FILL		100
	LEVEL1_INDEX_AREA	1
	PROLOG			3
	SEG0_LENGTH		8
	SEG0_POSITION		0
	TYPE			string

KEY 1
	CHANGES			yes
	DATA_AREA		2
	DATA_FILL		100
	DATA_KEY_COMPRESSION	yes
	DUPLICATES		yes
	INDEX_AREA		3
	INDEX_COMPRESSION	no
	INDEX_FILL		100
	LEVEL1_INDEX_AREA	3
	SEG0_LENGTH		10
	SEG0_POSITION		8
	TYPE			string
%COPY-W-INCOMPAT, SYS$SYSROOT:[SYSMGR.EDF5]T.TMP;1 (input) and SYS$SYSROOT:[SYSMGR.EDF5]S06A.FDL;1 (output) have incompatible attrib
utes
@@ S06 E1.FDL /GRANULARITY=4 00000001
FILE
  CLUSTER_SIZE 1
  ORGANIZATION indexed

ANALYSIS_OF_AREA 0
  RECLAIMED_SPACE 0

ANALYSIS_OF_KEY 0
  DATA_FILL 72
  DATA_KEY_COMPRESSION 49
  DATA_RECORD_COMPRESSION 73
  DATA_RECORD_COUNT 100000
  DATA_SPACE_OCCUPIED 94
  DEPTH 1
  INDEX_COMPRESSION 28
  INDEX_FILL 34
  INDEX_SPACE_OCCUPIED 2
  LEVEL1_RECORD_COUNT 47
  MEAN_DATA_LENGTH 64
  MEAN_INDEX_LENGTH 10
  LONGEST_RECORD_LENGTH 64

ANALYSIS_OF_KEY 1
  DATA_FILL 66
  DATA_KEY_COMPRESSION 56
  DATA_RECORD_COUNT 100000
  DATA_SPACE_OCCUPIED 16
  DEPTH 1
  DUPLICATES_PER_SIDR 1
  INDEX_COMPRESSION 44
  INDEX_FILL 6
  INDEX_SPACE_OCCUPIED 2
  LEVEL1_RECORD_COUNT 8
  MEAN_DATA_LENGTH 10
  MEAN_INDEX_LENGTH 12
@@ S06 output
IDENT	FDL_VERSION 02	" 7-OCT-2026 05:27:40  OpenVMS FDL Editor"

SYSTEM
	SOURCE			"OpenVMS"

FILE
	ORGANIZATION		indexed
	GLBUFF_FLAGS_V83	none

RECORD
	CARRIAGE_CONTROL	carriage_return
	FORMAT			fixed
	SIZE			64

AREA 0
	ALLOCATION		6893
	BEST_TRY_CONTIGUOUS	yes
	BUCKET_SIZE		13
	EXTENSION		1729

AREA 1
	ALLOCATION		13
	BEST_TRY_CONTIGUOUS	yes
	BUCKET_SIZE		13
	EXTENSION		13

AREA 2
	ALLOCATION		3938
	BEST_TRY_CONTIGUOUS	yes
	BUCKET_SIZE		11
	EXTENSION		990

AREA 3
	ALLOCATION		11
	BEST_TRY_CONTIGUOUS	yes
	BUCKET_SIZE		11
	EXTENSION		11

KEY 0
	CHANGES			no
	DATA_AREA		0
	DATA_FILL		100
	DATA_KEY_COMPRESSION	yes
	DATA_RECORD_COMPRESSION	yes
	DUPLICATES		no
	INDEX_AREA		1
	INDEX_COMPRESSION	no
	INDEX_FILL		100
	LEVEL1_INDEX_AREA	1
	PROLOG			3
	SEG0_LENGTH		8
	SEG0_POSITION		0
	TYPE			string

KEY 1
	CHANGES			yes
	DATA_AREA		2
	DATA_FILL		100
	DATA_KEY_COMPRESSION	yes
	DUPLICATES		yes
	INDEX_AREA		3
	INDEX_COMPRESSION	no
	INDEX_FILL		100
	LEVEL1_INDEX_AREA	3
	SEG0_LENGTH		10
	SEG0_POSITION		8
	TYPE			string
%COPY-W-INCOMPAT, SYS$SYSROOT:[SYSMGR.EDF5]T.TMP;1 (input) and SYS$SYSROOT:[SYSMGR.EDF5]S07A.FDL;1 (output) have incompatible attrib
utes
@@ S07 E1.FDL /GRANULARITY=4 00000001
FILE
  CLUSTER_SIZE 1
  ORGANIZATION indexed

ANALYSIS_OF_AREA 0
  RECLAIMED_SPACE 0

ANALYSIS_OF_KEY 0
  DATA_FILL 72
  DATA_KEY_COMPRESSION 49
  DATA_RECORD_COMPRESSION 73
  DATA_RECORD_COUNT 100000
  DATA_SPACE_OCCUPIED 94
  DEPTH 1
  INDEX_COMPRESSION 28
  INDEX_FILL 34
  INDEX_SPACE_OCCUPIED 2
  LEVEL1_RECORD_COUNT 47
  MEAN_DATA_LENGTH 64
  MEAN_INDEX_LENGTH 10
  LONGEST_RECORD_LENGTH 64

ANALYSIS_OF_KEY 1
  DATA_FILL 66
  DATA_KEY_COMPRESSION 56
  DATA_RECORD_COUNT 100000
  DATA_SPACE_OCCUPIED 16
  DEPTH 1
  DUPLICATES_PER_SIDR 1
  INDEX_COMPRESSION 44
  INDEX_FILL 6
  INDEX_SPACE_OCCUPIED 2
  LEVEL1_RECORD_COUNT 8
  MEAN_DATA_LENGTH 500
  MEAN_INDEX_LENGTH 12
@@ S07 output
IDENT	FDL_VERSION 02	" 7-OCT-2026 05:27:41  OpenVMS FDL Editor"

SYSTEM
	SOURCE			"OpenVMS"

FILE
	ORGANIZATION		indexed
	GLBUFF_FLAGS_V83	none

RECORD
	CARRIAGE_CONTROL	carriage_return
	FORMAT			fixed
	SIZE			64

AREA 0
	ALLOCATION		6893
	BEST_TRY_CONTIGUOUS	yes
	BUCKET_SIZE		13
	EXTENSION		1729

AREA 1
	ALLOCATION		13
	BEST_TRY_CONTIGUOUS	yes
	BUCKET_SIZE		13
	EXTENSION		13

AREA 2
	ALLOCATION		3938
	BEST_TRY_CONTIGUOUS	yes
	BUCKET_SIZE		11
	EXTENSION		990

AREA 3
	ALLOCATION		11
	BEST_TRY_CONTIGUOUS	yes
	BUCKET_SIZE		11
	EXTENSION		11

KEY 0
	CHANGES			no
	DATA_AREA		0
	DATA_FILL		100
	DATA_KEY_COMPRESSION	yes
	DATA_RECORD_COMPRESSION	yes
	DUPLICATES		no
	INDEX_AREA		1
	INDEX_COMPRESSION	no
	INDEX_FILL		100
	LEVEL1_INDEX_AREA	1
	PROLOG			3
	SEG0_LENGTH		8
	SEG0_POSITION		0
	TYPE			string

KEY 1
	CHANGES			yes
	DATA_AREA		2
	DATA_FILL		100
	DATA_KEY_COMPRESSION	yes
	DUPLICATES		yes
	INDEX_AREA		3
	INDEX_COMPRESSION	no
	INDEX_FILL		100
	LEVEL1_INDEX_AREA	3
	SEG0_LENGTH		10
	SEG0_POSITION		8
	TYPE			string
%COPY-W-INCOMPAT, SYS$SYSROOT:[SYSMGR.EDF5]T.TMP;1 (input) and SYS$SYSROOT:[SYSMGR.EDF5]S08A.FDL;1 (output) have incompatible attrib
utes
@@ S08 E1.FDL /GRANULARITY=4 00000001
FILE
  CLUSTER_SIZE 1
  ORGANIZATION indexed

ANALYSIS_OF_AREA 0
  RECLAIMED_SPACE 0

ANALYSIS_OF_KEY 0
  DATA_FILL 72
  DATA_KEY_COMPRESSION 49
  DATA_RECORD_COMPRESSION 73
  DATA_RECORD_COUNT 1000000
  DATA_SPACE_OCCUPIED 94
  DEPTH 1
  INDEX_COMPRESSION 28
  INDEX_FILL 34
  INDEX_SPACE_OCCUPIED 2
  LEVEL1_RECORD_COUNT 47
  MEAN_DATA_LENGTH 64
  MEAN_INDEX_LENGTH 10
  LONGEST_RECORD_LENGTH 64

ANALYSIS_OF_KEY 1
  DATA_FILL 66
  DATA_KEY_COMPRESSION 56
  DATA_RECORD_COUNT 100000
  DATA_SPACE_OCCUPIED 16
  DEPTH 1
  DUPLICATES_PER_SIDR 9
  INDEX_COMPRESSION 44
  INDEX_FILL 6
  INDEX_SPACE_OCCUPIED 2
  LEVEL1_RECORD_COUNT 8
  MEAN_DATA_LENGTH 106
  MEAN_INDEX_LENGTH 12
@@ S08 output
IDENT	FDL_VERSION 02	" 7-OCT-2026 05:27:41  OpenVMS FDL Editor"

SYSTEM
	SOURCE			"OpenVMS"

FILE
	ORGANIZATION		indexed
	GLBUFF_FLAGS_V83	none

RECORD
	CARRIAGE_CONTROL	carriage_return
	FORMAT			fixed
	SIZE			64

AREA 0
	ALLOCATION		68971
	BEST_TRY_CONTIGUOUS	yes
	BUCKET_SIZE		4
	EXTENSION		17244

AREA 1
	ALLOCATION		416
	BEST_TRY_CONTIGUOUS	yes
	BUCKET_SIZE		4
	EXTENSION		104

AREA 2
	ALLOCATION		4323
	BEST_TRY_CONTIGUOUS	yes
	BUCKET_SIZE		11
	EXTENSION		1089

AREA 3
	ALLOCATION		11
	BEST_TRY_CONTIGUOUS	yes
	BUCKET_SIZE		11
	EXTENSION		11

KEY 0
	CHANGES			no
	DATA_AREA		0
	DATA_FILL		100
	DATA_KEY_COMPRESSION	yes
	DATA_RECORD_COMPRESSION	yes
	DUPLICATES		no
	INDEX_AREA		1
	INDEX_COMPRESSION	no
	INDEX_FILL		100
	LEVEL1_INDEX_AREA	1
	PROLOG			3
	SEG0_LENGTH		8
	SEG0_POSITION		0
	TYPE			string

KEY 1
	CHANGES			yes
	DATA_AREA		2
	DATA_FILL		100
	DATA_KEY_COMPRESSION	yes
	DUPLICATES		yes
	INDEX_AREA		3
	INDEX_COMPRESSION	no
	INDEX_FILL		100
	LEVEL1_INDEX_AREA	3
	SEG0_LENGTH		10
	SEG0_POSITION		8
	TYPE			string
%COPY-W-INCOMPAT, SYS$SYSROOT:[SYSMGR.EDF5]T.TMP;1 (input) and SYS$SYSROOT:[SYSMGR.EDF5]S09A.FDL;1 (output) have incompatible attrib
utes
@@ S09 E1.FDL /GRANULARITY=4 00000001
FILE
  CLUSTER_SIZE 1
  ORGANIZATION indexed

ANALYSIS_OF_AREA 0
  RECLAIMED_SPACE 0

ANALYSIS_OF_KEY 0
  DATA_FILL 72
  DATA_KEY_COMPRESSION 49
  DATA_RECORD_COMPRESSION 73
  DATA_RECORD_COUNT 10000
  DATA_SPACE_OCCUPIED 94
  DEPTH 1
  INDEX_COMPRESSION 28
  INDEX_FILL 34
  INDEX_SPACE_OCCUPIED 2
  LEVEL1_RECORD_COUNT 47
  MEAN_DATA_LENGTH 64
  MEAN_INDEX_LENGTH 10
  LONGEST_RECORD_LENGTH 64

ANALYSIS_OF_KEY 1
  DATA_FILL 66
  DATA_KEY_COMPRESSION 56
  DATA_RECORD_COUNT 100000
  DATA_SPACE_OCCUPIED 16
  DEPTH 1
  DUPLICATES_PER_SIDR 9
  INDEX_COMPRESSION 44
  INDEX_FILL 6
  INDEX_SPACE_OCCUPIED 2
  LEVEL1_RECORD_COUNT 8
  MEAN_DATA_LENGTH 106
  MEAN_INDEX_LENGTH 12
@@ S09 output
IDENT	FDL_VERSION 02	" 7-OCT-2026 05:27:41  OpenVMS FDL Editor"

SYSTEM
	SOURCE			"OpenVMS"

FILE
	ORGANIZATION		indexed
	GLBUFF_FLAGS_V83	none

RECORD
	CARRIAGE_CONTROL	carriage_return
	FORMAT			fixed
	SIZE			64

AREA 0
	ALLOCATION		698
	BEST_TRY_CONTIGUOUS	yes
	BUCKET_SIZE		5
	EXTENSION		175

AREA 1
	ALLOCATION		5
	BEST_TRY_CONTIGUOUS	yes
	BUCKET_SIZE		5
	EXTENSION		5

AREA 2
	ALLOCATION		4323
	BEST_TRY_CONTIGUOUS	yes
	BUCKET_SIZE		11
	EXTENSION		1089

AREA 3
	ALLOCATION		11
	BEST_TRY_CONTIGUOUS	yes
	BUCKET_SIZE		11
	EXTENSION		11

KEY 0
	CHANGES			no
	DATA_AREA		0
	DATA_FILL		100
	DATA_KEY_COMPRESSION	yes
	DATA_RECORD_COMPRESSION	yes
	DUPLICATES		no
	INDEX_AREA		1
	INDEX_COMPRESSION	no
	INDEX_FILL		100
	LEVEL1_INDEX_AREA	1
	PROLOG			3
	SEG0_LENGTH		8
	SEG0_POSITION		0
	TYPE			string

KEY 1
	CHANGES			yes
	DATA_AREA		2
	DATA_FILL		100
	DATA_KEY_COMPRESSION	yes
	DUPLICATES		yes
	INDEX_AREA		3
	INDEX_COMPRESSION	no
	INDEX_FILL		100
	LEVEL1_INDEX_AREA	3
	SEG0_LENGTH		10
	SEG0_POSITION		8
	TYPE			string
%COPY-W-INCOMPAT, SYS$SYSROOT:[SYSMGR.EDF5]T.TMP;1 (input) and SYS$SYSROOT:[SYSMGR.EDF5]S10A.FDL;1 (output) have incompatible attrib
utes
@@ S10 E2.FDL /GRANULARITY=4 00000001
FILE
  CLUSTER_SIZE 1
  ORGANIZATION indexed

ANALYSIS_OF_AREA 0
  RECLAIMED_SPACE 0

ANALYSIS_OF_KEY 0
  DATA_FILL 72
  DATA_KEY_COMPRESSION 49
  DATA_RECORD_COMPRESSION 73
  DATA_RECORD_COUNT 100000
  DATA_SPACE_OCCUPIED 94
  DEPTH 1
  INDEX_COMPRESSION 28
  INDEX_FILL 34
  INDEX_SPACE_OCCUPIED 2
  LEVEL1_RECORD_COUNT 47
  MEAN_DATA_LENGTH 64
  MEAN_INDEX_LENGTH 10
  LONGEST_RECORD_LENGTH 64

ANALYSIS_OF_KEY 1
  DATA_FILL 66
  DATA_KEY_COMPRESSION 56
  DATA_RECORD_COUNT 100000
  DATA_SPACE_OCCUPIED 16
  DEPTH 1
  DUPLICATES_PER_SIDR 1
  INDEX_COMPRESSION 44
  INDEX_FILL 6
  INDEX_SPACE_OCCUPIED 2
  LEVEL1_RECORD_COUNT 8
  MEAN_DATA_LENGTH 106
  MEAN_INDEX_LENGTH 12
@@ S10 output
IDENT	FDL_VERSION 02	" 7-OCT-2026 05:27:41  OpenVMS FDL Editor"

SYSTEM
	SOURCE			"OpenVMS"

FILE
	ORGANIZATION		indexed
	GLBUFF_FLAGS_V83	none

RECORD
	CARRIAGE_CONTROL	carriage_return
	FORMAT			fixed
	SIZE			64

AREA 0
	ALLOCATION		6893
	BEST_TRY_CONTIGUOUS	yes
	BUCKET_SIZE		13
	EXTENSION		1729

AREA 1
	ALLOCATION		13
	BEST_TRY_CONTIGUOUS	yes
	BUCKET_SIZE		13
	EXTENSION		13

AREA 2
	ALLOCATION		3744
	BEST_TRY_CONTIGUOUS	yes
	BUCKET_SIZE		8
	EXTENSION		936

AREA 3
	ALLOCATION		8
	BEST_TRY_CONTIGUOUS	yes
	BUCKET_SIZE		8
	EXTENSION		8

KEY 0
	CHANGES			no
	DATA_AREA		0
	DATA_FILL		100
	DATA_KEY_COMPRESSION	yes
	DATA_RECORD_COMPRESSION	yes
	DUPLICATES		no
	INDEX_AREA		1
	INDEX_COMPRESSION	no
	INDEX_FILL		100
	LEVEL1_INDEX_AREA	1
	PROLOG			3
	SEG0_LENGTH		8
	SEG0_POSITION		0
	TYPE			string

KEY 1
	CHANGES			yes
	DATA_AREA		2
	DATA_FILL		100
	DATA_KEY_COMPRESSION	yes
	DUPLICATES		yes
	INDEX_AREA		3
	INDEX_COMPRESSION	no
	INDEX_FILL		100
	LEVEL1_INDEX_AREA	3
	SEG0_LENGTH		4
	SEG0_POSITION		8
	TYPE			string
%COPY-W-INCOMPAT, SYS$SYSROOT:[SYSMGR.EDF5]T.TMP;1 (input) and SYS$SYSROOT:[SYSMGR.EDF5]S11A.FDL;1 (output) have incompatible attrib
utes
@@ S11 E2.FDL /GRANULARITY=4 00000001
FILE
  CLUSTER_SIZE 1
  ORGANIZATION indexed

ANALYSIS_OF_AREA 0
  RECLAIMED_SPACE 0

ANALYSIS_OF_KEY 0
  DATA_FILL 72
  DATA_KEY_COMPRESSION 49
  DATA_RECORD_COMPRESSION 73
  DATA_RECORD_COUNT 100000
  DATA_SPACE_OCCUPIED 94
  DEPTH 1
  INDEX_COMPRESSION 28
  INDEX_FILL 34
  INDEX_SPACE_OCCUPIED 2
  LEVEL1_RECORD_COUNT 47
  MEAN_DATA_LENGTH 64
  MEAN_INDEX_LENGTH 10
  LONGEST_RECORD_LENGTH 64

ANALYSIS_OF_KEY 1
  DATA_FILL 66
  DATA_KEY_COMPRESSION 56
  DATA_RECORD_COUNT 100000
  DATA_SPACE_OCCUPIED 16
  DEPTH 1
  DUPLICATES_PER_SIDR 3
  INDEX_COMPRESSION 44
  INDEX_FILL 6
  INDEX_SPACE_OCCUPIED 2
  LEVEL1_RECORD_COUNT 8
  MEAN_DATA_LENGTH 106
  MEAN_INDEX_LENGTH 12
@@ S11 output
IDENT	FDL_VERSION 02	" 7-OCT-2026 05:27:42  OpenVMS FDL Editor"

SYSTEM
	SOURCE			"OpenVMS"

FILE
	ORGANIZATION		indexed
	GLBUFF_FLAGS_V83	none

RECORD
	CARRIAGE_CONTROL	carriage_return
	FORMAT			fixed
	SIZE			64

AREA 0
	ALLOCATION		6893
	BEST_TRY_CONTIGUOUS	yes
	BUCKET_SIZE		13
	EXTENSION		1729

AREA 1
	ALLOCATION		13
	BEST_TRY_CONTIGUOUS	yes
	BUCKET_SIZE		13
	EXTENSION		13

AREA 2
	ALLOCATION		4131
	BEST_TRY_CONTIGUOUS	yes
	BUCKET_SIZE		9
	EXTENSION		1035

AREA 3
	ALLOCATION		9
	BEST_TRY_CONTIGUOUS	yes
	BUCKET_SIZE		9
	EXTENSION		9

KEY 0
	CHANGES			no
	DATA_AREA		0
	DATA_FILL		100
	DATA_KEY_COMPRESSION	yes
	DATA_RECORD_COMPRESSION	yes
	DUPLICATES		no
	INDEX_AREA		1
	INDEX_COMPRESSION	no
	INDEX_FILL		100
	LEVEL1_INDEX_AREA	1
	PROLOG			3
	SEG0_LENGTH		8
	SEG0_POSITION		0
	TYPE			string

KEY 1
	CHANGES			yes
	DATA_AREA		2
	DATA_FILL		100
	DATA_KEY_COMPRESSION	yes
	DUPLICATES		yes
	INDEX_AREA		3
	INDEX_COMPRESSION	no
	INDEX_FILL		100
	LEVEL1_INDEX_AREA	3
	SEG0_LENGTH		4
	SEG0_POSITION		8
	TYPE			string
%COPY-W-INCOMPAT, SYS$SYSROOT:[SYSMGR.EDF5]T.TMP;1 (input) and SYS$SYSROOT:[SYSMGR.EDF5]S12A.FDL;1 (output) have incompatible attrib
utes
@@ S12 E3.FDL /GRANULARITY=4 00000001
FILE
  CLUSTER_SIZE 1
  ORGANIZATION indexed

ANALYSIS_OF_AREA 0
  RECLAIMED_SPACE 0

ANALYSIS_OF_KEY 0
  DATA_FILL 72
  DATA_KEY_COMPRESSION 49
  DATA_RECORD_COMPRESSION 73
  DATA_RECORD_COUNT 100000
  DATA_SPACE_OCCUPIED 94
  DEPTH 1
  INDEX_COMPRESSION 28
  INDEX_FILL 34
  INDEX_SPACE_OCCUPIED 2
  LEVEL1_RECORD_COUNT 47
  MEAN_DATA_LENGTH 64
  MEAN_INDEX_LENGTH 10
  LONGEST_RECORD_LENGTH 64

ANALYSIS_OF_KEY 1
  DATA_FILL 66
  DATA_KEY_COMPRESSION 56
  DATA_RECORD_COUNT 100000
  DATA_SPACE_OCCUPIED 16
  DEPTH 1
  DUPLICATES_PER_SIDR 1
  INDEX_COMPRESSION 44
  INDEX_FILL 6
  INDEX_SPACE_OCCUPIED 2
  LEVEL1_RECORD_COUNT 8
  MEAN_DATA_LENGTH 106
  MEAN_INDEX_LENGTH 12
@@ S12 output
IDENT	FDL_VERSION 02	" 7-OCT-2026 05:27:42  OpenVMS FDL Editor"

SYSTEM
	SOURCE			"OpenVMS"

FILE
	ORGANIZATION		indexed
	GLBUFF_FLAGS_V83	none

RECORD
	CARRIAGE_CONTROL	carriage_return
	FORMAT			fixed
	SIZE			64

AREA 0
	ALLOCATION		6893
	BEST_TRY_CONTIGUOUS	yes
	BUCKET_SIZE		13
	EXTENSION		1729

AREA 1
	ALLOCATION		13
	BEST_TRY_CONTIGUOUS	yes
	BUCKET_SIZE		13
	EXTENSION		13

AREA 2
	ALLOCATION		5001
	BEST_TRY_CONTIGUOUS	yes
	BUCKET_SIZE		3
	EXTENSION		1251

AREA 3
	ALLOCATION		123
	BEST_TRY_CONTIGUOUS	yes
	BUCKET_SIZE		3
	EXTENSION		30

KEY 0
	CHANGES			no
	DATA_AREA		0
	DATA_FILL		100
	DATA_KEY_COMPRESSION	yes
	DATA_RECORD_COMPRESSION	yes
	DUPLICATES		no
	INDEX_AREA		1
	INDEX_COMPRESSION	no
	INDEX_FILL		100
	LEVEL1_INDEX_AREA	1
	PROLOG			3
	SEG0_LENGTH		8
	SEG0_POSITION		0
	TYPE			string

KEY 1
	CHANGES			yes
	DATA_AREA		2
	DATA_FILL		100
	DATA_KEY_COMPRESSION	yes
	DUPLICATES		yes
	INDEX_AREA		3
	INDEX_COMPRESSION	no
	INDEX_FILL		100
	LEVEL1_INDEX_AREA	3
	SEG0_LENGTH		32
	SEG0_POSITION		8
	TYPE			string
%COPY-W-INCOMPAT, SYS$SYSROOT:[SYSMGR.EDF5]T.TMP;1 (input) and SYS$SYSROOT:[SYSMGR.EDF5]S13A.FDL;1 (output) have incompatible attrib
utes
@@ S13 E3.FDL /GRANULARITY=4 00000001
FILE
  CLUSTER_SIZE 1
  ORGANIZATION indexed

ANALYSIS_OF_AREA 0
  RECLAIMED_SPACE 0

ANALYSIS_OF_KEY 0
  DATA_FILL 72
  DATA_KEY_COMPRESSION 49
  DATA_RECORD_COMPRESSION 73
  DATA_RECORD_COUNT 100000
  DATA_SPACE_OCCUPIED 94
  DEPTH 1
  INDEX_COMPRESSION 28
  INDEX_FILL 34
  INDEX_SPACE_OCCUPIED 2
  LEVEL1_RECORD_COUNT 47
  MEAN_DATA_LENGTH 64
  MEAN_INDEX_LENGTH 10
  LONGEST_RECORD_LENGTH 64

ANALYSIS_OF_KEY 1
  DATA_FILL 66
  DATA_KEY_COMPRESSION 56
  DATA_RECORD_COUNT 100000
  DATA_SPACE_OCCUPIED 16
  DEPTH 1
  DUPLICATES_PER_SIDR 3
  INDEX_COMPRESSION 44
  INDEX_FILL 6
  INDEX_SPACE_OCCUPIED 2
  LEVEL1_RECORD_COUNT 8
  MEAN_DATA_LENGTH 106
  MEAN_INDEX_LENGTH 12
@@ S13 output
IDENT	FDL_VERSION 02	" 7-OCT-2026 05:27:42  OpenVMS FDL Editor"

SYSTEM
	SOURCE			"OpenVMS"

FILE
	ORGANIZATION		indexed
	GLBUFF_FLAGS_V83	none

RECORD
	CARRIAGE_CONTROL	carriage_return
	FORMAT			fixed
	SIZE			64

AREA 0
	ALLOCATION		6893
	BEST_TRY_CONTIGUOUS	yes
	BUCKET_SIZE		13
	EXTENSION		1729

AREA 1
	ALLOCATION		13
	BEST_TRY_CONTIGUOUS	yes
	BUCKET_SIZE		13
	EXTENSION		13

AREA 2
	ALLOCATION		4764
	BEST_TRY_CONTIGUOUS	yes
	BUCKET_SIZE		3
	EXTENSION		1191

AREA 3
	ALLOCATION		117
	BEST_TRY_CONTIGUOUS	yes
	BUCKET_SIZE		3
	EXTENSION		30

KEY 0
	CHANGES			no
	DATA_AREA		0
	DATA_FILL		100
	DATA_KEY_COMPRESSION	yes
	DATA_RECORD_COMPRESSION	yes
	DUPLICATES		no
	INDEX_AREA		1
	INDEX_COMPRESSION	no
	INDEX_FILL		100
	LEVEL1_INDEX_AREA	1
	PROLOG			3
	SEG0_LENGTH		8
	SEG0_POSITION		0
	TYPE			string

KEY 1
	CHANGES			yes
	DATA_AREA		2
	DATA_FILL		100
	DATA_KEY_COMPRESSION	yes
	DUPLICATES		yes
	INDEX_AREA		3
	INDEX_COMPRESSION	no
	INDEX_FILL		100
	LEVEL1_INDEX_AREA	3
	SEG0_LENGTH		32
	SEG0_POSITION		8
	TYPE			string
%COPY-W-INCOMPAT, SYS$SYSROOT:[SYSMGR.EDF5]T.TMP;1 (input) and SYS$SYSROOT:[SYSMGR.EDF5]S14A.FDL;1 (output) have incompatible attrib
utes
@@ S14 E1.FDL /GRANULARITY=4 00000001
FILE
  CLUSTER_SIZE 1
  ORGANIZATION indexed

ANALYSIS_OF_AREA 0
  RECLAIMED_SPACE 0

ANALYSIS_OF_KEY 0
  DATA_FILL 72
  DATA_KEY_COMPRESSION 49
  DATA_RECORD_COMPRESSION 73
  DATA_RECORD_COUNT 100000
  DATA_SPACE_OCCUPIED 94
  DEPTH 1
  INDEX_COMPRESSION 28
  INDEX_FILL 34
  INDEX_SPACE_OCCUPIED 2
  LEVEL1_RECORD_COUNT 47
  MEAN_DATA_LENGTH 64
  MEAN_INDEX_LENGTH 10
  LONGEST_RECORD_LENGTH 64

ANALYSIS_OF_KEY 1
  DATA_FILL 66
  DATA_KEY_COMPRESSION 0
  DATA_RECORD_COUNT 100000
  DATA_SPACE_OCCUPIED 16
  DEPTH 1
  DUPLICATES_PER_SIDR 9
  INDEX_COMPRESSION 44
  INDEX_FILL 6
  INDEX_SPACE_OCCUPIED 2
  LEVEL1_RECORD_COUNT 8
  MEAN_DATA_LENGTH 106
  MEAN_INDEX_LENGTH 12
@@ S14 output
IDENT	FDL_VERSION 02	" 7-OCT-2026 05:27:42  OpenVMS FDL Editor"

SYSTEM
	SOURCE			"OpenVMS"

FILE
	ORGANIZATION		indexed
	GLBUFF_FLAGS_V83	none

RECORD
	CARRIAGE_CONTROL	carriage_return
	FORMAT			fixed
	SIZE			64

AREA 0
	ALLOCATION		6893
	BEST_TRY_CONTIGUOUS	yes
	BUCKET_SIZE		13
	EXTENSION		1729

AREA 1
	ALLOCATION		13
	BEST_TRY_CONTIGUOUS	yes
	BUCKET_SIZE		13
	EXTENSION		13

AREA 2
	ALLOCATION		4512
	BEST_TRY_CONTIGUOUS	yes
	BUCKET_SIZE		12
	EXTENSION		1128

AREA 3
	ALLOCATION		12
	BEST_TRY_CONTIGUOUS	yes
	BUCKET_SIZE		12
	EXTENSION		12

KEY 0
	CHANGES			no
	DATA_AREA		0
	DATA_FILL		100
	DATA_KEY_COMPRESSION	yes
	DATA_RECORD_COMPRESSION	yes
	DUPLICATES		no
	INDEX_AREA		1
	INDEX_COMPRESSION	no
	INDEX_FILL		100
	LEVEL1_INDEX_AREA	1
	PROLOG			3
	SEG0_LENGTH		8
	SEG0_POSITION		0
	TYPE			string

KEY 1
	CHANGES			yes
	DATA_AREA		2
	DATA_FILL		100
	DATA_KEY_COMPRESSION	yes
	DUPLICATES		yes
	INDEX_AREA		3
	INDEX_COMPRESSION	no
	INDEX_FILL		100
	LEVEL1_INDEX_AREA	3
	SEG0_LENGTH		10
	SEG0_POSITION		8
	TYPE			string
%COPY-W-INCOMPAT, SYS$SYSROOT:[SYSMGR.EDF5]T.TMP;1 (input) and SYS$SYSROOT:[SYSMGR.EDF5]S15A.FDL;1 (output) have incompatible attrib
utes
@@ S15 E1.FDL /GRANULARITY=4 00000001
FILE
  CLUSTER_SIZE 1
  ORGANIZATION indexed

ANALYSIS_OF_AREA 0
  RECLAIMED_SPACE 0

ANALYSIS_OF_KEY 0
  DATA_FILL 72
  DATA_KEY_COMPRESSION 49
  DATA_RECORD_COMPRESSION 73
  DATA_RECORD_COUNT 100000
  DATA_SPACE_OCCUPIED 94
  DEPTH 1
  INDEX_COMPRESSION 28
  INDEX_FILL 34
  INDEX_SPACE_OCCUPIED 2
  LEVEL1_RECORD_COUNT 47
  MEAN_DATA_LENGTH 64
  MEAN_INDEX_LENGTH 10
  LONGEST_RECORD_LENGTH 64

ANALYSIS_OF_KEY 1
  DATA_FILL 66
  DATA_KEY_COMPRESSION 75
  DATA_RECORD_COUNT 100000
  DATA_SPACE_OCCUPIED 16
  DEPTH 1
  DUPLICATES_PER_SIDR 9
  INDEX_COMPRESSION 44
  INDEX_FILL 6
  INDEX_SPACE_OCCUPIED 2
  LEVEL1_RECORD_COUNT 8
  MEAN_DATA_LENGTH 106
  MEAN_INDEX_LENGTH 12
@@ S15 output
IDENT	FDL_VERSION 02	" 7-OCT-2026 05:27:43  OpenVMS FDL Editor"

SYSTEM
	SOURCE			"OpenVMS"

FILE
	ORGANIZATION		indexed
	GLBUFF_FLAGS_V83	none

RECORD
	CARRIAGE_CONTROL	carriage_return
	FORMAT			fixed
	SIZE			64

AREA 0
	ALLOCATION		6893
	BEST_TRY_CONTIGUOUS	yes
	BUCKET_SIZE		13
	EXTENSION		1729

AREA 1
	ALLOCATION		13
	BEST_TRY_CONTIGUOUS	yes
	BUCKET_SIZE		13
	EXTENSION		13

AREA 2
	ALLOCATION		4323
	BEST_TRY_CONTIGUOUS	yes
	BUCKET_SIZE		11
	EXTENSION		1089

AREA 3
	ALLOCATION		11
	BEST_TRY_CONTIGUOUS	yes
	BUCKET_SIZE		11
	EXTENSION		11

KEY 0
	CHANGES			no
	DATA_AREA		0
	DATA_FILL		100
	DATA_KEY_COMPRESSION	yes
	DATA_RECORD_COMPRESSION	yes
	DUPLICATES		no
	INDEX_AREA		1
	INDEX_COMPRESSION	no
	INDEX_FILL		100
	LEVEL1_INDEX_AREA	1
	PROLOG			3
	SEG0_LENGTH		8
	SEG0_POSITION		0
	TYPE			string

KEY 1
	CHANGES			yes
	DATA_AREA		2
	DATA_FILL		100
	DATA_KEY_COMPRESSION	yes
	DUPLICATES		yes
	INDEX_AREA		3
	INDEX_COMPRESSION	no
	INDEX_FILL		100
	LEVEL1_INDEX_AREA	3
	SEG0_LENGTH		10
	SEG0_POSITION		8
	TYPE			string
%COPY-W-INCOMPAT, SYS$SYSROOT:[SYSMGR.EDF5]T.TMP;1 (input) and SYS$SYSROOT:[SYSMGR.EDF5]S16A.FDL;1 (output) have incompatible attrib
utes
@@ S16 E4.FDL /GRANULARITY=4 00000001
FILE
  CLUSTER_SIZE 1
  ORGANIZATION indexed

ANALYSIS_OF_AREA 0
  RECLAIMED_SPACE 0

ANALYSIS_OF_KEY 0
  DATA_FILL 72
  DATA_KEY_COMPRESSION 49
  DATA_RECORD_COMPRESSION 73
  DATA_RECORD_COUNT 100000
  DATA_SPACE_OCCUPIED 94
  DEPTH 1
  INDEX_COMPRESSION 28
  INDEX_FILL 34
  INDEX_SPACE_OCCUPIED 2
  LEVEL1_RECORD_COUNT 47
  MEAN_DATA_LENGTH 64
  MEAN_INDEX_LENGTH 10
  LONGEST_RECORD_LENGTH 64

ANALYSIS_OF_KEY 1
  DATA_FILL 66
  DATA_KEY_COMPRESSION 56
  DATA_RECORD_COUNT 100000
  DATA_SPACE_OCCUPIED 16
  DEPTH 1
  DUPLICATES_PER_SIDR 9
  INDEX_COMPRESSION 44
  INDEX_FILL 6
  INDEX_SPACE_OCCUPIED 2
  LEVEL1_RECORD_COUNT 8
  MEAN_DATA_LENGTH 106
  MEAN_INDEX_LENGTH 12
@@ S16 output
IDENT	FDL_VERSION 02	" 7-OCT-2026 05:27:43  OpenVMS FDL Editor"

SYSTEM
	SOURCE			"OpenVMS"

FILE
	ORGANIZATION		indexed
	GLBUFF_FLAGS_V83	none

RECORD
	CARRIAGE_CONTROL	carriage_return
	FORMAT			fixed
	SIZE			64

AREA 0
	ALLOCATION		6893
	BEST_TRY_CONTIGUOUS	yes
	BUCKET_SIZE		13
	EXTENSION		1729

AREA 1
	ALLOCATION		13
	BEST_TRY_CONTIGUOUS	yes
	BUCKET_SIZE		13
	EXTENSION		13

AREA 2
	ALLOCATION		3540
	BEST_TRY_CONTIGUOUS	yes
	BUCKET_SIZE		10
	EXTENSION		890

AREA 3
	ALLOCATION		10
	BEST_TRY_CONTIGUOUS	yes
	BUCKET_SIZE		10
	EXTENSION		10

KEY 0
	CHANGES			no
	DATA_AREA		0
	DATA_FILL		100
	DATA_KEY_COMPRESSION	yes
	DATA_RECORD_COMPRESSION	yes
	DUPLICATES		no
	INDEX_AREA		1
	INDEX_COMPRESSION	no
	INDEX_FILL		100
	LEVEL1_INDEX_AREA	1
	PROLOG			3
	SEG0_LENGTH		8
	SEG0_POSITION		0
	TYPE			string

KEY 1
	CHANGES			no
	DATA_AREA		2
	DATA_FILL		100
	DATA_KEY_COMPRESSION	yes
	DUPLICATES		no
	INDEX_AREA		3
	INDEX_COMPRESSION	no
	INDEX_FILL		100
	LEVEL1_INDEX_AREA	3
	SEG0_LENGTH		10
	SEG0_POSITION		8
	TYPE			string
%COPY-W-INCOMPAT, SYS$SYSROOT:[SYSMGR.EDF5]T.TMP;1 (input) and SYS$SYSROOT:[SYSMGR.EDF5]S17A.FDL;1 (output) have incompatible attrib
utes
@@ S17 E7.FDL /GRANULARITY=4 00000001
FILE
  CLUSTER_SIZE 1
  ORGANIZATION indexed

ANALYSIS_OF_AREA 0
  RECLAIMED_SPACE 0

ANALYSIS_OF_KEY 0
  DATA_FILL 72
  DATA_KEY_COMPRESSION 49
  DATA_RECORD_COMPRESSION 73
  DATA_RECORD_COUNT 100000
  DATA_SPACE_OCCUPIED 94
  DEPTH 1
  INDEX_COMPRESSION 28
  INDEX_FILL 34
  INDEX_SPACE_OCCUPIED 2
  LEVEL1_RECORD_COUNT 47
  MEAN_DATA_LENGTH 64
  MEAN_INDEX_LENGTH 10
  LONGEST_RECORD_LENGTH 64

ANALYSIS_OF_KEY 1
  DATA_FILL 66
  DATA_KEY_COMPRESSION 56
  DATA_RECORD_COUNT 100000
  DATA_SPACE_OCCUPIED 16
  DEPTH 1
  DUPLICATES_PER_SIDR 0
  INDEX_COMPRESSION 44
  INDEX_FILL 6
  INDEX_SPACE_OCCUPIED 2
  LEVEL1_RECORD_COUNT 8
  MEAN_DATA_LENGTH 106
  MEAN_INDEX_LENGTH 12
@@ S17 output
IDENT	FDL_VERSION 02	" 7-OCT-2026 05:27:43  OpenVMS FDL Editor"

SYSTEM
	SOURCE			"OpenVMS"

FILE
	ORGANIZATION		indexed
	GLBUFF_FLAGS_V83	none

RECORD
	CARRIAGE_CONTROL	carriage_return
	FORMAT			fixed
	SIZE			64

AREA 0
	ALLOCATION		6893
	BEST_TRY_CONTIGUOUS	yes
	BUCKET_SIZE		13
	EXTENSION		1729

AREA 1
	ALLOCATION		13
	BEST_TRY_CONTIGUOUS	yes
	BUCKET_SIZE		13
	EXTENSION		13

AREA 2
	ALLOCATION		5040
	BEST_TRY_CONTIGUOUS	yes
	BUCKET_SIZE		15
	EXTENSION		1260

AREA 3
	ALLOCATION		15
	BEST_TRY_CONTIGUOUS	yes
	BUCKET_SIZE		15
	EXTENSION		15

KEY 0
	CHANGES			no
	DATA_AREA		0
	DATA_FILL		100
	DATA_KEY_COMPRESSION	yes
	DATA_RECORD_COMPRESSION	yes
	DUPLICATES		no
	INDEX_AREA		1
	INDEX_COMPRESSION	no
	INDEX_FILL		100
	LEVEL1_INDEX_AREA	1
	PROLOG			3
	SEG0_LENGTH		8
	SEG0_POSITION		0
	TYPE			string

KEY 1
	CHANGES			yes
	DATA_AREA		2
	DATA_FILL		70
	DATA_KEY_COMPRESSION	yes
	DUPLICATES		yes
	INDEX_AREA		3
	INDEX_COMPRESSION	no
	INDEX_FILL		70
	LEVEL1_INDEX_AREA	3
	SEG0_LENGTH		10
	SEG0_POSITION		8
	TYPE			string
@@ end
$ 