1: [first line] 10
2: [second, with "quotes"] 21
3: [] 0
4: [last] 4
eof 0001827A
search NOTES.TXT;2
search NOTES.TXT;1
search end []
wild NOTES.TXT;2
wild OTHER.DAT;1
latest [version 2]
v1 fifth [appended]
%RMS-E-EOF, end of file detected
past end 0001827A
%DCL-E-OPENIN, error opening DKA200:[T.DCL]NOSUCH.TXT; as input
-RMS-E-FNF, file not found
open missing 10018292
error label 10018292
%DCL-W-UNDFIL, file has not been opened by DCL - check logical name
close unopened 00038188
%DCL-W-UNDFIL, file has not been opened by DCL - check logical name
