@@ CPK 0 495
	DATA_SPACE_OCCUPIED     1
@@ CPK 0 496
	DATA_SPACE_OCCUPIED     1
@@ CPK 0 497
	DATA_SPACE_OCCUPIED     1
@@ CPK 0 498
	DATA_SPACE_OCCUPIED     1
@@ CPK 0 499
	DATA_SPACE_OCCUPIED     1
@@ CPK 0 500
	DATA_SPACE_OCCUPIED     1
@@ CPK 0 501
	DATA_SPACE_OCCUPIED     1
@@ CPK 0 502
	DATA_SPACE_OCCUPIED     1
@@ CPK 0 503
	DATA_SPACE_OCCUPIED     1
@@ CPK 0 504
	DATA_SPACE_OCCUPIED     1
@@ CPK 0 505
	DATA_SPACE_OCCUPIED     1
@@ CPK 0 506
	DATA_SPACE_OCCUPIED     1
@@ CPK 0 507
	DATA_SPACE_OCCUPIED     1
@@ CPK 0 508
	DATA_SPACE_OCCUPIED     1
@@ CPK 0 509
	DATA_SPACE_OCCUPIED     1
@@ CPK 0 510
	DATA_SPACE_OCCUPIED     1
@@ CPK 1 495
	DATA_SPACE_OCCUPIED     1
@@ CPK 1 496
	DATA_SPACE_OCCUPIED     1
@@ CPK 1 497
	DATA_SPACE_OCCUPIED     1
@@ CPK 1 498
	DATA_SPACE_OCCUPIED     1
@@ CPK 1 499
	DATA_SPACE_OCCUPIED     1
@@ CPK 1 500
	DATA_SPACE_OCCUPIED     1
@@ CPK 1 501
	DATA_SPACE_OCCUPIED     1
@@ CPK 1 502
	DATA_SPACE_OCCUPIED     1
@@ CPK 1 503
	DATA_SPACE_OCCUPIED     1
@@ CPK 1 504
	DATA_SPACE_OCCUPIED     1
@@ CPK 1 505
	DATA_SPACE_OCCUPIED     1
@@ CPK 1 506
	DATA_SPACE_OCCUPIED     1
@@ CPK 1 507
	DATA_SPACE_OCCUPIED     1
@@ CPK 1 508
	DATA_SPACE_OCCUPIED     1
@@ CPK 1 509
	DATA_SPACE_OCCUPIED     1
@@ CPK 1 510
	DATA_SPACE_OCCUPIED     1
@@ CPN 0 495
	DATA_SPACE_OCCUPIED     1
@@ CPN 0 496
	DATA_SPACE_OCCUPIED     1
@@ CPN 0 497
	DATA_SPACE_OCCUPIED     1
@@ CPN 0 498
	DATA_SPACE_OCCUPIED     1
@@ CPN 0 499
	DATA_SPACE_OCCUPIED     1
@@ CPN 0 500
	DATA_SPACE_OCCUPIED     1
@@ CPN 0 501
	DATA_SPACE_OCCUPIED     1
@@ CPN 0 502
	DATA_SPACE_OCCUPIED     1
@@ CPN 0 503
	DATA_SPACE_OCCUPIED     1
@@ CPN 0 504
	DATA_SPACE_OCCUPIED     1
@@ CPN 0 505
	DATA_SPACE_OCCUPIED     1
@@ CPN 0 506
	DATA_SPACE_OCCUPIED     1
@@ CPN 0 507
	DATA_SPACE_OCCUPIED     1
@@ CPN 0 508
	DATA_SPACE_OCCUPIED     1
@@ CPN 0 509
	DATA_SPACE_OCCUPIED     1
@@ CPN 0 510
	DATA_SPACE_OCCUPIED     1
@@ CPN 1 495
	DATA_SPACE_OCCUPIED     1
@@ CPN 1 496
	DATA_SPACE_OCCUPIED     1
@@ CPN 1 497
	DATA_SPACE_OCCUPIED     1
@@ CPN 1 498
	DATA_SPACE_OCCUPIED     1
@@ CPN 1 499
	DATA_SPACE_OCCUPIED     1
@@ CPN 1 500
	DATA_SPACE_OCCUPIED     1
@@ CPN 1 501
	DATA_SPACE_OCCUPIED     1
@@ CPN 1 502
	DATA_SPACE_OCCUPIED     1
@@ CPN 1 503
	DATA_SPACE_OCCUPIED     1
@@ CPN 1 504
	DATA_SPACE_OCCUPIED     1
@@ CPN 1 505
	DATA_SPACE_OCCUPIED     1
@@ CPN 1 506
	DATA_SPACE_OCCUPIED     1
@@ CPN 1 507
	DATA_SPACE_OCCUPIED     1
@@ CPN 1 508
	DATA_SPACE_OCCUPIED     1
@@ CPN 1 509
	DATA_SPACE_OCCUPIED     1
@@ CPN 1 510
	DATA_SPACE_OCCUPIED     1
@@ CPKR 0 495
	DATA_SPACE_OCCUPIED     1
@@ CPKR 0 496
	DATA_SPACE_OCCUPIED     1
@@ CPKR 0 497
	DATA_SPACE_OCCUPIED     1
@@ CPKR 0 498
	DATA_SPACE_OCCUPIED     1
@@ CPKR 0 499
	DATA_SPACE_OCCUPIED     1
@@ CPKR 0 500
	DATA_SPACE_OCCUPIED     1
@@ CPKR 0 501
	DATA_SPACE_OCCUPIED     1
@@ CPKR 0 502
	DATA_SPACE_OCCUPIED     1
@@ CPKR 0 503
	DATA_SPACE_OCCUPIED     1
@@ CPKR 0 504
	DATA_SPACE_OCCUPIED     1
@@ CPKR 0 505
	DATA_SPACE_OCCUPIED     1
@@ CPKR 0 506
	DATA_SPACE_OCCUPIED     1
@@ CPKR 0 507
	DATA_SPACE_OCCUPIED     1
@@ CPKR 0 508
	DATA_SPACE_OCCUPIED     1
@@ CPKR 0 509
	DATA_SPACE_OCCUPIED     1
@@ CPKR 0 510
	DATA_SPACE_OCCUPIED     1
@@ CPKR 1 495
	DATA_SPACE_OCCUPIED     1
@@ CPKR 1 496
	DATA_SPACE_OCCUPIED     1
@@ CPKR 1 497
	DATA_SPACE_OCCUPIED     1
@@ CPKR 1 498
	DATA_SPACE_OCCUPIED     1
@@ CPKR 1 499
	DATA_SPACE_OCCUPIED     1
@@ CPKR 1 500
	DATA_SPACE_OCCUPIED     1
@@ CPKR 1 501
	DATA_SPACE_OCCUPIED     1
@@ CPKR 1 502
	DATA_SPACE_OCCUPIED     1
@@ CPKR 1 503
	DATA_SPACE_OCCUPIED     1
@@ CPKR 1 504
	DATA_SPACE_OCCUPIED     1
@@ CPKR 1 505
	DATA_SPACE_OCCUPIED     1
@@ CPKR 1 506
	DATA_SPACE_OCCUPIED     1
@@ CPKR 1 507
	DATA_SPACE_OCCUPIED     1
%SYSTEM-F-ACCVIO, access violation, reason mask=00, virtual address=000000000023A104, PC=000000007FDC5324, PS=0000001B

  Improperly handled condition, image exit forced.
    Signal arguments:   Number = 0000000000000005
                        Name   = 000000000000000C
                                 0000000000000000
                                 000000000023A104
                                 000000007FDC5324
                                 000000000000001B

    Register dump:
    R0  = 000000000023A000  R1  = 0000000000012BA0  R2  = 000000007FD1A8C8
    R3  = 000000007FC718B0  R4  = 0000000000020000  R5  = 000000007FFCF934
    R6  = 0000000000000000  R7  = 000000007FCB4B58  R8  = 000000007FF9CDE8
    R9  = 000000007FC71AA0  R10 = 000000007FC718B0  R11 = 000000007FFCDC18
    R12 = 000000007FFCDA98  R13 = 000000007FD22398  R14 = 0000000000000000
    R15 = 000000007FD1E9F0  R16 = 000000007FC71AA8  R17 = 000000007FC718B0
    R18 = 000000007FC71A98  R19 = 0000000000000000  R20 = 00012BA00000000A
    R21 = 000000000000000A  R22 = 000000007FD1AC20  R23 = 000000007FD1AC20
    R24 = 000000007FC71AA8  R25 = 0000000000000003  R26 = 000000007FDC4784
    R27 = 000000007FD1A8C8  R28 = 000000007FDC4728  R29 = 000000007FC71830
    SP  = 000000007FC71830  PC  = 000000007FDC5324  PS  = 300000000000001B
@@ CPKR 1 508
%SEARCH-W-OPENIN, error opening DKA200:[T.IDXP]P.ANL; as input
-RMS-E-FNF, file not found
%SEARCH-E-NOFILE, no file found
%DELETE-W-SEARCHFAIL, error searching for DKA200:[T.IDXP]P.ANL;*
-RMS-E-FNF, file not found
@@ CPKR 1 509
	DATA_SPACE_OCCUPIED     1
@@ CPKR 1 510
	DATA_SPACE_OCCUPIED     1
