@@ simple
   "VPT_ONE" = "first value" (LNM$PROCESS_TABLE)
   "VPT_ONE" [super] = "first value" (LNM$PROCESS_TABLE)
@@ upcased
%DCL-W-MAXPARM, too many parameters - reenter command with fewer parameters
 \VALUE\
%SHOW-S-NOTRAN, no translation for logical name VPT_UP
@@ assign
   "VPT_ASG" = "assigned" (LNM$PROCESS_TABLE)
@@ supersede
%DCL-I-SUPERSEDE, previous value of VPT_ONE has been superseded
   "VPT_ONE" = "second value" (LNM$PROCESS_TABLE)
@@ nolog
   "VPT_ONE" = "third value" (LNM$PROCESS_TABLE)
@@ chain
   "VPT_THREE" = "VPT_TWO" (LNM$PROCESS_TABLE)
1  "VPT_TWO" = "VPT_ONE" (LNM$PROCESS_TABLE)
2  "VPT_ONE" = "third value" (LNM$PROCESS_TABLE)
   "VPT_THREE" [super] = "VPT_TWO" (LNM$PROCESS_TABLE)
1  "VPT_TWO" [super] = "VPT_ONE" (LNM$PROCESS_TABLE)
2  "VPT_ONE" [super] = "third value" (LNM$PROCESS_TABLE)
@@ search list
   "VPT_LIST" = "alpha" (LNM$PROCESS_TABLE)
	= "Beta"
	= "GAMMA"
   "VPT_LIST" [super] = "alpha" (LNM$PROCESS_TABLE)
	= "Beta"
	= "GAMMA"
@@ search list chain
   "VPT_LISTREF" = "VPT_LIST" (LNM$PROCESS_TABLE)
1  "VPT_LIST" = "alpha" (LNM$PROCESS_TABLE)
	= "Beta"
	= "GAMMA"
@@ terminal
   "VPT_TERM" = "VPT_ONE" (LNM$PROCESS_TABLE)
   "VPT_TERM" [super] = "VPT_ONE" [terminal] (LNM$PROCESS_TABLE)
@@ concealed
   "VPT_CONC" = "DKA200:[T.LNM.]" (LNM$PROCESS_TABLE)
   "VPT_CONC" [super] = "DKA200:[T.LNM.]" [concealed,terminal] (LNM$PROCESS_TABLE)
@@ per value attributes
   "VPT_MIX" [super] = "a" [concealed] (LNM$PROCESS_TABLE)
	= "b"
@@ name attributes
   "VPT_NA" [super,confine,no_alias] = "x" (LNM$PROCESS_TABLE)
@@ modes
   "VPT_EXEC" [exec] = "exec" (LNM$PROCESS_TABLE)
   "VPT_SUP" [super] = "sup" (LNM$PROCESS_TABLE)
@@ job
   "VPT_JOBNAME" = "job value" (LNM$JOB_80CB54C0)
@@ group
   "VPT_GRP" = "group value" (LNM$GROUP_000001)
   "VPT_GRP" [super] = "group value" (LNM$GROUP_000001)
@@ system
   "VPT_SYS" [super] = "system value" (LNM$SYSTEM_TABLE)
@@ shadowed
   "VPT_BOTH" = "in process" (LNM$PROCESS_TABLE)
   "VPT_BOTH" = "in system" (LNM$SYSTEM_TABLE)
in process
in system
@@ wildcard

(LNM$PROCESS_TABLE)

  "VPT_LIST" = "alpha"
	= "Beta"
	= "GAMMA"
  "VPT_LISTREF" = "VPT_LIST"

(LNM$JOB_80CB54C0)

(LNM$GROUP_000001)

(LNM$SYSTEM_TABLE)

(LNM$SYSCLUSTER_TABLE)

(LNM$PROCESS_TABLE)

  "VPT_TERM" = "VPT_ONE"
  "VPT_THREE" = "VPT_TWO"
  "VPT_TWO" = "VPT_ONE"
@@ table

(VPT_TAB)

  "VPT_INTAB" = "in table"
  "VPT_INTAB2" = "also in table"
   "VPT_INTAB" = "in table" (VPT_TAB)
   "VPT_TAB" [super,table] = "" [terminal] (LNM$PROCESS_DIRECTORY)
[]
in table
@@ table search list
in table
third value
VPT_TAB
   "VPT_INTAB" = "in table" (VPT_TAB)
   "VPT_SEARCH" [super] = "VPT_TAB" (LNM$PROCESS_DIRECTORY)
	= "LNM$PROCESS_TABLE"
1  "VPT_TAB" [super,table] = "" [terminal] (LNM$PROCESS_DIRECTORY)
1  "LNM$PROCESS_TABLE" [kernel,no_alias,table] = "" [terminal] (LNM$PROCESS_DIRECTORY)
@@ directories
   "LNM$FILE_DEV" [super] = "LNM$PROCESS" (LNM$SYSTEM_DIRECTORY)
	= "LNM$JOB"
	= "LNM$GROUP"
	= "LNM$SYSTEM"
1  "LNM$SYSTEM" [kernel,no_alias] = "LNM$SYSTEM_TABLE" [terminal] (LNM$SYSTEM_DIRECTORY)
	= "LNM$SYSCLUSTER"
2  "LNM$SYSCLUSTER" [kernel,no_alias] = "LNM$SYSCLUSTER_TABLE" [terminal] (LNM$SYSTEM_DIRECTORY)
   "LNM$DCL_LOGICAL" [super] = "LNM$FILE_DEV" (LNM$SYSTEM_DIRECTORY)
1  "LNM$FILE_DEV" [super] = "LNM$PROCESS" (LNM$SYSTEM_DIRECTORY)
	= "LNM$JOB"
	= "LNM$GROUP"
	= "LNM$SYSTEM"
2  "LNM$SYSTEM" [kernel,no_alias] = "LNM$SYSTEM_TABLE" [terminal] (LNM$SYSTEM_DIRECTORY)
	= "LNM$SYSCLUSTER"
3  "LNM$SYSCLUSTER" [kernel,no_alias] = "LNM$SYSCLUSTER_TABLE" [terminal] (LNM$SYSTEM_DIRECTORY)
   "LNM$PROCESS" [kernel] = "LNM$PROCESS_TABLE" [terminal] (LNM$PROCESS_DIRECTORY)
   "LNM$SYSTEM" [kernel,no_alias] = "LNM$SYSTEM_TABLE" [terminal] (LNM$SYSTEM_DIRECTORY)
	= "LNM$SYSCLUSTER"
1  "LNM$SYSCLUSTER" [kernel,no_alias] = "LNM$SYSCLUSTER_TABLE" [terminal] (LNM$SYSTEM_DIRECTORY)
%SHOW-S-NOTRAN, no translation for logical name LNM$GROUP
   "LNM$PROCESS_TABLE" [kernel,no_alias,table] = "" [terminal] (LNM$PROCESS_DIRECTORY)
   "LNM$SYSTEM_TABLE" [kernel,no_alias,table] = "" [terminal] (LNM$SYSTEM_DIRECTORY)
@@ items
VPT_ONE VALUE [third value]
VPT_ONE LENGTH [11]
VPT_ONE MAX_INDEX [0]
VPT_ONE TABLE [FALSE]
VPT_ONE TABLE_NAME [LNM$PROCESS_TABLE]
VPT_ONE TERMINAL [FALSE]
VPT_ONE CONCEALED [FALSE]
VPT_ONE CONFINE [FALSE]
VPT_ONE NO_ALIAS [FALSE]
VPT_ONE CRELOG [FALSE]
VPT_ONE ACCESS_MODE [SUPERVISOR]
VPT_LIST VALUE [alpha]
VPT_LIST LENGTH [5]
VPT_LIST MAX_INDEX [2]
VPT_LIST TABLE [FALSE]
VPT_LIST TABLE_NAME [LNM$PROCESS_TABLE]
VPT_LIST TERMINAL [FALSE]
VPT_LIST CONCEALED [FALSE]
VPT_LIST CONFINE [FALSE]
VPT_LIST NO_ALIAS [FALSE]
VPT_LIST CRELOG [FALSE]
VPT_LIST ACCESS_MODE [SUPERVISOR]
VPT_TERM VALUE [VPT_ONE]
VPT_TERM LENGTH [7]
VPT_TERM MAX_INDEX [0]
VPT_TERM TABLE [FALSE]
VPT_TERM TABLE_NAME [LNM$PROCESS_TABLE]
VPT_TERM TERMINAL [TRUE]
VPT_TERM CONCEALED [FALSE]
VPT_TERM CONFINE [FALSE]
VPT_TERM NO_ALIAS [FALSE]
VPT_TERM CRELOG [FALSE]
VPT_TERM ACCESS_MODE [SUPERVISOR]
VPT_CONC VALUE [DKA200:[T.LNM.]]
VPT_CONC LENGTH [15]
VPT_CONC MAX_INDEX [0]
VPT_CONC TABLE [FALSE]
VPT_CONC TABLE_NAME [LNM$PROCESS_TABLE]
VPT_CONC TERMINAL [TRUE]
VPT_CONC CONCEALED [TRUE]
VPT_CONC CONFINE [FALSE]
VPT_CONC NO_ALIAS [FALSE]
VPT_CONC CRELOG [FALSE]
VPT_CONC ACCESS_MODE [SUPERVISOR]
VPT_MIX VALUE [a]
VPT_MIX LENGTH [1]
VPT_MIX MAX_INDEX [1]
VPT_MIX TABLE [FALSE]
VPT_MIX TABLE_NAME [LNM$PROCESS_TABLE]
VPT_MIX TERMINAL [FALSE]
VPT_MIX CONCEALED [TRUE]
VPT_MIX CONFINE [FALSE]
VPT_MIX NO_ALIAS [FALSE]
VPT_MIX CRELOG [FALSE]
VPT_MIX ACCESS_MODE [SUPERVISOR]
VPT_NA VALUE [x]
VPT_NA LENGTH [1]
VPT_NA MAX_INDEX [0]
VPT_NA TABLE [FALSE]
VPT_NA TABLE_NAME [LNM$PROCESS_TABLE]
VPT_NA TERMINAL [FALSE]
VPT_NA CONCEALED [FALSE]
VPT_NA CONFINE [TRUE]
VPT_NA NO_ALIAS [TRUE]
VPT_NA CRELOG [FALSE]
VPT_NA ACCESS_MODE [SUPERVISOR]
VPT_EXEC VALUE [exec]
VPT_EXEC LENGTH [4]
VPT_EXEC MAX_INDEX [0]
VPT_EXEC TABLE [FALSE]
VPT_EXEC TABLE_NAME [LNM$PROCESS_TABLE]
VPT_EXEC TERMINAL [FALSE]
VPT_EXEC CONCEALED [FALSE]
VPT_EXEC CONFINE [FALSE]
VPT_EXEC NO_ALIAS [FALSE]
VPT_EXEC CRELOG [FALSE]
VPT_EXEC ACCESS_MODE [EXECUTIVE]
VPT_SYS VALUE [system value]
VPT_SYS LENGTH [12]
VPT_SYS MAX_INDEX [0]
VPT_SYS TABLE [FALSE]
VPT_SYS TABLE_NAME [LNM$SYSTEM_TABLE]
VPT_SYS TERMINAL [FALSE]
VPT_SYS CONCEALED [FALSE]
VPT_SYS CONFINE [FALSE]
VPT_SYS NO_ALIAS [FALSE]
VPT_SYS CRELOG [FALSE]
VPT_SYS ACCESS_MODE [SUPERVISOR]
VPT_INTAB VALUE [in table]
VPT_INTAB LENGTH [8]
VPT_INTAB MAX_INDEX [0]
VPT_INTAB TABLE [FALSE]
VPT_INTAB TABLE_NAME [VPT_TAB]
VPT_INTAB TERMINAL [FALSE]
VPT_INTAB CONCEALED [FALSE]
VPT_INTAB CONFINE [FALSE]
VPT_INTAB NO_ALIAS [FALSE]
VPT_INTAB CRELOG [FALSE]
VPT_INTAB ACCESS_MODE [SUPERVISOR]
VPT_NONE VALUE []
VPT_NONE LENGTH []
VPT_NONE MAX_INDEX []
VPT_NONE TABLE []
VPT_NONE TABLE_NAME []
VPT_NONE TERMINAL []
VPT_NONE CONCEALED []
VPT_NONE CONFINE []
VPT_NONE NO_ALIAS []
VPT_NONE CRELOG []
VPT_NONE ACCESS_MODE []
@@ index
alphaBetaGAMMA[]
FALSE TRUE 1
@@ modes in F$TRNLNM
[] [] []
@@ case
[case sensitive name] [case sensitive name] [case sensitive name]
   "VptMixed" = "case sensitive name" (LNM$PROCESS_TABLE)
@@ undefined
%SHOW-S-NOTRAN, no translation for logical name VPT_NONE
[]
%SYSTEM-F-NOLOGNAM, no logical name match
@@ deassign
[]
[] [in process]

(VPT_TAB)

  "VPT_INTAB" = "in table"
@@ rooted
VPT_ROOT:[SUB]X.Y;
DKA200:[T.LNM.][SUB]X.Y;
VPT_ROOT: [SUB]
VPT_ROOT:[000000]X.Y;

|
VPT_ROOT:[SUB.NOSUCH]X.Y;
DKA200:[T.LNM.][SUB]X.Y;
DKA200:[T.LNM.][SUB]X.Y;
VPT_ROOT:[SUB]X.Y;
VPT_ROOT:[SUB]X.Y;
DKA200:[T.LNM.][SUB]X.Y;
VPT_ROOT:[SUB]Z.DAT;
DKA200:[T.LNM.][SUB]Z.DAT;
DKA200:[T.LNM.SUB]X.Y;
VPT_CDEV:[T.LNM.SUB]X.Y;
  VPT_ROOT:[SUB]
VPT_ROOT:[SUB]
VPT_ROOT:[SUB]X.Y;
  VPT_ROOT:[000000]
@@ end
